Archive member included because of file (symbol)

/usr/lib/gcc/avr/4.6.2/../../../avr/lib/avrxmega2/libprintf_flt.a(vfprintf_flt.o)
                              (vfprintf)
/usr/lib/gcc/avr/4.6.2/../../../avr/lib/avrxmega2/libm.a(addsf3.o)
                              main.o (__subsf3)
/usr/lib/gcc/avr/4.6.2/../../../avr/lib/avrxmega2/libm.a(addsf3x.o)
                              /usr/lib/gcc/avr/4.6.2/../../../avr/lib/avrxmega2/libm.a(addsf3.o) (__addsf3x)
/usr/lib/gcc/avr/4.6.2/../../../avr/lib/avrxmega2/libm.a(atan2.o)
                              main.o (atan2)
/usr/lib/gcc/avr/4.6.2/../../../avr/lib/avrxmega2/libm.a(atan.o)
                              /usr/lib/gcc/avr/4.6.2/../../../avr/lib/avrxmega2/libm.a(atan2.o) (atan)
/usr/lib/gcc/avr/4.6.2/../../../avr/lib/avrxmega2/libm.a(cos.o)
                              main.o (cos)
/usr/lib/gcc/avr/4.6.2/../../../avr/lib/avrxmega2/libm.a(divsf3.o)
                              main.o (__divsf3)
/usr/lib/gcc/avr/4.6.2/../../../avr/lib/avrxmega2/libm.a(divsf3x.o)
                              /usr/lib/gcc/avr/4.6.2/../../../avr/lib/avrxmega2/libm.a(divsf3.o) (__divsf3x)
/usr/lib/gcc/avr/4.6.2/../../../avr/lib/avrxmega2/libm.a(fp_inf.o)
                              /usr/lib/gcc/avr/4.6.2/../../../avr/lib/avrxmega2/libm.a(addsf3x.o) (__fp_inf)
/usr/lib/gcc/avr/4.6.2/../../../avr/lib/avrxmega2/libm.a(fp_nan.o)
                              /usr/lib/gcc/avr/4.6.2/../../../avr/lib/avrxmega2/libm.a(addsf3x.o) (__fp_nan)
/usr/lib/gcc/avr/4.6.2/../../../avr/lib/avrxmega2/libm.a(fp_powser.o)
                              /usr/lib/gcc/avr/4.6.2/../../../avr/lib/avrxmega2/libm.a(atan.o) (__fp_powser)
/usr/lib/gcc/avr/4.6.2/../../../avr/lib/avrxmega2/libm.a(fp_pscA.o)
                              /usr/lib/gcc/avr/4.6.2/../../../avr/lib/avrxmega2/libm.a(addsf3x.o) (__fp_pscA)
/usr/lib/gcc/avr/4.6.2/../../../avr/lib/avrxmega2/libm.a(fp_pscB.o)
                              /usr/lib/gcc/avr/4.6.2/../../../avr/lib/avrxmega2/libm.a(addsf3x.o) (__fp_pscB)
/usr/lib/gcc/avr/4.6.2/../../../avr/lib/avrxmega2/libm.a(fp_rempio2.o)
                              /usr/lib/gcc/avr/4.6.2/../../../avr/lib/avrxmega2/libm.a(cos.o) (__fp_rempio2)
/usr/lib/gcc/avr/4.6.2/../../../avr/lib/avrxmega2/libm.a(fp_round.o)
                              /usr/lib/gcc/avr/4.6.2/../../../avr/lib/avrxmega2/libm.a(addsf3.o) (__fp_round)
/usr/lib/gcc/avr/4.6.2/../../../avr/lib/avrxmega2/libm.a(fp_sinus.o)
                              /usr/lib/gcc/avr/4.6.2/../../../avr/lib/avrxmega2/libm.a(cos.o) (__fp_sinus)
/usr/lib/gcc/avr/4.6.2/../../../avr/lib/avrxmega2/libm.a(fp_split3.o)
                              /usr/lib/gcc/avr/4.6.2/../../../avr/lib/avrxmega2/libm.a(addsf3x.o) (__fp_split3)
/usr/lib/gcc/avr/4.6.2/../../../avr/lib/avrxmega2/libm.a(fp_zero.o)
                              /usr/lib/gcc/avr/4.6.2/../../../avr/lib/avrxmega2/libm.a(addsf3x.o) (__fp_zero)
/usr/lib/gcc/avr/4.6.2/../../../avr/lib/avrxmega2/libm.a(gesf2.o)
                              main.o (__gtsf2)
/usr/lib/gcc/avr/4.6.2/../../../avr/lib/avrxmega2/libm.a(inverse.o)
                              /usr/lib/gcc/avr/4.6.2/../../../avr/lib/avrxmega2/libm.a(atan.o) (inverse)
/usr/lib/gcc/avr/4.6.2/../../../avr/lib/avrxmega2/libm.a(mulsf3.o)
                              main.o (__mulsf3)
/usr/lib/gcc/avr/4.6.2/../../../avr/lib/avrxmega2/libm.a(mulsf3x.o)
                              /usr/lib/gcc/avr/4.6.2/../../../avr/lib/avrxmega2/libm.a(atan.o) (__mulsf3x)
/usr/lib/gcc/avr/4.6.2/../../../avr/lib/avrxmega2/libm.a(sin.o)
                              main.o (sin)
/usr/lib/gcc/avr/4.6.2/../../../avr/lib/avrxmega2/libm.a(sqrt.o)
                              main.o (sqrt)
/usr/lib/gcc/avr/4.6.2/../../../avr/lib/avrxmega2/libm.a(square.o)
                              /usr/lib/gcc/avr/4.6.2/../../../avr/lib/avrxmega2/libm.a(atan.o) (square)
/usr/lib/gcc/avr/4.6.2/../../../avr/lib/avrxmega2/libm.a(fp_cmp.o)
                              /usr/lib/gcc/avr/4.6.2/../../../avr/lib/avrxmega2/libm.a(gesf2.o) (__fp_cmp)
/usr/lib/gcc/avr/4.6.2/../../../avr/lib/avrxmega2/libm.a(fp_mpack.o)
                              /usr/lib/gcc/avr/4.6.2/../../../avr/lib/avrxmega2/libm.a(sqrt.o) (__fp_mpack)
/usr/lib/gcc/avr/4.6.2/../../../avr/lib/avrxmega2/libm.a(fp_norm2.o)
                              /usr/lib/gcc/avr/4.6.2/../../../avr/lib/avrxmega2/libm.a(sqrt.o) (__fp_norm2)
/usr/lib/gcc/avr/4.6.2/../../../avr/lib/avrxmega2/libm.a(fp_powsodd.o)
                              /usr/lib/gcc/avr/4.6.2/../../../avr/lib/avrxmega2/libm.a(fp_sinus.o) (__fp_powsodd)
/usr/lib/gcc/avr/4.6.2/avrxmega2/libgcc.a(_prologue.o)
                              /usr/lib/gcc/avr/4.6.2/../../../avr/lib/avrxmega2/libprintf_flt.a(vfprintf_flt.o) (__prologue_saves__)
/usr/lib/gcc/avr/4.6.2/avrxmega2/libgcc.a(_epilogue.o)
                              /usr/lib/gcc/avr/4.6.2/../../../avr/lib/avrxmega2/libprintf_flt.a(vfprintf_flt.o) (__epilogue_restores__)
[...]
Memory Configuration

Name             Origin             Length             Attributes
text             0x0000000000000000 0x0000000000100000 xr
data             0x0000000000802000 0x000000000000ffa0 rw !x
eeprom           0x0000000000810000 0x0000000000010000 rw !x
fuse             0x0000000000820000 0x0000000000000400 rw !x
lock             0x0000000000830000 0x0000000000000400 rw !x
signature        0x0000000000840000 0x0000000000000400 rw !x
*default*        0x0000000000000000 0xffffffffffffffff

Linker script and memory map

LOAD /usr/lib/gcc/avr/4.6.2/../../../avr/lib/avrxmega2/crtx32a4u.o
LOAD usb/usb_xmega.o
LOAD usb/usb_requests.o
LOAD main.o
LOAD Descriptors.o
LOAD /usr/lib/gcc/avr/4.6.2/../../../avr/lib/avrxmega2/libprintf_flt.a
LOAD /usr/lib/gcc/avr/4.6.2/../../../avr/lib/avrxmega2/libm.a
LOAD /usr/lib/gcc/avr/4.6.2/avrxmega2/libgcc.a
LOAD /usr/lib/gcc/avr/4.6.2/../../../avr/lib/avrxmega2/libc.a
LOAD /usr/lib/gcc/avr/4.6.2/avrxmega2/libgcc.a

.hash
 *(.hash)

.dynsym
 *(.dynsym)

.dynstr
 *(.dynstr)

.gnu.version
 *(.gnu.version)

.gnu.version_d
 *(.gnu.version_d)

.gnu.version_r
 *(.gnu.version_r)

.rel.init
 *(.rel.init)

.rela.init
 *(.rela.init)

.rel.text
 *(.rel.text)
 *(.rel.text.*)
 *(.rel.gnu.linkonce.t*)

.rela.text
 *(.rela.text)
 *(.rela.text.*)
 *(.rela.gnu.linkonce.t*)

.rel.fini
 *(.rel.fini)

.rela.fini
 *(.rela.fini)

.rel.rodata
 *(.rel.rodata)
 *(.rel.rodata.*)
 *(.rel.gnu.linkonce.r*)

.rela.rodata
 *(.rela.rodata)
 *(.rela.rodata.*)
 *(.rela.gnu.linkonce.r*)

.rel.data
 *(.rel.data)
 *(.rel.data.*)
 *(.rel.gnu.linkonce.d*)

.rela.data
 *(.rela.data)
 *(.rela.data.*)
 *(.rela.gnu.linkonce.d*)

.rel.ctors
 *(.rel.ctors)

.rela.ctors
 *(.rela.ctors)

.rel.dtors
 *(.rel.dtors)

.rela.dtors
 *(.rela.dtors)

.rel.got
 *(.rel.got)

.rela.got
 *(.rela.got)

.rel.bss
 *(.rel.bss)

.rela.bss
 *(.rela.bss)

.rel.plt
 *(.rel.plt)

.rela.plt
 *(.rela.plt)

.text           0x0000000000000000     0x4c0c
 *(.vectors)
 .vectors       0x0000000000000000      0x1fc /usr/lib/gcc/avr/4.6.2/../../../avr/lib/avrxmega2/crtx32a4u.o
                0x0000000000000000                __vectors
                0x0000000000000000                __vector_default
 *(.vectors)
 *(.progmem.gcc*)
 .progmem.gcc_fplib
                0x00000000000001fc       0x2d /usr/lib/gcc/avr/4.6.2/../../../avr/lib/avrxmega2/libm.a(atan.o)
 .progmem.gcc_fplib
                0x0000000000000229       0x1e /usr/lib/gcc/avr/4.6.2/../../../avr/lib/avrxmega2/libm.a(fp_sinus.o)
 *(.progmem*)
 .progmem.data  0x0000000000000247       0x16 main.o
                0x0000000000000247                fwversion
                0x0000000000000252                hwversion
 .progmem.data  0x000000000000025d       0x6a Descriptors.o
                0x000000000000025d                XmegaExample_ProductString
                0x0000000000000273                XmegaExample_ManufacturerString
                0x0000000000000291                XmegaExample_LanguageString
                0x0000000000000295                XmegaExample_ConfigurationDescriptor
                0x00000000000002b5                XmegaExample_DeviceDescriptor
 .progmem.data  0x00000000000002c7        0x8 /usr/lib/gcc/avr/4.6.2/../../../avr/lib/avrxmega2/libprintf_flt.a(vfprintf_flt.o)
 .progmem.data  0x00000000000002cf       0xfa /usr/lib/gcc/avr/4.6.2/../../../avr/lib/avrxmega2/libc.a(ftoa_engine.o)
 .progmem.data  0x00000000000003c9       0x3b /usr/lib/gcc/avr/4.6.2/../../../avr/lib/avrxmega2/libc.a(strtod.o)
                0x0000000000000404                . = ALIGN (0x2)
                0x0000000000000404                __trampolines_start = .
 *(.trampolines)
 .trampolines   0x0000000000000404        0x0 linker stubs
 *(.trampolines*)
                0x0000000000000404                __trampolines_end = .
 *(.jumptables)
 *(.jumptables*)
 *(.lowtext)
 *(.lowtext*)
                0x0000000000000404                __ctors_start = .
 *(.ctors)
                0x0000000000000404                __ctors_end = .
                0x0000000000000404                __dtors_start = .
 *(.dtors)
                0x0000000000000404                __dtors_end = .
 SORT(*)(.ctors)
 SORT(*)(.dtors)
 *(.init0)
 .init0         0x0000000000000404        0x0 /usr/lib/gcc/avr/4.6.2/../../../avr/lib/avrxmega2/crtx32a4u.o
                0x0000000000000404                __init
 *(.init0)
 *(.init1)
 *(.init1)
 *(.init2)
 .init2         0x0000000000000404        0xc /usr/lib/gcc/avr/4.6.2/../../../avr/lib/avrxmega2/crtx32a4u.o
 *(.init2)
 *(.init3)
 *(.init3)
 *(.init4)
 .init4         0x0000000000000410       0x16 /usr/lib/gcc/avr/4.6.2/avrxmega2/libgcc.a(_copy_data.o)
                0x0000000000000410                __do_copy_data
 .init4         0x0000000000000426       0x10 /usr/lib/gcc/avr/4.6.2/avrxmega2/libgcc.a(_clear_bss.o)
                0x0000000000000426                __do_clear_bss
 *(.init4)
 *(.init5)
 *(.init5)
 *(.init6)
 *(.init6)
 *(.init7)
 *(.init7)
 *(.init8)
 *(.init8)
 *(.init9)
 .init9         0x0000000000000436        0x8 /usr/lib/gcc/avr/4.6.2/../../../avr/lib/avrxmega2/crtx32a4u.o
 *(.init9)
 *(.text)
 .text          0x000000000000043e        0x2 /usr/lib/gcc/avr/4.6.2/../../../avr/lib/avrxmega2/crtx32a4u.o
                0x000000000000043e                __vector_38
                0x000000000000043e                __vector_104
                0x000000000000043e                __vector_22
                0x000000000000043e                __vector_63
                0x000000000000043e                __vector_28
                0x000000000000043e                __vector_67
                0x000000000000043e                __vector_1
                0x000000000000043e                __vector_119
                0x000000000000043e                __vector_32
                0x000000000000043e                __vector_75
                0x000000000000043e                __vector_71
                0x000000000000043e                __vector_91
                0x000000000000043e                __vector_34
                0x000000000000043e                __vector_62
                0x000000000000043e                __vector_77
                0x000000000000043e                __vector_102
                0x000000000000043e                __vector_24
                0x000000000000043e                __vector_12
                0x000000000000043e                __vector_55
                0x000000000000043e                __vector_69
                0x000000000000043e                __vector_81
                0x000000000000043e                __vector_90
                0x000000000000043e                __vector_46
                0x000000000000043e                __bad_interrupt
                0x000000000000043e                __vector_122
                0x000000000000043e                __vector_72
                0x000000000000043e                __vector_114
                0x000000000000043e                __vector_6
                0x000000000000043e                __vector_110
                0x000000000000043e                __vector_31
                0x000000000000043e                __vector_92
                0x000000000000043e                __vector_35
                0x000000000000043e                __vector_78
                0x000000000000043e                __vector_74
                0x000000000000043e                __vector_117
                0x000000000000043e                __vector_39
                0x000000000000043e                __vector_107
                0x000000000000043e                __vector_3
                0x000000000000043e                __vector_105
                0x000000000000043e                __vector_98
                0x000000000000043e                __vector_23
                0x000000000000043e                __vector_68
                0x000000000000043e                __vector_30
                0x000000000000043e                __vector_73
                0x000000000000043e                __vector_45
                0x000000000000043e                __vector_25
                0x000000000000043e                __vector_93
                0x000000000000043e                __vector_61
                0x000000000000043e                __vector_11
                0x000000000000043e                __vector_54
                0x000000000000043e                __vector_99
                0x000000000000043e                __vector_13
                0x000000000000043e                __vector_17
                0x000000000000043e                __vector_19
                0x000000000000043e                __vector_56
                0x000000000000043e                __vector_7
                0x000000000000043e                __vector_49
                0x000000000000043e                __vector_123
                0x000000000000043e                __vector_41
                0x000000000000043e                __vector_86
                0x000000000000043e                __vector_100
                0x000000000000043e                __vector_101
                0x000000000000043e                __vector_64
                0x000000000000043e                __vector_88
                0x000000000000043e                __vector_109
                0x000000000000043e                __vector_43
                0x000000000000043e                __vector_27
                0x000000000000043e                __vector_5
                0x000000000000043e                __vector_113
                0x000000000000043e                __vector_33
                0x000000000000043e                __vector_76
                0x000000000000043e                __vector_115
                0x000000000000043e                __vector_47
                0x000000000000043e                __vector_52
                0x000000000000043e                __vector_37
                0x000000000000043e                __vector_95
                0x000000000000043e                __vector_103
                0x000000000000043e                __vector_96
                0x000000000000043e                __vector_89
                0x000000000000043e                __vector_108
                0x000000000000043e                __vector_4
                0x000000000000043e                __vector_44
                0x000000000000043e                __vector_82
                0x000000000000043e                __vector_106
                0x000000000000043e                __vector_118
                0x000000000000043e                __vector_51
                0x000000000000043e                __vector_9
                0x000000000000043e                __vector_2
                0x000000000000043e                __vector_21
                0x000000000000043e                __vector_15
                0x000000000000043e                __vector_66
                0x000000000000043e                __vector_36
                0x000000000000043e                __vector_79
                0x000000000000043e                __vector_58
                0x000000000000043e                __vector_70
                0x000000000000043e                __vector_83
                0x000000000000043e                __vector_29
                0x000000000000043e                __vector_60
                0x000000000000043e                __vector_121
                0x000000000000043e                __vector_40
                0x000000000000043e                __vector_85
                0x000000000000043e                __vector_94
                0x000000000000043e                __vector_8
                0x000000000000043e                __vector_26
                0x000000000000043e                __vector_48
                0x000000000000043e                __vector_124
                0x000000000000043e                __vector_116
                0x000000000000043e                __vector_112
                0x000000000000043e                __vector_111
                0x000000000000043e                __vector_80
                0x000000000000043e                __vector_14
                0x000000000000043e                __vector_84
                0x000000000000043e                __vector_57
                0x000000000000043e                __vector_53
                0x000000000000043e                __vector_10
                0x000000000000043e                __vector_50
                0x000000000000043e                __vector_16
                0x000000000000043e                __vector_59
                0x000000000000043e                __vector_18
                0x000000000000043e                __vector_97
                0x000000000000043e                __vector_20
                0x000000000000043e                __vector_42
                0x000000000000043e                __vector_87
                0x000000000000043e                __vector_65
                0x000000000000043e                __vector_120
 .text          0x0000000000000440      0x19e usb/usb_xmega.o
                0x0000000000000440                EVENT_USB_Device_WakeUp
                0x0000000000000440                USB_Event_Stub
                0x0000000000000440                EVENT_USB_Device_Suspend
                0x0000000000000440                EVENT_USB_Device_StartOfFrame
                0x0000000000000440                EVENT_USB_Device_Reset
                0x0000000000000442                USB_Event_Stub_Bool
                0x0000000000000442                EVENT_USB_Device_SetInterface
                0x0000000000000446                USB_Init
                0x00000000000004cc                USB_ResetInterface
                0x000000000000051a                USB_ep0_send_progmem
                0x0000000000000564                USB_ConfigureClock
 .text          0x00000000000005de      0x292 usb/usb_requests.o
                0x00000000000005de                USB_HandleSetup
 .text          0x0000000000000870     0x258e main.o
                0x0000000000000870                EVENT_USB_Device_ConfigurationChanged
                0x00000000000008be                __vector_125
                0x0000000000000946                __vector_126
                0x0000000000000b56                send_string
                0x0000000000000f4e                concat
                0x0000000000000fba                distance
                0x000000000000117a                parse_nmea_string
                0x00000000000012cc                parse_nmea
                0x00000000000020d0                uart_putchar
                0x00000000000020f0                uart_getchar
                0x00000000000020fc                send_uart
                0x0000000000002570                turn_on_gps
                0x000000000000260e                power_off_gps
                0x0000000000002632                gps_init
                0x00000000000026d0                gps_receive
                0x0000000000002772                wake_up_gprs
                0x0000000000002774                gprs_init
                0x0000000000002798                send_message
                0x0000000000002a80                GprsTextModeSMS
                0x0000000000002a88                PowerDownModem
                0x0000000000002a90                SleepModem
                0x0000000000002a98                WakeUpModem
                0x0000000000002aa0                SimpleReceive
                0x0000000000002b8a                EVENT_USB_Device_ControlRequest
                0x0000000000002dd2                EVENT_USB_Device_ControlOUT
 .text          0x0000000000002dfe       0x6c Descriptors.o
                0x0000000000002dfe                CALLBACK_USB_GetDescriptor
                0x0000000000002e6a                . = ALIGN (0x2)
 *(.text.*)
 .text.startup  0x0000000000002e6a      0x646 main.o
                0x0000000000002e6a                main
 .text.avr-libc
                0x00000000000034b0      0x6dc /usr/lib/gcc/avr/4.6.2/../../../avr/lib/avrxmega2/libprintf_flt.a(vfprintf_flt.o)
                0x00000000000034b0                vfprintf
 .text.avr-libc.fplib
                0x0000000000003b8c        0xa /usr/lib/gcc/avr/4.6.2/../../../avr/lib/avrxmega2/libm.a(addsf3.o)
                0x0000000000003b8c                __subsf3
                0x0000000000003b8e                __addsf3
 .text.avr-libc.fplib
                0x0000000000003b96       0xc0 /usr/lib/gcc/avr/4.6.2/../../../avr/lib/avrxmega2/libm.a(addsf3x.o)
                0x0000000000003bb0                __addsf3x
 .text.avr-libc.fplib
                0x0000000000003c56       0x74 /usr/lib/gcc/avr/4.6.2/../../../avr/lib/avrxmega2/libm.a(atan2.o)
                0x0000000000003c74                atan2
 .text.avr-libc.fplib
                0x0000000000003cca       0x50 /usr/lib/gcc/avr/4.6.2/../../../avr/lib/avrxmega2/libm.a(atan.o)
                0x0000000000003cca                atan
 .text.avr-libc.fplib
                0x0000000000003d1a        0x6 /usr/lib/gcc/avr/4.6.2/../../../avr/lib/avrxmega2/libm.a(cos.o)
                0x0000000000003d1a                cos
 .text.avr-libc.fplib
                0x0000000000003d20        0x4 /usr/lib/gcc/avr/4.6.2/../../../avr/lib/avrxmega2/libm.a(divsf3.o)
                0x0000000000003d20                __divsf3
 .text.avr-libc.fplib
                0x0000000000003d24       0xcc /usr/lib/gcc/avr/4.6.2/../../../avr/lib/avrxmega2/libm.a(divsf3x.o)
                0x0000000000003d3a                __divsf3x
                0x0000000000003d3e                __divsf3_pse
 .text.avr-libc.fplib
                0x0000000000003df0        0xc /usr/lib/gcc/avr/4.6.2/../../../avr/lib/avrxmega2/libm.a(fp_inf.o)
                0x0000000000003df0                __fp_inf
 .text.avr-libc.fplib
                0x0000000000003dfc        0x6 /usr/lib/gcc/avr/4.6.2/../../../avr/lib/avrxmega2/libm.a(fp_nan.o)
                0x0000000000003dfc                __fp_nan
 .text.avr-libc.fplib
                0x0000000000003e02       0x4a /usr/lib/gcc/avr/4.6.2/../../../avr/lib/avrxmega2/libm.a(fp_powser.o)
                0x0000000000003e02                __fp_powser
 .text.avr-libc.fplib
                0x0000000000003e4c        0xe /usr/lib/gcc/avr/4.6.2/../../../avr/lib/avrxmega2/libm.a(fp_pscA.o)
                0x0000000000003e4c                __fp_pscA
 .text.avr-libc.fplib
                0x0000000000003e5a        0xe /usr/lib/gcc/avr/4.6.2/../../../avr/lib/avrxmega2/libm.a(fp_pscB.o)
                0x0000000000003e5a                __fp_pscB
 .text.avr-libc.fplib
                0x0000000000003e68       0x50 /usr/lib/gcc/avr/4.6.2/../../../avr/lib/avrxmega2/libm.a(fp_rempio2.o)
                0x0000000000003e6a                __fp_rempio2
 .text.avr-libc.fplib
                0x0000000000003eb8       0x22 /usr/lib/gcc/avr/4.6.2/../../../avr/lib/avrxmega2/libm.a(fp_round.o)
                0x0000000000003eb8                __fp_round
 .text.avr-libc.fplib
                0x0000000000003eda       0x22 /usr/lib/gcc/avr/4.6.2/../../../avr/lib/avrxmega2/libm.a(fp_sinus.o)
                0x0000000000003eda                __fp_sinus
 .text.avr-libc.fplib
                0x0000000000003efc       0x44 /usr/lib/gcc/avr/4.6.2/../../../avr/lib/avrxmega2/libm.a(fp_split3.o)
                0x0000000000003efc                __fp_split3
                0x0000000000003f0c                __fp_splitA
 .text.avr-libc.fplib
                0x0000000000003f40        0xe /usr/lib/gcc/avr/4.6.2/../../../avr/lib/avrxmega2/libm.a(fp_zero.o)
                0x0000000000003f40                __fp_zero
                0x0000000000003f42                __fp_szero
 .text.avr-libc.fplib
                0x0000000000003f4e        0x8 /usr/lib/gcc/avr/4.6.2/../../../avr/lib/avrxmega2/libm.a(gesf2.o)
                0x0000000000003f4e                __gtsf2
                0x0000000000003f4e                __gesf2
 .text.avr-libc.fplib
                0x0000000000003f56        0xe /usr/lib/gcc/avr/4.6.2/../../../avr/lib/avrxmega2/libm.a(inverse.o)
                0x0000000000003f56                inverse
 .text.avr-libc.fplib
                0x0000000000003f64        0x4 /usr/lib/gcc/avr/4.6.2/../../../avr/lib/avrxmega2/libm.a(mulsf3.o)
                0x0000000000003f64                __mulsf3
 .text.avr-libc.fplib
                0x0000000000003f68       0xc2 /usr/lib/gcc/avr/4.6.2/../../../avr/lib/avrxmega2/libm.a(mulsf3x.o)
                0x0000000000003f7c                __mulsf3x
                0x0000000000003f80                __mulsf3_pse
 .text.avr-libc.fplib
                0x000000000000402a        0xc /usr/lib/gcc/avr/4.6.2/../../../avr/lib/avrxmega2/libm.a(sin.o)
                0x000000000000402a                sin
 .text.avr-libc.fplib
                0x0000000000004036       0x84 /usr/lib/gcc/avr/4.6.2/../../../avr/lib/avrxmega2/libm.a(sqrt.o)
                0x000000000000403e                sqrt
 .text.avr-libc.fplib
                0x00000000000040ba        0x6 /usr/lib/gcc/avr/4.6.2/../../../avr/lib/avrxmega2/libm.a(square.o)
                0x00000000000040ba                square
 .text.avr-libc.fplib
                0x00000000000040c0       0x48 /usr/lib/gcc/avr/4.6.2/../../../avr/lib/avrxmega2/libm.a(fp_cmp.o)
                0x00000000000040c0                __fp_cmp
 .text.avr-libc.fplib
                0x0000000000004108       0x1c /usr/lib/gcc/avr/4.6.2/../../../avr/lib/avrxmega2/libm.a(fp_mpack.o)
                0x0000000000004108                __fp_mpack
                0x000000000000410c                __fp_mpack_finite
 .text.avr-libc.fplib
                0x0000000000004124        0xe /usr/lib/gcc/avr/4.6.2/../../../avr/lib/avrxmega2/libm.a(fp_norm2.o)
                0x0000000000004124                __fp_norm2
 .text.avr-libc.fplib
                0x0000000000004132       0x22 /usr/lib/gcc/avr/4.6.2/../../../avr/lib/avrxmega2/libm.a(fp_powsodd.o)
                0x0000000000004132                __fp_powsodd
 .text.libgcc   0x0000000000004154       0x32 /usr/lib/gcc/avr/4.6.2/avrxmega2/libgcc.a(_prologue.o)
                0x0000000000004154                __prologue_saves__
 .text.libgcc   0x0000000000004186       0x30 /usr/lib/gcc/avr/4.6.2/avrxmega2/libgcc.a(_epilogue.o)
                0x0000000000004186                __epilogue_restores__
 .text.avr-libc
                0x00000000000041b6      0x25e /usr/lib/gcc/avr/4.6.2/../../../avr/lib/avrxmega2/libc.a(malloc.o)
                0x00000000000041b6                malloc
                0x00000000000042e2                free
 .text.avr-libc
                0x0000000000004414        0x6 /usr/lib/gcc/avr/4.6.2/../../../avr/lib/avrxmega2/libc.a(atof.o)
                0x0000000000004414                atof
 .text.avr-libc
                0x000000000000441a      0x1b0 /usr/lib/gcc/avr/4.6.2/../../../avr/lib/avrxmega2/libc.a(ftoa_engine.o)
                0x000000000000441a                __ftoa_engine
 .text.avr-libc
                0x00000000000045ca       0x16 /usr/lib/gcc/avr/4.6.2/../../../avr/lib/avrxmega2/libc.a(strnlen_P.o)
                0x00000000000045ca                strnlen_P
 .text.avr-libc
                0x00000000000045e0        0x6 /usr/lib/gcc/avr/4.6.2/../../../avr/lib/avrxmega2/libc.a(strtok.o)
                0x00000000000045e0                strtok
 .text.avr-libc
                0x00000000000045e6       0x16 /usr/lib/gcc/avr/4.6.2/../../../avr/lib/avrxmega2/libc.a(strcat.o)
                0x00000000000045e6                strcat
 .text.avr-libc
                0x00000000000045fc        0xe /usr/lib/gcc/avr/4.6.2/../../../avr/lib/avrxmega2/libc.a(strcpy.o)
                0x00000000000045fc                strcpy
 .text.avr-libc
                0x000000000000460a       0x16 /usr/lib/gcc/avr/4.6.2/../../../avr/lib/avrxmega2/libc.a(strnlen.o)
                0x000000000000460a                strnlen
 .text.avr-libc
                0x0000000000004620       0x4e /usr/lib/gcc/avr/4.6.2/../../../avr/lib/avrxmega2/libc.a(strtok_r.o)
                0x0000000000004620                strtok_r
 .text.avr-libc
                0x000000000000466e       0x58 /usr/lib/gcc/avr/4.6.2/../../../avr/lib/avrxmega2/libc.a(fputc.o)
                0x000000000000466e                fputc
 .text.avr-libc
                0x00000000000046c6       0x40 /usr/lib/gcc/avr/4.6.2/../../../avr/lib/avrxmega2/libc.a(sprintf.o)
                0x00000000000046c6                sprintf
 .text.avr-libc
                0x0000000000004706       0xbc /usr/lib/gcc/avr/4.6.2/../../../avr/lib/avrxmega2/libc.a(ultoa_invert.o)
                0x0000000000004706                __ultoa_invert
 .text.avr-libc
                0x00000000000047c2       0x16 /usr/lib/gcc/avr/4.6.2/../../../avr/lib/avrxmega2/libc.a(eerd_block_atxmega32a4u.o)
                0x00000000000047c2                __eerd_block_x32a4u
 .text.avr-libc
                0x00000000000047d8       0x1e /usr/lib/gcc/avr/4.6.2/../../../avr/lib/avrxmega2/libc.a(eeupd_block_atxmega32a4u.o)
                0x00000000000047d8                __eeupd_block_x32a4u
 .text.avr-libc
                0x00000000000047f6       0x12 /usr/lib/gcc/avr/4.6.2/../../../avr/lib/avrxmega2/libc.a(eeupd_byte_atxmega32a4u.o)
                0x00000000000047f6                __eeupd_byte_x32a4u
                0x00000000000047f8                __eeupd_r18_x32a4u
 .text.avr-libc
                0x0000000000004808       0x46 /usr/lib/gcc/avr/4.6.2/../../../avr/lib/avrxmega2/libc.a(eewr_byte_atxmega32a4u.o)
                0x0000000000004808                __eewr_byte_x32a4u
                0x000000000000480a                __eewr_r18_x32a4u
 .text.avr-libc
                0x000000000000484e       0x20 /usr/lib/gcc/avr/4.6.2/../../../avr/lib/avrxmega2/libc.a(eerd_byte_atxmega32c4.o)
                0x000000000000484e                __eerd_byte_x32c4
                0x0000000000004856                eeprom_mapen
 .text.avr-libc
                0x000000000000486e      0x2c0 /usr/lib/gcc/avr/4.6.2/../../../avr/lib/avrxmega2/libc.a(strtod.o)
                0x000000000000486e                strtod
 .text.avr-libc
                0x0000000000004b2e       0x10 /usr/lib/gcc/avr/4.6.2/../../../avr/lib/avrxmega2/libc.a(isspace.o)
                0x0000000000004b2e                isspace
 .text.avr-libc
                0x0000000000004b3e       0x30 /usr/lib/gcc/avr/4.6.2/../../../avr/lib/avrxmega2/libc.a(strncasecmp_P.o)
                0x0000000000004b3e                strncasecmp_P
 .text.avr-libc
                0x0000000000004b6e       0x12 /usr/lib/gcc/avr/4.6.2/../../../avr/lib/avrxmega2/libc.a(memcpy.o)
                0x0000000000004b6e                memcpy
 .text.avr-libc.fplib
                0x0000000000004b80        0x8 /usr/lib/gcc/avr/4.6.2/../../../avr/lib/avrxmega2/libc.a(cmpsf2.o)
                0x0000000000004b80                __lesf2
                0x0000000000004b80                __nesf2
                0x0000000000004b80                __eqsf2
                0x0000000000004b80                __cmpsf2
                0x0000000000004b80                __ltsf2
 .text.avr-libc.fplib
                0x0000000000004b88       0x7a /usr/lib/gcc/avr/4.6.2/../../../avr/lib/avrxmega2/libc.a(floatsisf.o)
                0x0000000000004b88                __floatunsisf
                0x0000000000004b8c                __floatsisf
 .text.avr-libc
                0x0000000000004c02        0x6 /usr/lib/gcc/avr/4.6.2/../../../avr/lib/avrxmega2/libc.a(cty_isfalse.o)
                0x0000000000004c02                __ctype_isfalse
                0x0000000000004c06                __ctype_istrue
                0x0000000000004c08                . = ALIGN (0x2)
 *(.fini9)
 .fini9         0x0000000000004c08        0x0 /usr/lib/gcc/avr/4.6.2/avrxmega2/libgcc.a(_exit.o)
                0x0000000000004c08                exit
                0x0000000000004c08                _exit
 *(.fini9)
 *(.fini8)
 *(.fini8)
 *(.fini7)
 *(.fini7)
 *(.fini6)
 *(.fini6)
 *(.fini5)
 *(.fini5)
 *(.fini4)
 *(.fini4)
 *(.fini3)
 *(.fini3)
 *(.fini2)
 *(.fini2)
 *(.fini1)
 *(.fini1)
 *(.fini0)
 .fini0         0x0000000000004c08        0x4 /usr/lib/gcc/avr/4.6.2/avrxmega2/libgcc.a(_exit.o)
 *(.fini0)
                0x0000000000004c0c                _etext = .

.data           0x0000000000802000      0x110 load address 0x0000000000004c0c
                0x0000000000802000                PROVIDE (__data_start, .)
 *(.data)
 .data          0x0000000000802000        0x0 /usr/lib/gcc/avr/4.6.2/../../../avr/lib/avrxmega2/crtx32a4u.o
 .data          0x0000000000802000       0x30 usb/usb_xmega.o
                0x0000000000802000                endpoints
 .data          0x0000000000802030        0x0 usb/usb_requests.o
 .data          0x0000000000802030       0xda main.o
                0x00000000008020f7                twilio_number
                0x00000000008020f9                max_dist
                0x00000000008020fd                lng
                0x0000000000802101                lat
                0x0000000000802105                ep_in_pipe_data
 .data          0x000000000080210a        0x0 Descriptors.o
 .data          0x000000000080210a        0x0 /usr/lib/gcc/avr/4.6.2/../../../avr/lib/avrxmega2/libprintf_flt.a(vfprintf_flt.o)
 .data          0x000000000080210a        0x0 /usr/lib/gcc/avr/4.6.2/../../../avr/lib/avrxmega2/libm.a(addsf3.o)
 .data          0x000000000080210a        0x0 /usr/lib/gcc/avr/4.6.2/../../../avr/lib/avrxmega2/libm.a(addsf3x.o)
 .data          0x000000000080210a        0x0 /usr/lib/gcc/avr/4.6.2/../../../avr/lib/avrxmega2/libm.a(atan2.o)
 .data          0x000000000080210a        0x0 /usr/lib/gcc/avr/4.6.2/../../../avr/lib/avrxmega2/libm.a(atan.o)
 .data          0x000000000080210a        0x0 /usr/lib/gcc/avr/4.6.2/../../../avr/lib/avrxmega2/libm.a(cos.o)
 .data          0x000000000080210a        0x0 /usr/lib/gcc/avr/4.6.2/../../../avr/lib/avrxmega2/libm.a(divsf3.o)
 .data          0x000000000080210a        0x0 /usr/lib/gcc/avr/4.6.2/../../../avr/lib/avrxmega2/libm.a(divsf3x.o)
 .data          0x000000000080210a        0x0 /usr/lib/gcc/avr/4.6.2/../../../avr/lib/avrxmega2/libm.a(fp_inf.o)
 .data          0x000000000080210a        0x0 /usr/lib/gcc/avr/4.6.2/../../../avr/lib/avrxmega2/libm.a(fp_nan.o)
 .data          0x000000000080210a        0x0 /usr/lib/gcc/avr/4.6.2/../../../avr/lib/avrxmega2/libm.a(fp_powser.o)
 .data          0x000000000080210a        0x0 /usr/lib/gcc/avr/4.6.2/../../../avr/lib/avrxmega2/libm.a(fp_pscA.o)
 .data          0x000000000080210a        0x0 /usr/lib/gcc/avr/4.6.2/../../../avr/lib/avrxmega2/libm.a(fp_pscB.o)
 .data          0x000000000080210a        0x0 /usr/lib/gcc/avr/4.6.2/../../../avr/lib/avrxmega2/libm.a(fp_rempio2.o)
 .data          0x000000000080210a        0x0 /usr/lib/gcc/avr/4.6.2/../../../avr/lib/avrxmega2/libm.a(fp_round.o)
 .data          0x000000000080210a        0x0 /usr/lib/gcc/avr/4.6.2/../../../avr/lib/avrxmega2/libm.a(fp_sinus.o)
 .data          0x000000000080210a        0x0 /usr/lib/gcc/avr/4.6.2/../../../avr/lib/avrxmega2/libm.a(fp_split3.o)
 .data          0x000000000080210a        0x0 /usr/lib/gcc/avr/4.6.2/../../../avr/lib/avrxmega2/libm.a(fp_zero.o)
 .data          0x000000000080210a        0x0 /usr/lib/gcc/avr/4.6.2/../../../avr/lib/avrxmega2/libm.a(gesf2.o)
 .data          0x000000000080210a        0x0 /usr/lib/gcc/avr/4.6.2/../../../avr/lib/avrxmega2/libm.a(inverse.o)
 .data          0x000000000080210a        0x0 /usr/lib/gcc/avr/4.6.2/../../../avr/lib/avrxmega2/libm.a(mulsf3.o)
 .data          0x000000000080210a        0x0 /usr/lib/gcc/avr/4.6.2/../../../avr/lib/avrxmega2/libm.a(mulsf3x.o)
 .data          0x000000000080210a        0x0 /usr/lib/gcc/avr/4.6.2/../../../avr/lib/avrxmega2/libm.a(sin.o)
 .data          0x000000000080210a        0x0 /usr/lib/gcc/avr/4.6.2/../../../avr/lib/avrxmega2/libm.a(sqrt.o)
 .data          0x000000000080210a        0x0 /usr/lib/gcc/avr/4.6.2/../../../avr/lib/avrxmega2/libm.a(square.o)
 .data          0x000000000080210a        0x0 /usr/lib/gcc/avr/4.6.2/../../../avr/lib/avrxmega2/libm.a(fp_cmp.o)
 .data          0x000000000080210a        0x0 /usr/lib/gcc/avr/4.6.2/../../../avr/lib/avrxmega2/libm.a(fp_mpack.o)
 .data          0x000000000080210a        0x0 /usr/lib/gcc/avr/4.6.2/../../../avr/lib/avrxmega2/libm.a(fp_norm2.o)
 .data          0x000000000080210a        0x0 /usr/lib/gcc/avr/4.6.2/../../../avr/lib/avrxmega2/libm.a(fp_powsodd.o)
 .data          0x000000000080210a        0x0 /usr/lib/gcc/avr/4.6.2/avrxmega2/libgcc.a(_prologue.o)
 .data          0x000000000080210a        0x0 /usr/lib/gcc/avr/4.6.2/avrxmega2/libgcc.a(_epilogue.o)
 .data          0x000000000080210a        0x0 /usr/lib/gcc/avr/4.6.2/avrxmega2/libgcc.a(_exit.o)
 .data          0x000000000080210a        0x0 /usr/lib/gcc/avr/4.6.2/avrxmega2/libgcc.a(_copy_data.o)
 .data          0x000000000080210a        0x0 /usr/lib/gcc/avr/4.6.2/avrxmega2/libgcc.a(_clear_bss.o)
 .data          0x000000000080210a        0x6 /usr/lib/gcc/avr/4.6.2/../../../avr/lib/avrxmega2/libc.a(malloc.o)
                0x000000000080210a                __malloc_heap_end
                0x000000000080210c                __malloc_heap_start
                0x000000000080210e                __malloc_margin
 .data          0x0000000000802110        0x0 /usr/lib/gcc/avr/4.6.2/../../../avr/lib/avrxmega2/libc.a(atof.o)
 .data          0x0000000000802110        0x0 /usr/lib/gcc/avr/4.6.2/../../../avr/lib/avrxmega2/libc.a(ftoa_engine.o)
 .data          0x0000000000802110        0x0 /usr/lib/gcc/avr/4.6.2/../../../avr/lib/avrxmega2/libc.a(strnlen_P.o)
 .data          0x0000000000802110        0x0 /usr/lib/gcc/avr/4.6.2/../../../avr/lib/avrxmega2/libc.a(strtok.o)
 .data          0x0000000000802110        0x0 /usr/lib/gcc/avr/4.6.2/../../../avr/lib/avrxmega2/libc.a(strcat.o)
 .data          0x0000000000802110        0x0 /usr/lib/gcc/avr/4.6.2/../../../avr/lib/avrxmega2/libc.a(strcpy.o)
 .data          0x0000000000802110        0x0 /usr/lib/gcc/avr/4.6.2/../../../avr/lib/avrxmega2/libc.a(strnlen.o)
 .data          0x0000000000802110        0x0 /usr/lib/gcc/avr/4.6.2/../../../avr/lib/avrxmega2/libc.a(strtok_r.o)
 .data          0x0000000000802110        0x0 /usr/lib/gcc/avr/4.6.2/../../../avr/lib/avrxmega2/libc.a(fputc.o)
 .data          0x0000000000802110        0x0 /usr/lib/gcc/avr/4.6.2/../../../avr/lib/avrxmega2/libc.a(sprintf.o)
 .data          0x0000000000802110        0x0 /usr/lib/gcc/avr/4.6.2/../../../avr/lib/avrxmega2/libc.a(ultoa_invert.o)
 .data          0x0000000000802110        0x0 /usr/lib/gcc/avr/4.6.2/../../../avr/lib/avrxmega2/libc.a(eerd_block_atxmega32a4u.o)
 .data          0x0000000000802110        0x0 /usr/lib/gcc/avr/4.6.2/../../../avr/lib/avrxmega2/libc.a(eeupd_block_atxmega32a4u.o)
 .data          0x0000000000802110        0x0 /usr/lib/gcc/avr/4.6.2/../../../avr/lib/avrxmega2/libc.a(eeupd_byte_atxmega32a4u.o)
 .data          0x0000000000802110        0x0 /usr/lib/gcc/avr/4.6.2/../../../avr/lib/avrxmega2/libc.a(eewr_byte_atxmega32a4u.o)
 .data          0x0000000000802110        0x0 /usr/lib/gcc/avr/4.6.2/../../../avr/lib/avrxmega2/libc.a(eerd_byte_atxmega32c4.o)
 .data          0x0000000000802110        0x0 /usr/lib/gcc/avr/4.6.2/../../../avr/lib/avrxmega2/libc.a(strtod.o)
 .data          0x0000000000802110        0x0 /usr/lib/gcc/avr/4.6.2/../../../avr/lib/avrxmega2/libc.a(isspace.o)
 .data          0x0000000000802110        0x0 /usr/lib/gcc/avr/4.6.2/../../../avr/lib/avrxmega2/libc.a(strncasecmp_P.o)
 .data          0x0000000000802110        0x0 /usr/lib/gcc/avr/4.6.2/../../../avr/lib/avrxmega2/libc.a(memcpy.o)
 .data          0x0000000000802110        0x0 /usr/lib/gcc/avr/4.6.2/../../../avr/lib/avrxmega2/libc.a(cmpsf2.o)
 .data          0x0000000000802110        0x0 /usr/lib/gcc/avr/4.6.2/../../../avr/lib/avrxmega2/libc.a(floatsisf.o)
 .data          0x0000000000802110        0x0 /usr/lib/gcc/avr/4.6.2/../../../avr/lib/avrxmega2/libc.a(errno.o)
 .data          0x0000000000802110        0x0 /usr/lib/gcc/avr/4.6.2/../../../avr/lib/avrxmega2/libc.a(cty_isfalse.o)
 *(.data*)
 *(.rodata)
 *(.rodata*)
 *(.gnu.linkonce.d*)
                0x0000000000802110                . = ALIGN (0x2)
                0x0000000000802110                _edata = .
                0x0000000000802110                PROVIDE (__data_end, .)

.bss            0x0000000000802110      0x297
                0x0000000000802110                PROVIDE (__bss_start, .)
 *(.bss)
 .bss           0x0000000000802110        0x9 main.o
                0x0000000000802110                cmd_data
                0x0000000000802111                usb_cmd
                0x0000000000802112                updating
                0x0000000000802113                debug
                0x0000000000802114                timeout_or_sampling_no_longer_enabled
                0x0000000000802115                ep_in_data
 .bss           0x0000000000802119        0x2 /usr/lib/gcc/avr/4.6.2/../../../avr/lib/avrxmega2/libc.a(strtok.o)
 *(.bss*)
 *(COMMON)
 COMMON         0x000000000080211b       0x82 usb/usb_xmega.o
                0x000000000080211b                ep0_buf_in
                0x000000000080215b                USB_DeviceState
                0x000000000080215c                USB_Device_ConfigurationNumber
                0x000000000080215d                ep0_buf_out
 COMMON         0x000000000080219d      0x204 main.o
                0x000000000080219d                ep_in_pipe_buffer
                0x000000000080239d                message
                0x000000000080239f                count
 COMMON         0x00000000008023a1        0x4 /usr/lib/gcc/avr/4.6.2/../../../avr/lib/avrxmega2/libc.a(malloc.o)
                0x00000000008023a1                __brkval
                0x00000000008023a3                __flp
 COMMON         0x00000000008023a5        0x2 /usr/lib/gcc/avr/4.6.2/../../../avr/lib/avrxmega2/libc.a(errno.o)
                0x00000000008023a5                errno
                0x00000000008023a7                PROVIDE (__bss_end, .)
                0x0000000000004c0c                __data_load_start = LOADADDR (.data)
                0x0000000000004d1c                __data_load_end = (__data_load_start + SIZEOF (.data))

.noinit         0x00000000008023a7        0x0
                0x00000000008023a7                PROVIDE (__noinit_start, .)
 *(.noinit*)
                0x00000000008023a7                PROVIDE (__noinit_end, .)
                0x00000000008023a7                _end = .
                0x00000000008023a7                PROVIDE (__heap_start, .)

.eeprom         0x0000000000810000        0x0
 *(.eeprom*)
                0x0000000000810000                __eeprom_end = .

.fuse
 *(.fuse)
 *(.lfuse)
 *(.hfuse)
 *(.efuse)

.lock
 *(.lock*)

.signature
 *(.signature*)

.stab           0x0000000000000000     0x4e0c
 *(.stab)
 .stab          0x0000000000000000      0x6cc /usr/lib/gcc/avr/4.6.2/../../../avr/lib/avrxmega2/crtx32a4u.o
 .stab          0x00000000000006cc       0x78 /usr/lib/gcc/avr/4.6.2/../../../avr/lib/avrxmega2/libm.a(addsf3.o)
                                         0x84 (size before relaxing)
 .stab          0x0000000000000744      0x4bc /usr/lib/gcc/avr/4.6.2/../../../avr/lib/avrxmega2/libm.a(addsf3x.o)
                                        0x4c8 (size before relaxing)
 .stab          0x0000000000000c00      0x2f4 /usr/lib/gcc/avr/4.6.2/../../../avr/lib/avrxmega2/libm.a(atan2.o)
                                        0x300 (size before relaxing)
 .stab          0x0000000000000ef4      0x210 /usr/lib/gcc/avr/4.6.2/../../../avr/lib/avrxmega2/libm.a(atan.o)
                                        0x21c (size before relaxing)
 .stab          0x0000000000001104       0x54 /usr/lib/gcc/avr/4.6.2/../../../avr/lib/avrxmega2/libm.a(cos.o)
                                         0x60 (size before relaxing)
 .stab          0x0000000000001158       0x48 /usr/lib/gcc/avr/4.6.2/../../../avr/lib/avrxmega2/libm.a(divsf3.o)
                                         0x54 (size before relaxing)
 .stab          0x00000000000011a0      0x510 /usr/lib/gcc/avr/4.6.2/../../../avr/lib/avrxmega2/libm.a(divsf3x.o)
                                        0x51c (size before relaxing)
 .stab          0x00000000000016b0       0x78 /usr/lib/gcc/avr/4.6.2/../../../avr/lib/avrxmega2/libm.a(fp_inf.o)
                                         0x84 (size before relaxing)
 .stab          0x0000000000001728       0x54 /usr/lib/gcc/avr/4.6.2/../../../avr/lib/avrxmega2/libm.a(fp_nan.o)
                                         0x60 (size before relaxing)
 .stab          0x000000000000177c      0x1ec /usr/lib/gcc/avr/4.6.2/../../../avr/lib/avrxmega2/libm.a(fp_powser.o)
                                        0x1f8 (size before relaxing)
 .stab          0x0000000000001968       0x84 /usr/lib/gcc/avr/4.6.2/../../../avr/lib/avrxmega2/libm.a(fp_pscA.o)
                                         0x90 (size before relaxing)
 .stab          0x00000000000019ec       0x84 /usr/lib/gcc/avr/4.6.2/../../../avr/lib/avrxmega2/libm.a(fp_pscB.o)
                                         0x90 (size before relaxing)
 .stab          0x0000000000001a70      0x21c /usr/lib/gcc/avr/4.6.2/../../../avr/lib/avrxmega2/libm.a(fp_rempio2.o)
                                        0x228 (size before relaxing)
 .stab          0x0000000000001c8c       0xfc /usr/lib/gcc/avr/4.6.2/../../../avr/lib/avrxmega2/libm.a(fp_round.o)
                                        0x108 (size before relaxing)
 .stab          0x0000000000001d88       0xfc /usr/lib/gcc/avr/4.6.2/../../../avr/lib/avrxmega2/libm.a(fp_sinus.o)
                                        0x108 (size before relaxing)
 .stab          0x0000000000001e84      0x1d4 /usr/lib/gcc/avr/4.6.2/../../../avr/lib/avrxmega2/libm.a(fp_split3.o)
                                        0x1e0 (size before relaxing)
 .stab          0x0000000000002058       0x90 /usr/lib/gcc/avr/4.6.2/../../../avr/lib/avrxmega2/libm.a(fp_zero.o)
                                         0x9c (size before relaxing)
 .stab          0x00000000000020e8       0x6c /usr/lib/gcc/avr/4.6.2/../../../avr/lib/avrxmega2/libm.a(gesf2.o)
                                         0x78 (size before relaxing)
 .stab          0x0000000000002154       0x84 /usr/lib/gcc/avr/4.6.2/../../../avr/lib/avrxmega2/libm.a(inverse.o)
                                         0x90 (size before relaxing)
 .stab          0x00000000000021d8       0x48 /usr/lib/gcc/avr/4.6.2/../../../avr/lib/avrxmega2/libm.a(mulsf3.o)
                                         0x54 (size before relaxing)
 .stab          0x0000000000002220      0x4d4 /usr/lib/gcc/avr/4.6.2/../../../avr/lib/avrxmega2/libm.a(mulsf3x.o)
                                        0x4e0 (size before relaxing)
 .stab          0x00000000000026f4       0x78 /usr/lib/gcc/avr/4.6.2/../../../avr/lib/avrxmega2/libm.a(sin.o)
                                         0x84 (size before relaxing)
 .stab          0x000000000000276c      0x354 /usr/lib/gcc/avr/4.6.2/../../../avr/lib/avrxmega2/libm.a(sqrt.o)
                                        0x360 (size before relaxing)
 .stab          0x0000000000002ac0       0x54 /usr/lib/gcc/avr/4.6.2/../../../avr/lib/avrxmega2/libm.a(square.o)
                                         0x60 (size before relaxing)
 .stab          0x0000000000002b14      0x1e0 /usr/lib/gcc/avr/4.6.2/../../../avr/lib/avrxmega2/libm.a(fp_cmp.o)
                                        0x1ec (size before relaxing)
 .stab          0x0000000000002cf4       0xe4 /usr/lib/gcc/avr/4.6.2/../../../avr/lib/avrxmega2/libm.a(fp_mpack.o)
                                         0xf0 (size before relaxing)
 .stab          0x0000000000002dd8       0x84 /usr/lib/gcc/avr/4.6.2/../../../avr/lib/avrxmega2/libm.a(fp_norm2.o)
                                         0x90 (size before relaxing)
 .stab          0x0000000000002e5c       0xfc /usr/lib/gcc/avr/4.6.2/../../../avr/lib/avrxmega2/libm.a(fp_powsodd.o)
                                        0x108 (size before relaxing)
 .stab          0x0000000000002f58       0x3c /usr/lib/gcc/avr/4.6.2/../../../avr/lib/avrxmega2/libc.a(atof.o)
                                         0x48 (size before relaxing)
 .stab          0x0000000000002f94      0xa38 /usr/lib/gcc/avr/4.6.2/../../../avr/lib/avrxmega2/libc.a(ftoa_engine.o)
                                        0xa44 (size before relaxing)
 .stab          0x00000000000039cc       0x9c /usr/lib/gcc/avr/4.6.2/../../../avr/lib/avrxmega2/libc.a(strnlen_P.o)
                                         0xa8 (size before relaxing)
 .stab          0x0000000000003a68       0x9c /usr/lib/gcc/avr/4.6.2/../../../avr/lib/avrxmega2/libc.a(strcat.o)
                                         0xa8 (size before relaxing)
 .stab          0x0000000000003b04       0x6c /usr/lib/gcc/avr/4.6.2/../../../avr/lib/avrxmega2/libc.a(strcpy.o)
                                         0x78 (size before relaxing)
 .stab          0x0000000000003b70       0x9c /usr/lib/gcc/avr/4.6.2/../../../avr/lib/avrxmega2/libc.a(strnlen.o)
                                         0xa8 (size before relaxing)
 .stab          0x0000000000003c0c      0x204 /usr/lib/gcc/avr/4.6.2/../../../avr/lib/avrxmega2/libc.a(strtok_r.o)
                                        0x210 (size before relaxing)
 .stab          0x0000000000003e10      0x480 /usr/lib/gcc/avr/4.6.2/../../../avr/lib/avrxmega2/libc.a(ultoa_invert.o)
                                        0x48c (size before relaxing)
 .stab          0x0000000000004290       0xb4 /usr/lib/gcc/avr/4.6.2/../../../avr/lib/avrxmega2/libc.a(eerd_block_atxmega32a4u.o)
                                         0xc0 (size before relaxing)
 .stab          0x0000000000004344       0xe4 /usr/lib/gcc/avr/4.6.2/../../../avr/lib/avrxmega2/libc.a(eeupd_block_atxmega32a4u.o)
                                         0xf0 (size before relaxing)
 .stab          0x0000000000004428       0xa8 /usr/lib/gcc/avr/4.6.2/../../../avr/lib/avrxmega2/libc.a(eeupd_byte_atxmega32a4u.o)
                                         0xb4 (size before relaxing)
 .stab          0x00000000000044d0      0x1e0 /usr/lib/gcc/avr/4.6.2/../../../avr/lib/avrxmega2/libc.a(eewr_byte_atxmega32a4u.o)
                                        0x1ec (size before relaxing)
 .stab          0x00000000000046b0       0xfc /usr/lib/gcc/avr/4.6.2/../../../avr/lib/avrxmega2/libc.a(eerd_byte_atxmega32c4.o)
                                        0x108 (size before relaxing)
 .stab          0x00000000000047ac       0x9c /usr/lib/gcc/avr/4.6.2/../../../avr/lib/avrxmega2/libc.a(isspace.o)
                                         0xa8 (size before relaxing)
 .stab          0x0000000000004848      0x138 /usr/lib/gcc/avr/4.6.2/../../../avr/lib/avrxmega2/libc.a(strncasecmp_P.o)
                                        0x144 (size before relaxing)
 .stab          0x0000000000004980       0x84 /usr/lib/gcc/avr/4.6.2/../../../avr/lib/avrxmega2/libc.a(memcpy.o)
                                         0x90 (size before relaxing)
 .stab          0x0000000000004a04       0x90 /usr/lib/gcc/avr/4.6.2/../../../avr/lib/avrxmega2/libc.a(cmpsf2.o)
                                         0x9c (size before relaxing)
 .stab          0x0000000000004a94      0x318 /usr/lib/gcc/avr/4.6.2/../../../avr/lib/avrxmega2/libc.a(floatsisf.o)
                                        0x324 (size before relaxing)
 .stab          0x0000000000004dac       0x60 /usr/lib/gcc/avr/4.6.2/../../../avr/lib/avrxmega2/libc.a(cty_isfalse.o)
                                         0x6c (size before relaxing)

.stabstr        0x0000000000000000      0x96a
 *(.stabstr)
 .stabstr       0x0000000000000000      0x96a /usr/lib/gcc/avr/4.6.2/../../../avr/lib/avrxmega2/crtx32a4u.o

.stab.excl
 *(.stab.excl)

.stab.exclstr
 *(.stab.exclstr)

.stab.index
 *(.stab.index)

.stab.indexstr
 *(.stab.indexstr)

.comment
 *(.comment)

.debug
 *(.debug)

.line
 *(.line)

.debug_srcinfo
 *(.debug_srcinfo)

.debug_sfnames
 *(.debug_sfnames)

.debug_aranges  0x0000000000000000      0x1f0
 *(.debug_aranges)
 .debug_aranges
                0x0000000000000000       0x20 usb/usb_xmega.o
 .debug_aranges
                0x0000000000000020       0x20 usb/usb_requests.o
 .debug_aranges
                0x0000000000000040       0x28 main.o
 .debug_aranges
                0x0000000000000068       0x20 Descriptors.o
 .debug_aranges
                0x0000000000000088       0x20 /usr/lib/gcc/avr/4.6.2/../../../avr/lib/avrxmega2/libprintf_flt.a(vfprintf_flt.o)
 .debug_aranges
                0x00000000000000a8       0x20 /usr/lib/gcc/avr/4.6.2/avrxmega2/libgcc.a(_prologue.o)
 .debug_aranges
                0x00000000000000c8       0x20 /usr/lib/gcc/avr/4.6.2/avrxmega2/libgcc.a(_epilogue.o)
 .debug_aranges
                0x00000000000000e8       0x20 /usr/lib/gcc/avr/4.6.2/avrxmega2/libgcc.a(_exit.o)
 .debug_aranges
                0x0000000000000108       0x20 /usr/lib/gcc/avr/4.6.2/avrxmega2/libgcc.a(_copy_data.o)
 .debug_aranges
                0x0000000000000128       0x20 /usr/lib/gcc/avr/4.6.2/avrxmega2/libgcc.a(_clear_bss.o)
 .debug_aranges
                0x0000000000000148       0x28 /usr/lib/gcc/avr/4.6.2/../../../avr/lib/avrxmega2/libc.a(malloc.o)
 .debug_aranges
                0x0000000000000170       0x20 /usr/lib/gcc/avr/4.6.2/../../../avr/lib/avrxmega2/libc.a(strtok.o)
 .debug_aranges
                0x0000000000000190       0x20 /usr/lib/gcc/avr/4.6.2/../../../avr/lib/avrxmega2/libc.a(fputc.o)
 .debug_aranges
                0x00000000000001b0       0x20 /usr/lib/gcc/avr/4.6.2/../../../avr/lib/avrxmega2/libc.a(sprintf.o)
 .debug_aranges
                0x00000000000001d0       0x20 /usr/lib/gcc/avr/4.6.2/../../../avr/lib/avrxmega2/libc.a(strtod.o)

.debug_pubnames
 *(.debug_pubnames)

.debug_info     0x0000000000000000     0x99f1
 *(.debug_info)
 .debug_info    0x0000000000000000      0xde8 usb/usb_xmega.o
 .debug_info    0x0000000000000de8     0x1228 usb/usb_requests.o
 .debug_info    0x0000000000002010     0x61b5 main.o
 .debug_info    0x00000000000081c5      0x7e1 Descriptors.o
 .debug_info    0x00000000000089a6      0x3df /usr/lib/gcc/avr/4.6.2/../../../avr/lib/avrxmega2/libprintf_flt.a(vfprintf_flt.o)
 .debug_info    0x0000000000008d85       0x9b /usr/lib/gcc/avr/4.6.2/avrxmega2/libgcc.a(_prologue.o)
 .debug_info    0x0000000000008e20       0x9b /usr/lib/gcc/avr/4.6.2/avrxmega2/libgcc.a(_epilogue.o)
 .debug_info    0x0000000000008ebb       0x9b /usr/lib/gcc/avr/4.6.2/avrxmega2/libgcc.a(_exit.o)
 .debug_info    0x0000000000008f56       0x9b /usr/lib/gcc/avr/4.6.2/avrxmega2/libgcc.a(_copy_data.o)
 .debug_info    0x0000000000008ff1       0x9b /usr/lib/gcc/avr/4.6.2/avrxmega2/libgcc.a(_clear_bss.o)
 .debug_info    0x000000000000908c      0x29a /usr/lib/gcc/avr/4.6.2/../../../avr/lib/avrxmega2/libc.a(malloc.o)
 .debug_info    0x0000000000009326       0x92 /usr/lib/gcc/avr/4.6.2/../../../avr/lib/avrxmega2/libc.a(strtok.o)
 .debug_info    0x00000000000093b8      0x16b /usr/lib/gcc/avr/4.6.2/../../../avr/lib/avrxmega2/libc.a(fputc.o)
 .debug_info    0x0000000000009523      0x1bb /usr/lib/gcc/avr/4.6.2/../../../avr/lib/avrxmega2/libc.a(sprintf.o)
 .debug_info    0x00000000000096de      0x2d4 /usr/lib/gcc/avr/4.6.2/../../../avr/lib/avrxmega2/libc.a(strtod.o)
 .debug_info    0x00000000000099b2       0x3f /usr/lib/gcc/avr/4.6.2/../../../avr/lib/avrxmega2/libc.a(errno.o)
 *(.gnu.linkonce.wi.*)

.debug_abbrev   0x0000000000000000     0x1301
 *(.debug_abbrev)
 .debug_abbrev  0x0000000000000000      0x2ee usb/usb_xmega.o
 .debug_abbrev  0x00000000000002ee      0x293 usb/usb_requests.o
 .debug_abbrev  0x0000000000000581      0x50d main.o
 .debug_abbrev  0x0000000000000a8e      0x1df Descriptors.o
 .debug_abbrev  0x0000000000000c6d      0x161 /usr/lib/gcc/avr/4.6.2/../../../avr/lib/avrxmega2/libprintf_flt.a(vfprintf_flt.o)
 .debug_abbrev  0x0000000000000dce       0x14 /usr/lib/gcc/avr/4.6.2/avrxmega2/libgcc.a(_prologue.o)
 .debug_abbrev  0x0000000000000de2       0x14 /usr/lib/gcc/avr/4.6.2/avrxmega2/libgcc.a(_epilogue.o)
 .debug_abbrev  0x0000000000000df6       0x14 /usr/lib/gcc/avr/4.6.2/avrxmega2/libgcc.a(_exit.o)
 .debug_abbrev  0x0000000000000e0a       0x14 /usr/lib/gcc/avr/4.6.2/avrxmega2/libgcc.a(_copy_data.o)
 .debug_abbrev  0x0000000000000e1e       0x14 /usr/lib/gcc/avr/4.6.2/avrxmega2/libgcc.a(_clear_bss.o)
 .debug_abbrev  0x0000000000000e32       0xf7 /usr/lib/gcc/avr/4.6.2/../../../avr/lib/avrxmega2/libc.a(malloc.o)
 .debug_abbrev  0x0000000000000f29       0x77 /usr/lib/gcc/avr/4.6.2/../../../avr/lib/avrxmega2/libc.a(strtok.o)
 .debug_abbrev  0x0000000000000fa0       0xdb /usr/lib/gcc/avr/4.6.2/../../../avr/lib/avrxmega2/libc.a(fputc.o)
 .debug_abbrev  0x000000000000107b       0xff /usr/lib/gcc/avr/4.6.2/../../../avr/lib/avrxmega2/libc.a(sprintf.o)
 .debug_abbrev  0x000000000000117a      0x157 /usr/lib/gcc/avr/4.6.2/../../../avr/lib/avrxmega2/libc.a(strtod.o)
 .debug_abbrev  0x00000000000012d1       0x30 /usr/lib/gcc/avr/4.6.2/../../../avr/lib/avrxmega2/libc.a(errno.o)

.debug_line     0x0000000000000000     0x2087
 *(.debug_line)
 .debug_line    0x0000000000000000      0x135 usb/usb_xmega.o
 .debug_line    0x0000000000000135      0x19d usb/usb_requests.o
 .debug_line    0x00000000000002d2     0x133f main.o
 .debug_line    0x0000000000001611      0x135 Descriptors.o
 .debug_line    0x0000000000001746      0x31b /usr/lib/gcc/avr/4.6.2/../../../avr/lib/avrxmega2/libprintf_flt.a(vfprintf_flt.o)
 .debug_line    0x0000000000001a61       0x75 /usr/lib/gcc/avr/4.6.2/avrxmega2/libgcc.a(_prologue.o)
 .debug_line    0x0000000000001ad6       0x72 /usr/lib/gcc/avr/4.6.2/avrxmega2/libgcc.a(_epilogue.o)
 .debug_line    0x0000000000001b48       0x5c /usr/lib/gcc/avr/4.6.2/avrxmega2/libgcc.a(_exit.o)
 .debug_line    0x0000000000001ba4       0x65 /usr/lib/gcc/avr/4.6.2/avrxmega2/libgcc.a(_copy_data.o)
 .debug_line    0x0000000000001c09       0x62 /usr/lib/gcc/avr/4.6.2/avrxmega2/libgcc.a(_clear_bss.o)
 .debug_line    0x0000000000001c6b      0x126 /usr/lib/gcc/avr/4.6.2/../../../avr/lib/avrxmega2/libc.a(malloc.o)
 .debug_line    0x0000000000001d91       0x4f /usr/lib/gcc/avr/4.6.2/../../../avr/lib/avrxmega2/libc.a(strtok.o)
 .debug_line    0x0000000000001de0       0x7f /usr/lib/gcc/avr/4.6.2/../../../avr/lib/avrxmega2/libc.a(fputc.o)
 .debug_line    0x0000000000001e5f       0xaa /usr/lib/gcc/avr/4.6.2/../../../avr/lib/avrxmega2/libc.a(sprintf.o)
 .debug_line    0x0000000000001f09      0x141 /usr/lib/gcc/avr/4.6.2/../../../avr/lib/avrxmega2/libc.a(strtod.o)
 .debug_line    0x000000000000204a       0x3d /usr/lib/gcc/avr/4.6.2/../../../avr/lib/avrxmega2/libc.a(errno.o)

.debug_frame    0x0000000000000000      0x758
 *(.debug_frame)
 .debug_frame   0x0000000000000000       0x88 usb/usb_xmega.o
 .debug_frame   0x0000000000000088       0x3c usb/usb_requests.o
 .debug_frame   0x00000000000000c4      0x500 main.o
 .debug_frame   0x00000000000005c4       0x24 Descriptors.o
 .debug_frame   0x00000000000005e8       0x4c /usr/lib/gcc/avr/4.6.2/../../../avr/lib/avrxmega2/libprintf_flt.a(vfprintf_flt.o)
 .debug_frame   0x0000000000000634       0x54 /usr/lib/gcc/avr/4.6.2/../../../avr/lib/avrxmega2/libc.a(malloc.o)
 .debug_frame   0x0000000000000688       0x24 /usr/lib/gcc/avr/4.6.2/../../../avr/lib/avrxmega2/libc.a(strtok.o)
 .debug_frame   0x00000000000006ac       0x38 /usr/lib/gcc/avr/4.6.2/../../../avr/lib/avrxmega2/libc.a(fputc.o)
 .debug_frame   0x00000000000006e4       0x30 /usr/lib/gcc/avr/4.6.2/../../../avr/lib/avrxmega2/libc.a(sprintf.o)
 .debug_frame   0x0000000000000714       0x44 /usr/lib/gcc/avr/4.6.2/../../../avr/lib/avrxmega2/libc.a(strtod.o)

.debug_str      0x0000000000000000     0x1e5d
 *(.debug_str)
 .debug_str     0x0000000000000000      0xc72 usb/usb_xmega.o
                                        0xccc (size before relaxing)
 .debug_str     0x0000000000000c72      0x4cf usb/usb_requests.o
                                        0xde8 (size before relaxing)
 .debug_str     0x0000000000001141      0x68c main.o
                                        0xd2f (size before relaxing)
 .debug_str     0x00000000000017cd      0x3c5 Descriptors.o
                                        0x73a (size before relaxing)
 .debug_str     0x0000000000001b92       0xfd /usr/lib/gcc/avr/4.6.2/../../../avr/lib/avrxmega2/libprintf_flt.a(vfprintf_flt.o)
                                        0x1a5 (size before relaxing)
 .debug_str     0x0000000000001c8f       0xb1 /usr/lib/gcc/avr/4.6.2/../../../avr/lib/avrxmega2/libc.a(malloc.o)
                                        0x17e (size before relaxing)
 .debug_str     0x0000000000001d40       0x2e /usr/lib/gcc/avr/4.6.2/../../../avr/lib/avrxmega2/libc.a(strtok.o)
                                         0x91 (size before relaxing)
 .debug_str     0x0000000000001d6e       0x25 /usr/lib/gcc/avr/4.6.2/../../../avr/lib/avrxmega2/libc.a(fputc.o)
                                        0x10f (size before relaxing)
 .debug_str     0x0000000000001d93       0x29 /usr/lib/gcc/avr/4.6.2/../../../avr/lib/avrxmega2/libc.a(sprintf.o)
                                        0x135 (size before relaxing)
 .debug_str     0x0000000000001dbc       0x81 /usr/lib/gcc/avr/4.6.2/../../../avr/lib/avrxmega2/libc.a(strtod.o)
                                        0x169 (size before relaxing)
 .debug_str     0x0000000000001e3d       0x20 /usr/lib/gcc/avr/4.6.2/../../../avr/lib/avrxmega2/libc.a(errno.o)
                                         0x77 (size before relaxing)

.debug_loc      0x0000000000000000     0x5f9e
 *(.debug_loc)
 .debug_loc     0x0000000000000000      0x1bc usb/usb_xmega.o
 .debug_loc     0x00000000000001bc      0x3db usb/usb_requests.o
 .debug_loc     0x0000000000000597     0x46c1 main.o
 .debug_loc     0x0000000000004c58      0x225 Descriptors.o
 .debug_loc     0x0000000000004e7d      0x863 /usr/lib/gcc/avr/4.6.2/../../../avr/lib/avrxmega2/libprintf_flt.a(vfprintf_flt.o)
 .debug_loc     0x00000000000056e0      0x421 /usr/lib/gcc/avr/4.6.2/../../../avr/lib/avrxmega2/libc.a(malloc.o)
 .debug_loc     0x0000000000005b01       0x30 /usr/lib/gcc/avr/4.6.2/../../../avr/lib/avrxmega2/libc.a(strtok.o)
 .debug_loc     0x0000000000005b31       0x99 /usr/lib/gcc/avr/4.6.2/../../../avr/lib/avrxmega2/libc.a(fputc.o)
 .debug_loc     0x0000000000005bca       0x21 /usr/lib/gcc/avr/4.6.2/../../../avr/lib/avrxmega2/libc.a(sprintf.o)
 .debug_loc     0x0000000000005beb      0x3b3 /usr/lib/gcc/avr/4.6.2/../../../avr/lib/avrxmega2/libc.a(strtod.o)

.debug_macinfo
 *(.debug_macinfo)
OUTPUT(framework.elf elf32-avr)
LOAD linker stubs

.debug_ranges   0x0000000000000000     0x1fd8
 .debug_ranges  0x0000000000000000      0x170 usb/usb_requests.o
 .debug_ranges  0x0000000000000170     0x1de8 main.o
 .debug_ranges  0x0000000000001f58       0x28 /usr/lib/gcc/avr/4.6.2/../../../avr/lib/avrxmega2/libprintf_flt.a(vfprintf_flt.o)
 .debug_ranges  0x0000000000001f80       0x18 /usr/lib/gcc/avr/4.6.2/../../../avr/lib/avrxmega2/libc.a(malloc.o)
 .debug_ranges  0x0000000000001f98       0x10 /usr/lib/gcc/avr/4.6.2/../../../avr/lib/avrxmega2/libc.a(strtok.o)
 .debug_ranges  0x0000000000001fa8       0x10 /usr/lib/gcc/avr/4.6.2/../../../avr/lib/avrxmega2/libc.a(fputc.o)
 .debug_ranges  0x0000000000001fb8       0x10 /usr/lib/gcc/avr/4.6.2/../../../avr/lib/avrxmega2/libc.a(sprintf.o)
 .debug_ranges  0x0000000000001fc8       0x10 /usr/lib/gcc/avr/4.6.2/../../../avr/lib/avrxmega2/libc.a(strtod.o)

Cross Reference Table

Symbol                                            File
CALLBACK_USB_GetDescriptor                        Descriptors.o
                                                  usb/usb_requests.o
EVENT_USB_Device_ConfigurationChanged             main.o
                                                  usb/usb_xmega.o
                                                  usb/usb_requests.o
EVENT_USB_Device_ControlOUT                       main.o
                                                  usb/usb_xmega.o
EVENT_USB_Device_ControlRequest                   main.o
                                                  usb/usb_xmega.o
                                                  usb/usb_requests.o
EVENT_USB_Device_Reset                            usb/usb_xmega.o
EVENT_USB_Device_SetInterface                     usb/usb_xmega.o
                                                  usb/usb_requests.o
EVENT_USB_Device_StartOfFrame                     usb/usb_xmega.o
EVENT_USB_Device_Suspend                          usb/usb_xmega.o
EVENT_USB_Device_WakeUp                           usb/usb_xmega.o
GprsTextModeSMS                                   main.o
PowerDownModem                                    main.o
SimpleReceive                                     main.o
SleepModem                                        main.o
USB_ConfigureClock                                usb/usb_xmega.o
                                                  main.o
USB_DeviceState                                   usb/usb_requests.o
                                                  usb/usb_xmega.o
USB_Device_ConfigurationNumber                    usb/usb_requests.o
                                                  usb/usb_xmega.o
USB_Event_Stub                                    usb/usb_xmega.o
USB_Event_Stub_Bool                               usb/usb_xmega.o
USB_HandleSetup                                   usb/usb_requests.o
                                                  main.o
USB_Init                                          usb/usb_xmega.o
                                                  main.o
USB_ResetInterface                                usb/usb_xmega.o
USB_ep0_send_progmem                              usb/usb_xmega.o
                                                  main.o
                                                  usb/usb_requests.o
WakeUpModem                                       main.o
XmegaExample_ConfigurationDescriptor              Descriptors.o
XmegaExample_DeviceDescriptor                     Descriptors.o
XmegaExample_LanguageString                       Descriptors.o
XmegaExample_ManufacturerString                   Descriptors.o
XmegaExample_ProductString                        Descriptors.o
__addsf3                                          /usr/lib/gcc/avr/4.6.2/../../../avr/lib/avrxmega2/libm.a(addsf3.o)
                                                  /usr/lib/gcc/avr/4.6.2/../../../avr/lib/avrxmega2/libm.a(atan2.o)
                                                  main.o
__addsf3x                                         /usr/lib/gcc/avr/4.6.2/../../../avr/lib/avrxmega2/libm.a(addsf3x.o)
                                                  /usr/lib/gcc/avr/4.6.2/../../../avr/lib/avrxmega2/libm.a(fp_sinus.o)
                                                  /usr/lib/gcc/avr/4.6.2/../../../avr/lib/avrxmega2/libm.a(fp_powser.o)
                                                  /usr/lib/gcc/avr/4.6.2/../../../avr/lib/avrxmega2/libm.a(atan.o)
                                                  /usr/lib/gcc/avr/4.6.2/../../../avr/lib/avrxmega2/libm.a(addsf3.o)
__bad_interrupt                                   /usr/lib/gcc/avr/4.6.2/../../../avr/lib/avrxmega2/crtx32a4u.o
__brkval                                          /usr/lib/gcc/avr/4.6.2/../../../avr/lib/avrxmega2/libc.a(malloc.o)
__bss_end                                         /usr/lib/gcc/avr/4.6.2/avrxmega2/libgcc.a(_clear_bss.o)
__bss_start                                       /usr/lib/gcc/avr/4.6.2/avrxmega2/libgcc.a(_clear_bss.o)
__cmpsf2                                          /usr/lib/gcc/avr/4.6.2/../../../avr/lib/avrxmega2/libc.a(cmpsf2.o)
__ctype_isfalse                                   /usr/lib/gcc/avr/4.6.2/../../../avr/lib/avrxmega2/libc.a(cty_isfalse.o)
                                                  /usr/lib/gcc/avr/4.6.2/../../../avr/lib/avrxmega2/libc.a(isspace.o)
__ctype_istrue                                    /usr/lib/gcc/avr/4.6.2/../../../avr/lib/avrxmega2/libc.a(cty_isfalse.o)
__data_end                                        /usr/lib/gcc/avr/4.6.2/avrxmega2/libgcc.a(_copy_data.o)
__data_load_start                                 /usr/lib/gcc/avr/4.6.2/avrxmega2/libgcc.a(_copy_data.o)
__data_start                                      /usr/lib/gcc/avr/4.6.2/avrxmega2/libgcc.a(_copy_data.o)
__divsf3                                          /usr/lib/gcc/avr/4.6.2/../../../avr/lib/avrxmega2/libm.a(divsf3.o)
                                                  /usr/lib/gcc/avr/4.6.2/../../../avr/lib/avrxmega2/libm.a(inverse.o)
                                                  main.o
__divsf3_pse                                      /usr/lib/gcc/avr/4.6.2/../../../avr/lib/avrxmega2/libm.a(divsf3x.o)
                                                  /usr/lib/gcc/avr/4.6.2/../../../avr/lib/avrxmega2/libm.a(atan2.o)
__divsf3x                                         /usr/lib/gcc/avr/4.6.2/../../../avr/lib/avrxmega2/libm.a(divsf3x.o)
                                                  /usr/lib/gcc/avr/4.6.2/../../../avr/lib/avrxmega2/libm.a(divsf3.o)
__do_clear_bss                                    /usr/lib/gcc/avr/4.6.2/avrxmega2/libgcc.a(_clear_bss.o)
                                                  /usr/lib/gcc/avr/4.6.2/../../../avr/lib/avrxmega2/libc.a(errno.o)
                                                  /usr/lib/gcc/avr/4.6.2/../../../avr/lib/avrxmega2/libc.a(strtod.o)
                                                  /usr/lib/gcc/avr/4.6.2/../../../avr/lib/avrxmega2/libc.a(sprintf.o)
                                                  /usr/lib/gcc/avr/4.6.2/../../../avr/lib/avrxmega2/libc.a(fputc.o)
                                                  /usr/lib/gcc/avr/4.6.2/../../../avr/lib/avrxmega2/libc.a(strtok.o)
                                                  /usr/lib/gcc/avr/4.6.2/../../../avr/lib/avrxmega2/libc.a(malloc.o)
                                                  /usr/lib/gcc/avr/4.6.2/../../../avr/lib/avrxmega2/libprintf_flt.a(vfprintf_flt.o)
                                                  Descriptors.o
                                                  main.o
                                                  usb/usb_requests.o
                                                  usb/usb_xmega.o
__do_copy_data                                    /usr/lib/gcc/avr/4.6.2/avrxmega2/libgcc.a(_copy_data.o)
                                                  /usr/lib/gcc/avr/4.6.2/../../../avr/lib/avrxmega2/libc.a(errno.o)
                                                  /usr/lib/gcc/avr/4.6.2/../../../avr/lib/avrxmega2/libc.a(strtod.o)
                                                  /usr/lib/gcc/avr/4.6.2/../../../avr/lib/avrxmega2/libc.a(sprintf.o)
                                                  /usr/lib/gcc/avr/4.6.2/../../../avr/lib/avrxmega2/libc.a(fputc.o)
                                                  /usr/lib/gcc/avr/4.6.2/../../../avr/lib/avrxmega2/libc.a(strtok.o)
                                                  /usr/lib/gcc/avr/4.6.2/../../../avr/lib/avrxmega2/libc.a(malloc.o)
                                                  /usr/lib/gcc/avr/4.6.2/../../../avr/lib/avrxmega2/libprintf_flt.a(vfprintf_flt.o)
                                                  Descriptors.o
                                                  main.o
                                                  usb/usb_requests.o
                                                  usb/usb_xmega.o
__eerd_block_x32a4u                               /usr/lib/gcc/avr/4.6.2/../../../avr/lib/avrxmega2/libc.a(eerd_block_atxmega32a4u.o)
                                                  main.o
__eerd_byte_x32c4                                 /usr/lib/gcc/avr/4.6.2/../../../avr/lib/avrxmega2/libc.a(eerd_byte_atxmega32c4.o)
__eeupd_block_x32a4u                              /usr/lib/gcc/avr/4.6.2/../../../avr/lib/avrxmega2/libc.a(eeupd_block_atxmega32a4u.o)
                                                  main.o
__eeupd_byte_x32a4u                               /usr/lib/gcc/avr/4.6.2/../../../avr/lib/avrxmega2/libc.a(eeupd_byte_atxmega32a4u.o)
__eeupd_r18_x32a4u                                /usr/lib/gcc/avr/4.6.2/../../../avr/lib/avrxmega2/libc.a(eeupd_byte_atxmega32a4u.o)
                                                  /usr/lib/gcc/avr/4.6.2/../../../avr/lib/avrxmega2/libc.a(eeupd_block_atxmega32a4u.o)
__eewr_byte_x32a4u                                /usr/lib/gcc/avr/4.6.2/../../../avr/lib/avrxmega2/libc.a(eewr_byte_atxmega32a4u.o)
__eewr_r18_x32a4u                                 /usr/lib/gcc/avr/4.6.2/../../../avr/lib/avrxmega2/libc.a(eewr_byte_atxmega32a4u.o)
                                                  /usr/lib/gcc/avr/4.6.2/../../../avr/lib/avrxmega2/libc.a(eeupd_byte_atxmega32a4u.o)
__epilogue_restores__                             /usr/lib/gcc/avr/4.6.2/avrxmega2/libgcc.a(_epilogue.o)
                                                  /usr/lib/gcc/avr/4.6.2/../../../avr/lib/avrxmega2/libc.a(strtod.o)
                                                  /usr/lib/gcc/avr/4.6.2/../../../avr/lib/avrxmega2/libc.a(sprintf.o)
                                                  /usr/lib/gcc/avr/4.6.2/../../../avr/lib/avrxmega2/libprintf_flt.a(vfprintf_flt.o)
__eqsf2                                           /usr/lib/gcc/avr/4.6.2/../../../avr/lib/avrxmega2/libc.a(cmpsf2.o)
                                                  /usr/lib/gcc/avr/4.6.2/../../../avr/lib/avrxmega2/libc.a(strtod.o)
__floatsisf                                       /usr/lib/gcc/avr/4.6.2/../../../avr/lib/avrxmega2/libc.a(floatsisf.o)
__floatunsisf                                     /usr/lib/gcc/avr/4.6.2/../../../avr/lib/avrxmega2/libc.a(floatsisf.o)
                                                  /usr/lib/gcc/avr/4.6.2/../../../avr/lib/avrxmega2/libc.a(strtod.o)
__flp                                             /usr/lib/gcc/avr/4.6.2/../../../avr/lib/avrxmega2/libc.a(malloc.o)
__fp_cmp                                          /usr/lib/gcc/avr/4.6.2/../../../avr/lib/avrxmega2/libm.a(fp_cmp.o)
                                                  /usr/lib/gcc/avr/4.6.2/../../../avr/lib/avrxmega2/libc.a(cmpsf2.o)
                                                  /usr/lib/gcc/avr/4.6.2/../../../avr/lib/avrxmega2/libm.a(gesf2.o)
__fp_inf                                          /usr/lib/gcc/avr/4.6.2/../../../avr/lib/avrxmega2/libm.a(fp_inf.o)
                                                  /usr/lib/gcc/avr/4.6.2/../../../avr/lib/avrxmega2/libm.a(mulsf3x.o)
                                                  /usr/lib/gcc/avr/4.6.2/../../../avr/lib/avrxmega2/libm.a(divsf3x.o)
                                                  /usr/lib/gcc/avr/4.6.2/../../../avr/lib/avrxmega2/libm.a(addsf3x.o)
__fp_mpack                                        /usr/lib/gcc/avr/4.6.2/../../../avr/lib/avrxmega2/libm.a(fp_mpack.o)
                                                  /usr/lib/gcc/avr/4.6.2/../../../avr/lib/avrxmega2/libm.a(sqrt.o)
__fp_mpack_finite                                 /usr/lib/gcc/avr/4.6.2/../../../avr/lib/avrxmega2/libm.a(fp_mpack.o)
                                                  /usr/lib/gcc/avr/4.6.2/../../../avr/lib/avrxmega2/libm.a(fp_rempio2.o)
__fp_nan                                          /usr/lib/gcc/avr/4.6.2/../../../avr/lib/avrxmega2/libm.a(fp_nan.o)
                                                  /usr/lib/gcc/avr/4.6.2/../../../avr/lib/avrxmega2/libm.a(sqrt.o)
                                                  /usr/lib/gcc/avr/4.6.2/../../../avr/lib/avrxmega2/libm.a(mulsf3x.o)
                                                  /usr/lib/gcc/avr/4.6.2/../../../avr/lib/avrxmega2/libm.a(fp_rempio2.o)
                                                  /usr/lib/gcc/avr/4.6.2/../../../avr/lib/avrxmega2/libm.a(divsf3x.o)
                                                  /usr/lib/gcc/avr/4.6.2/../../../avr/lib/avrxmega2/libm.a(atan2.o)
                                                  /usr/lib/gcc/avr/4.6.2/../../../avr/lib/avrxmega2/libm.a(addsf3x.o)
__fp_norm2                                        /usr/lib/gcc/avr/4.6.2/../../../avr/lib/avrxmega2/libm.a(fp_norm2.o)
                                                  /usr/lib/gcc/avr/4.6.2/../../../avr/lib/avrxmega2/libm.a(sqrt.o)
__fp_powser                                       /usr/lib/gcc/avr/4.6.2/../../../avr/lib/avrxmega2/libm.a(fp_powser.o)
                                                  /usr/lib/gcc/avr/4.6.2/../../../avr/lib/avrxmega2/libm.a(fp_powsodd.o)
                                                  /usr/lib/gcc/avr/4.6.2/../../../avr/lib/avrxmega2/libm.a(atan.o)
__fp_powsodd                                      /usr/lib/gcc/avr/4.6.2/../../../avr/lib/avrxmega2/libm.a(fp_powsodd.o)
                                                  /usr/lib/gcc/avr/4.6.2/../../../avr/lib/avrxmega2/libm.a(fp_sinus.o)
__fp_pscA                                         /usr/lib/gcc/avr/4.6.2/../../../avr/lib/avrxmega2/libm.a(fp_pscA.o)
                                                  /usr/lib/gcc/avr/4.6.2/../../../avr/lib/avrxmega2/libm.a(mulsf3x.o)
                                                  /usr/lib/gcc/avr/4.6.2/../../../avr/lib/avrxmega2/libm.a(divsf3x.o)
                                                  /usr/lib/gcc/avr/4.6.2/../../../avr/lib/avrxmega2/libm.a(atan2.o)
                                                  /usr/lib/gcc/avr/4.6.2/../../../avr/lib/avrxmega2/libm.a(addsf3x.o)
__fp_pscB                                         /usr/lib/gcc/avr/4.6.2/../../../avr/lib/avrxmega2/libm.a(fp_pscB.o)
                                                  /usr/lib/gcc/avr/4.6.2/../../../avr/lib/avrxmega2/libm.a(mulsf3x.o)
                                                  /usr/lib/gcc/avr/4.6.2/../../../avr/lib/avrxmega2/libm.a(divsf3x.o)
                                                  /usr/lib/gcc/avr/4.6.2/../../../avr/lib/avrxmega2/libm.a(atan2.o)
                                                  /usr/lib/gcc/avr/4.6.2/../../../avr/lib/avrxmega2/libm.a(addsf3x.o)
__fp_rempio2                                      /usr/lib/gcc/avr/4.6.2/../../../avr/lib/avrxmega2/libm.a(fp_rempio2.o)
                                                  /usr/lib/gcc/avr/4.6.2/../../../avr/lib/avrxmega2/libm.a(sin.o)
                                                  /usr/lib/gcc/avr/4.6.2/../../../avr/lib/avrxmega2/libm.a(cos.o)
__fp_round                                        /usr/lib/gcc/avr/4.6.2/../../../avr/lib/avrxmega2/libm.a(fp_round.o)
                                                  /usr/lib/gcc/avr/4.6.2/../../../avr/lib/avrxmega2/libm.a(mulsf3.o)
                                                  /usr/lib/gcc/avr/4.6.2/../../../avr/lib/avrxmega2/libm.a(fp_sinus.o)
                                                  /usr/lib/gcc/avr/4.6.2/../../../avr/lib/avrxmega2/libm.a(divsf3.o)
                                                  /usr/lib/gcc/avr/4.6.2/../../../avr/lib/avrxmega2/libm.a(atan.o)
                                                  /usr/lib/gcc/avr/4.6.2/../../../avr/lib/avrxmega2/libm.a(atan2.o)
                                                  /usr/lib/gcc/avr/4.6.2/../../../avr/lib/avrxmega2/libm.a(addsf3.o)
__fp_sinus                                        /usr/lib/gcc/avr/4.6.2/../../../avr/lib/avrxmega2/libm.a(fp_sinus.o)
                                                  /usr/lib/gcc/avr/4.6.2/../../../avr/lib/avrxmega2/libm.a(sin.o)
                                                  /usr/lib/gcc/avr/4.6.2/../../../avr/lib/avrxmega2/libm.a(cos.o)
__fp_split3                                       /usr/lib/gcc/avr/4.6.2/../../../avr/lib/avrxmega2/libm.a(fp_split3.o)
                                                  /usr/lib/gcc/avr/4.6.2/../../../avr/lib/avrxmega2/libm.a(mulsf3x.o)
                                                  /usr/lib/gcc/avr/4.6.2/../../../avr/lib/avrxmega2/libm.a(divsf3x.o)
                                                  /usr/lib/gcc/avr/4.6.2/../../../avr/lib/avrxmega2/libm.a(atan2.o)
                                                  /usr/lib/gcc/avr/4.6.2/../../../avr/lib/avrxmega2/libm.a(addsf3x.o)
__fp_splitA                                       /usr/lib/gcc/avr/4.6.2/../../../avr/lib/avrxmega2/libm.a(fp_split3.o)
                                                  /usr/lib/gcc/avr/4.6.2/../../../avr/lib/avrxmega2/libm.a(sqrt.o)
                                                  /usr/lib/gcc/avr/4.6.2/../../../avr/lib/avrxmega2/libm.a(fp_rempio2.o)
__fp_szero                                        /usr/lib/gcc/avr/4.6.2/../../../avr/lib/avrxmega2/libm.a(fp_zero.o)
                                                  /usr/lib/gcc/avr/4.6.2/../../../avr/lib/avrxmega2/libm.a(mulsf3x.o)
                                                  /usr/lib/gcc/avr/4.6.2/../../../avr/lib/avrxmega2/libm.a(divsf3x.o)
__fp_zero                                         /usr/lib/gcc/avr/4.6.2/../../../avr/lib/avrxmega2/libm.a(fp_zero.o)
                                                  /usr/lib/gcc/avr/4.6.2/../../../avr/lib/avrxmega2/libm.a(atan2.o)
                                                  /usr/lib/gcc/avr/4.6.2/../../../avr/lib/avrxmega2/libm.a(addsf3x.o)
__ftoa_engine                                     /usr/lib/gcc/avr/4.6.2/../../../avr/lib/avrxmega2/libc.a(ftoa_engine.o)
                                                  /usr/lib/gcc/avr/4.6.2/../../../avr/lib/avrxmega2/libprintf_flt.a(vfprintf_flt.o)
__gesf2                                           /usr/lib/gcc/avr/4.6.2/../../../avr/lib/avrxmega2/libm.a(gesf2.o)
__gtsf2                                           /usr/lib/gcc/avr/4.6.2/../../../avr/lib/avrxmega2/libm.a(gesf2.o)
                                                  main.o
__heap_end                                        /usr/lib/gcc/avr/4.6.2/../../../avr/lib/avrxmega2/crtx32a4u.o
                                                  /usr/lib/gcc/avr/4.6.2/../../../avr/lib/avrxmega2/libc.a(malloc.o)
__heap_start                                      /usr/lib/gcc/avr/4.6.2/../../../avr/lib/avrxmega2/libc.a(malloc.o)
__init                                            /usr/lib/gcc/avr/4.6.2/../../../avr/lib/avrxmega2/crtx32a4u.o
__lesf2                                           /usr/lib/gcc/avr/4.6.2/../../../avr/lib/avrxmega2/libc.a(cmpsf2.o)
__ltsf2                                           /usr/lib/gcc/avr/4.6.2/../../../avr/lib/avrxmega2/libc.a(cmpsf2.o)
__malloc_heap_end                                 /usr/lib/gcc/avr/4.6.2/../../../avr/lib/avrxmega2/libc.a(malloc.o)
__malloc_heap_start                               /usr/lib/gcc/avr/4.6.2/../../../avr/lib/avrxmega2/libc.a(malloc.o)
__malloc_margin                                   /usr/lib/gcc/avr/4.6.2/../../../avr/lib/avrxmega2/libc.a(malloc.o)
__mulsf3                                          /usr/lib/gcc/avr/4.6.2/../../../avr/lib/avrxmega2/libm.a(mulsf3.o)
                                                  /usr/lib/gcc/avr/4.6.2/../../../avr/lib/avrxmega2/libc.a(strtod.o)
                                                  /usr/lib/gcc/avr/4.6.2/../../../avr/lib/avrxmega2/libm.a(fp_powsodd.o)
                                                  /usr/lib/gcc/avr/4.6.2/../../../avr/lib/avrxmega2/libm.a(square.o)
                                                  main.o
__mulsf3_pse                                      /usr/lib/gcc/avr/4.6.2/../../../avr/lib/avrxmega2/libm.a(mulsf3x.o)
__mulsf3x                                         /usr/lib/gcc/avr/4.6.2/../../../avr/lib/avrxmega2/libm.a(mulsf3x.o)
                                                  /usr/lib/gcc/avr/4.6.2/../../../avr/lib/avrxmega2/libm.a(mulsf3.o)
                                                  /usr/lib/gcc/avr/4.6.2/../../../avr/lib/avrxmega2/libm.a(fp_powser.o)
                                                  /usr/lib/gcc/avr/4.6.2/../../../avr/lib/avrxmega2/libm.a(atan.o)
__nesf2                                           /usr/lib/gcc/avr/4.6.2/../../../avr/lib/avrxmega2/libc.a(cmpsf2.o)
                                                  /usr/lib/gcc/avr/4.6.2/../../../avr/lib/avrxmega2/libc.a(strtod.o)
__prologue_saves__                                /usr/lib/gcc/avr/4.6.2/avrxmega2/libgcc.a(_prologue.o)
                                                  /usr/lib/gcc/avr/4.6.2/../../../avr/lib/avrxmega2/libc.a(strtod.o)
                                                  /usr/lib/gcc/avr/4.6.2/../../../avr/lib/avrxmega2/libc.a(sprintf.o)
                                                  /usr/lib/gcc/avr/4.6.2/../../../avr/lib/avrxmega2/libprintf_flt.a(vfprintf_flt.o)
__stack                                           /usr/lib/gcc/avr/4.6.2/../../../avr/lib/avrxmega2/crtx32a4u.o
__subsf3                                          /usr/lib/gcc/avr/4.6.2/../../../avr/lib/avrxmega2/libm.a(addsf3.o)
                                                  main.o
__ultoa_invert                                    /usr/lib/gcc/avr/4.6.2/../../../avr/lib/avrxmega2/libc.a(ultoa_invert.o)
                                                  /usr/lib/gcc/avr/4.6.2/../../../avr/lib/avrxmega2/libprintf_flt.a(vfprintf_flt.o)
__vector_1                                        /usr/lib/gcc/avr/4.6.2/../../../avr/lib/avrxmega2/crtx32a4u.o
__vector_10                                       /usr/lib/gcc/avr/4.6.2/../../../avr/lib/avrxmega2/crtx32a4u.o
__vector_100                                      /usr/lib/gcc/avr/4.6.2/../../../avr/lib/avrxmega2/crtx32a4u.o
__vector_101                                      /usr/lib/gcc/avr/4.6.2/../../../avr/lib/avrxmega2/crtx32a4u.o
__vector_102                                      /usr/lib/gcc/avr/4.6.2/../../../avr/lib/avrxmega2/crtx32a4u.o
__vector_103                                      /usr/lib/gcc/avr/4.6.2/../../../avr/lib/avrxmega2/crtx32a4u.o
__vector_104                                      /usr/lib/gcc/avr/4.6.2/../../../avr/lib/avrxmega2/crtx32a4u.o
__vector_105                                      /usr/lib/gcc/avr/4.6.2/../../../avr/lib/avrxmega2/crtx32a4u.o
__vector_106                                      /usr/lib/gcc/avr/4.6.2/../../../avr/lib/avrxmega2/crtx32a4u.o
__vector_107                                      /usr/lib/gcc/avr/4.6.2/../../../avr/lib/avrxmega2/crtx32a4u.o
__vector_108                                      /usr/lib/gcc/avr/4.6.2/../../../avr/lib/avrxmega2/crtx32a4u.o
__vector_109                                      /usr/lib/gcc/avr/4.6.2/../../../avr/lib/avrxmega2/crtx32a4u.o
__vector_11                                       /usr/lib/gcc/avr/4.6.2/../../../avr/lib/avrxmega2/crtx32a4u.o
__vector_110                                      /usr/lib/gcc/avr/4.6.2/../../../avr/lib/avrxmega2/crtx32a4u.o
__vector_111                                      /usr/lib/gcc/avr/4.6.2/../../../avr/lib/avrxmega2/crtx32a4u.o
__vector_112                                      /usr/lib/gcc/avr/4.6.2/../../../avr/lib/avrxmega2/crtx32a4u.o
__vector_113                                      /usr/lib/gcc/avr/4.6.2/../../../avr/lib/avrxmega2/crtx32a4u.o
__vector_114                                      /usr/lib/gcc/avr/4.6.2/../../../avr/lib/avrxmega2/crtx32a4u.o
__vector_115                                      /usr/lib/gcc/avr/4.6.2/../../../avr/lib/avrxmega2/crtx32a4u.o
__vector_116                                      /usr/lib/gcc/avr/4.6.2/../../../avr/lib/avrxmega2/crtx32a4u.o
__vector_117                                      /usr/lib/gcc/avr/4.6.2/../../../avr/lib/avrxmega2/crtx32a4u.o
__vector_118                                      /usr/lib/gcc/avr/4.6.2/../../../avr/lib/avrxmega2/crtx32a4u.o
__vector_119                                      /usr/lib/gcc/avr/4.6.2/../../../avr/lib/avrxmega2/crtx32a4u.o
__vector_12                                       /usr/lib/gcc/avr/4.6.2/../../../avr/lib/avrxmega2/crtx32a4u.o
__vector_120                                      /usr/lib/gcc/avr/4.6.2/../../../avr/lib/avrxmega2/crtx32a4u.o
__vector_121                                      /usr/lib/gcc/avr/4.6.2/../../../avr/lib/avrxmega2/crtx32a4u.o
__vector_122                                      /usr/lib/gcc/avr/4.6.2/../../../avr/lib/avrxmega2/crtx32a4u.o
__vector_123                                      /usr/lib/gcc/avr/4.6.2/../../../avr/lib/avrxmega2/crtx32a4u.o
__vector_124                                      /usr/lib/gcc/avr/4.6.2/../../../avr/lib/avrxmega2/crtx32a4u.o
__vector_125                                      main.o
                                                  /usr/lib/gcc/avr/4.6.2/../../../avr/lib/avrxmega2/crtx32a4u.o
__vector_126                                      main.o
                                                  /usr/lib/gcc/avr/4.6.2/../../../avr/lib/avrxmega2/crtx32a4u.o
__vector_13                                       /usr/lib/gcc/avr/4.6.2/../../../avr/lib/avrxmega2/crtx32a4u.o
__vector_14                                       /usr/lib/gcc/avr/4.6.2/../../../avr/lib/avrxmega2/crtx32a4u.o
__vector_15                                       /usr/lib/gcc/avr/4.6.2/../../../avr/lib/avrxmega2/crtx32a4u.o
__vector_16                                       /usr/lib/gcc/avr/4.6.2/../../../avr/lib/avrxmega2/crtx32a4u.o
__vector_17                                       /usr/lib/gcc/avr/4.6.2/../../../avr/lib/avrxmega2/crtx32a4u.o
__vector_18                                       /usr/lib/gcc/avr/4.6.2/../../../avr/lib/avrxmega2/crtx32a4u.o
__vector_19                                       /usr/lib/gcc/avr/4.6.2/../../../avr/lib/avrxmega2/crtx32a4u.o
__vector_2                                        /usr/lib/gcc/avr/4.6.2/../../../avr/lib/avrxmega2/crtx32a4u.o
__vector_20                                       /usr/lib/gcc/avr/4.6.2/../../../avr/lib/avrxmega2/crtx32a4u.o
__vector_21                                       /usr/lib/gcc/avr/4.6.2/../../../avr/lib/avrxmega2/crtx32a4u.o
__vector_22                                       /usr/lib/gcc/avr/4.6.2/../../../avr/lib/avrxmega2/crtx32a4u.o
__vector_23                                       /usr/lib/gcc/avr/4.6.2/../../../avr/lib/avrxmega2/crtx32a4u.o
__vector_24                                       /usr/lib/gcc/avr/4.6.2/../../../avr/lib/avrxmega2/crtx32a4u.o
__vector_25                                       /usr/lib/gcc/avr/4.6.2/../../../avr/lib/avrxmega2/crtx32a4u.o
__vector_26                                       /usr/lib/gcc/avr/4.6.2/../../../avr/lib/avrxmega2/crtx32a4u.o
__vector_27                                       /usr/lib/gcc/avr/4.6.2/../../../avr/lib/avrxmega2/crtx32a4u.o
__vector_28                                       /usr/lib/gcc/avr/4.6.2/../../../avr/lib/avrxmega2/crtx32a4u.o
__vector_29                                       /usr/lib/gcc/avr/4.6.2/../../../avr/lib/avrxmega2/crtx32a4u.o
__vector_3                                        /usr/lib/gcc/avr/4.6.2/../../../avr/lib/avrxmega2/crtx32a4u.o
__vector_30                                       /usr/lib/gcc/avr/4.6.2/../../../avr/lib/avrxmega2/crtx32a4u.o
__vector_31                                       /usr/lib/gcc/avr/4.6.2/../../../avr/lib/avrxmega2/crtx32a4u.o
__vector_32                                       /usr/lib/gcc/avr/4.6.2/../../../avr/lib/avrxmega2/crtx32a4u.o
__vector_33                                       /usr/lib/gcc/avr/4.6.2/../../../avr/lib/avrxmega2/crtx32a4u.o
__vector_34                                       /usr/lib/gcc/avr/4.6.2/../../../avr/lib/avrxmega2/crtx32a4u.o
__vector_35                                       /usr/lib/gcc/avr/4.6.2/../../../avr/lib/avrxmega2/crtx32a4u.o
__vector_36                                       /usr/lib/gcc/avr/4.6.2/../../../avr/lib/avrxmega2/crtx32a4u.o
__vector_37                                       /usr/lib/gcc/avr/4.6.2/../../../avr/lib/avrxmega2/crtx32a4u.o
__vector_38                                       /usr/lib/gcc/avr/4.6.2/../../../avr/lib/avrxmega2/crtx32a4u.o
__vector_39                                       /usr/lib/gcc/avr/4.6.2/../../../avr/lib/avrxmega2/crtx32a4u.o
__vector_4                                        /usr/lib/gcc/avr/4.6.2/../../../avr/lib/avrxmega2/crtx32a4u.o
__vector_40                                       /usr/lib/gcc/avr/4.6.2/../../../avr/lib/avrxmega2/crtx32a4u.o
__vector_41                                       /usr/lib/gcc/avr/4.6.2/../../../avr/lib/avrxmega2/crtx32a4u.o
__vector_42                                       /usr/lib/gcc/avr/4.6.2/../../../avr/lib/avrxmega2/crtx32a4u.o
__vector_43                                       /usr/lib/gcc/avr/4.6.2/../../../avr/lib/avrxmega2/crtx32a4u.o
__vector_44                                       /usr/lib/gcc/avr/4.6.2/../../../avr/lib/avrxmega2/crtx32a4u.o
__vector_45                                       /usr/lib/gcc/avr/4.6.2/../../../avr/lib/avrxmega2/crtx32a4u.o
__vector_46                                       /usr/lib/gcc/avr/4.6.2/../../../avr/lib/avrxmega2/crtx32a4u.o
__vector_47                                       /usr/lib/gcc/avr/4.6.2/../../../avr/lib/avrxmega2/crtx32a4u.o
__vector_48                                       /usr/lib/gcc/avr/4.6.2/../../../avr/lib/avrxmega2/crtx32a4u.o
__vector_49                                       /usr/lib/gcc/avr/4.6.2/../../../avr/lib/avrxmega2/crtx32a4u.o
__vector_5                                        /usr/lib/gcc/avr/4.6.2/../../../avr/lib/avrxmega2/crtx32a4u.o
__vector_50                                       /usr/lib/gcc/avr/4.6.2/../../../avr/lib/avrxmega2/crtx32a4u.o
__vector_51                                       /usr/lib/gcc/avr/4.6.2/../../../avr/lib/avrxmega2/crtx32a4u.o
__vector_52                                       /usr/lib/gcc/avr/4.6.2/../../../avr/lib/avrxmega2/crtx32a4u.o
__vector_53                                       /usr/lib/gcc/avr/4.6.2/../../../avr/lib/avrxmega2/crtx32a4u.o
__vector_54                                       /usr/lib/gcc/avr/4.6.2/../../../avr/lib/avrxmega2/crtx32a4u.o
__vector_55                                       /usr/lib/gcc/avr/4.6.2/../../../avr/lib/avrxmega2/crtx32a4u.o
__vector_56                                       /usr/lib/gcc/avr/4.6.2/../../../avr/lib/avrxmega2/crtx32a4u.o
__vector_57                                       /usr/lib/gcc/avr/4.6.2/../../../avr/lib/avrxmega2/crtx32a4u.o
__vector_58                                       /usr/lib/gcc/avr/4.6.2/../../../avr/lib/avrxmega2/crtx32a4u.o
__vector_59                                       /usr/lib/gcc/avr/4.6.2/../../../avr/lib/avrxmega2/crtx32a4u.o
__vector_6                                        /usr/lib/gcc/avr/4.6.2/../../../avr/lib/avrxmega2/crtx32a4u.o
__vector_60                                       /usr/lib/gcc/avr/4.6.2/../../../avr/lib/avrxmega2/crtx32a4u.o
__vector_61                                       /usr/lib/gcc/avr/4.6.2/../../../avr/lib/avrxmega2/crtx32a4u.o
__vector_62                                       /usr/lib/gcc/avr/4.6.2/../../../avr/lib/avrxmega2/crtx32a4u.o
__vector_63                                       /usr/lib/gcc/avr/4.6.2/../../../avr/lib/avrxmega2/crtx32a4u.o
__vector_64                                       /usr/lib/gcc/avr/4.6.2/../../../avr/lib/avrxmega2/crtx32a4u.o
__vector_65                                       /usr/lib/gcc/avr/4.6.2/../../../avr/lib/avrxmega2/crtx32a4u.o
__vector_66                                       /usr/lib/gcc/avr/4.6.2/../../../avr/lib/avrxmega2/crtx32a4u.o
__vector_67                                       /usr/lib/gcc/avr/4.6.2/../../../avr/lib/avrxmega2/crtx32a4u.o
__vector_68                                       /usr/lib/gcc/avr/4.6.2/../../../avr/lib/avrxmega2/crtx32a4u.o
__vector_69                                       /usr/lib/gcc/avr/4.6.2/../../../avr/lib/avrxmega2/crtx32a4u.o
__vector_7                                        /usr/lib/gcc/avr/4.6.2/../../../avr/lib/avrxmega2/crtx32a4u.o
__vector_70                                       /usr/lib/gcc/avr/4.6.2/../../../avr/lib/avrxmega2/crtx32a4u.o
__vector_71                                       /usr/lib/gcc/avr/4.6.2/../../../avr/lib/avrxmega2/crtx32a4u.o
__vector_72                                       /usr/lib/gcc/avr/4.6.2/../../../avr/lib/avrxmega2/crtx32a4u.o
__vector_73                                       /usr/lib/gcc/avr/4.6.2/../../../avr/lib/avrxmega2/crtx32a4u.o
__vector_74                                       /usr/lib/gcc/avr/4.6.2/../../../avr/lib/avrxmega2/crtx32a4u.o
__vector_75                                       /usr/lib/gcc/avr/4.6.2/../../../avr/lib/avrxmega2/crtx32a4u.o
__vector_76                                       /usr/lib/gcc/avr/4.6.2/../../../avr/lib/avrxmega2/crtx32a4u.o
__vector_77                                       /usr/lib/gcc/avr/4.6.2/../../../avr/lib/avrxmega2/crtx32a4u.o
__vector_78                                       /usr/lib/gcc/avr/4.6.2/../../../avr/lib/avrxmega2/crtx32a4u.o
__vector_79                                       /usr/lib/gcc/avr/4.6.2/../../../avr/lib/avrxmega2/crtx32a4u.o
__vector_8                                        /usr/lib/gcc/avr/4.6.2/../../../avr/lib/avrxmega2/crtx32a4u.o
__vector_80                                       /usr/lib/gcc/avr/4.6.2/../../../avr/lib/avrxmega2/crtx32a4u.o
__vector_81                                       /usr/lib/gcc/avr/4.6.2/../../../avr/lib/avrxmega2/crtx32a4u.o
__vector_82                                       /usr/lib/gcc/avr/4.6.2/../../../avr/lib/avrxmega2/crtx32a4u.o
__vector_83                                       /usr/lib/gcc/avr/4.6.2/../../../avr/lib/avrxmega2/crtx32a4u.o
__vector_84                                       /usr/lib/gcc/avr/4.6.2/../../../avr/lib/avrxmega2/crtx32a4u.o
__vector_85                                       /usr/lib/gcc/avr/4.6.2/../../../avr/lib/avrxmega2/crtx32a4u.o
__vector_86                                       /usr/lib/gcc/avr/4.6.2/../../../avr/lib/avrxmega2/crtx32a4u.o
__vector_87                                       /usr/lib/gcc/avr/4.6.2/../../../avr/lib/avrxmega2/crtx32a4u.o
__vector_88                                       /usr/lib/gcc/avr/4.6.2/../../../avr/lib/avrxmega2/crtx32a4u.o
__vector_89                                       /usr/lib/gcc/avr/4.6.2/../../../avr/lib/avrxmega2/crtx32a4u.o
__vector_9                                        /usr/lib/gcc/avr/4.6.2/../../../avr/lib/avrxmega2/crtx32a4u.o
__vector_90                                       /usr/lib/gcc/avr/4.6.2/../../../avr/lib/avrxmega2/crtx32a4u.o
__vector_91                                       /usr/lib/gcc/avr/4.6.2/../../../avr/lib/avrxmega2/crtx32a4u.o
__vector_92                                       /usr/lib/gcc/avr/4.6.2/../../../avr/lib/avrxmega2/crtx32a4u.o
__vector_93                                       /usr/lib/gcc/avr/4.6.2/../../../avr/lib/avrxmega2/crtx32a4u.o