Archive member included because of file (symbol)

/usr/lib/gcc/avr/4.6.2/../../../avr/lib/avrxmega2/libprintf_flt.a(vfprintf_flt.o)
                              (vfprintf)
/usr/lib/gcc/avr/4.6.2/../../../avr/lib/avrxmega2/libm.a(addsf3.o)
                              nmea/nmea.o (__addsf3)
/usr/lib/gcc/avr/4.6.2/../../../avr/lib/avrxmega2/libm.a(addsf3x.o)
                              /usr/lib/gcc/avr/4.6.2/../../../avr/lib/avrxmega2/libm.a(addsf3.o) (__addsf3x)
/usr/lib/gcc/avr/4.6.2/../../../avr/lib/avrxmega2/libm.a(cmpsf2.o)
                              nmea/nmea.o (__ltsf2)
/usr/lib/gcc/avr/4.6.2/../../../avr/lib/avrxmega2/libm.a(divsf3.o)
                              nmea/nmea.o (__divsf3)
/usr/lib/gcc/avr/4.6.2/../../../avr/lib/avrxmega2/libm.a(divsf3x.o)
                              /usr/lib/gcc/avr/4.6.2/../../../avr/lib/avrxmega2/libm.a(divsf3.o) (__divsf3x)
/usr/lib/gcc/avr/4.6.2/../../../avr/lib/avrxmega2/libm.a(fp_cmp.o)
                              /usr/lib/gcc/avr/4.6.2/../../../avr/lib/avrxmega2/libm.a(cmpsf2.o) (__fp_cmp)
/usr/lib/gcc/avr/4.6.2/../../../avr/lib/avrxmega2/libm.a(fp_inf.o)
                              /usr/lib/gcc/avr/4.6.2/../../../avr/lib/avrxmega2/libm.a(addsf3x.o) (__fp_inf)
/usr/lib/gcc/avr/4.6.2/../../../avr/lib/avrxmega2/libm.a(fp_nan.o)
                              /usr/lib/gcc/avr/4.6.2/../../../avr/lib/avrxmega2/libm.a(addsf3x.o) (__fp_nan)
/usr/lib/gcc/avr/4.6.2/../../../avr/lib/avrxmega2/libm.a(fp_pscA.o)
                              /usr/lib/gcc/avr/4.6.2/../../../avr/lib/avrxmega2/libm.a(addsf3x.o) (__fp_pscA)
/usr/lib/gcc/avr/4.6.2/../../../avr/lib/avrxmega2/libm.a(fp_pscB.o)
                              /usr/lib/gcc/avr/4.6.2/../../../avr/lib/avrxmega2/libm.a(addsf3x.o) (__fp_pscB)
/usr/lib/gcc/avr/4.6.2/../../../avr/lib/avrxmega2/libm.a(fp_round.o)
                              /usr/lib/gcc/avr/4.6.2/../../../avr/lib/avrxmega2/libm.a(addsf3.o) (__fp_round)
/usr/lib/gcc/avr/4.6.2/../../../avr/lib/avrxmega2/libm.a(fp_split3.o)
                              /usr/lib/gcc/avr/4.6.2/../../../avr/lib/avrxmega2/libm.a(addsf3x.o) (__fp_split3)
/usr/lib/gcc/avr/4.6.2/../../../avr/lib/avrxmega2/libm.a(fp_zero.o)
                              /usr/lib/gcc/avr/4.6.2/../../../avr/lib/avrxmega2/libm.a(addsf3x.o) (__fp_zero)
/usr/lib/gcc/avr/4.6.2/../../../avr/lib/avrxmega2/libm.a(gesf2.o)
                              nmea/nmea.o (__gtsf2)
/usr/lib/gcc/avr/4.6.2/../../../avr/lib/avrxmega2/libm.a(mulsf3.o)
                              nmea/nmea.o (__mulsf3)
/usr/lib/gcc/avr/4.6.2/../../../avr/lib/avrxmega2/libm.a(mulsf3x.o)
                              /usr/lib/gcc/avr/4.6.2/../../../avr/lib/avrxmega2/libm.a(mulsf3.o) (__mulsf3x)
/usr/lib/gcc/avr/4.6.2/avrxmega2/libgcc.a(_prologue.o)
                              /usr/lib/gcc/avr/4.6.2/../../../avr/lib/avrxmega2/libprintf_flt.a(vfprintf_flt.o) (__prologue_saves__)
/usr/lib/gcc/avr/4.6.2/avrxmega2/libgcc.a(_epilogue.o)
                              /usr/lib/gcc/avr/4.6.2/../../../avr/lib/avrxmega2/libprintf_flt.a(vfprintf_flt.o) (__epilogue_restores__)
/usr/lib/gcc/avr/4.6.2/avrxmega2/libgcc.a(_exit.o)
                              /usr/lib/gcc/avr/4.6.2/../../../avr/lib/avrxmega2/crtx32a4u.o (exit)
/usr/lib/gcc/avr/4.6.2/avrxmega2/libgcc.a(_copy_data.o)
                              usb/usb_xmega.o (__do_copy_data)
/usr/lib/gcc/avr/4.6.2/avrxmega2/libgcc.a(_clear_bss.o)
                              usb/usb_xmega.o (__do_clear_bss)
/usr/lib/gcc/avr/4.6.2/../../../avr/lib/avrxmega2/libc.a(malloc.o)
                              main.o (malloc)
/usr/lib/gcc/avr/4.6.2/../../../avr/lib/avrxmega2/libc.a(strtoul.o)
                              nmea/nmea.o (strtoul)
/usr/lib/gcc/avr/4.6.2/../../../avr/lib/avrxmega2/libc.a(ftoa_engine.o)
                              /usr/lib/gcc/avr/4.6.2/../../../avr/lib/avrxmega2/libprintf_flt.a(vfprintf_flt.o) (__ftoa_engine)
/usr/lib/gcc/avr/4.6.2/../../../avr/lib/avrxmega2/libc.a(isspace.o)
                              /usr/lib/gcc/avr/4.6.2/../../../avr/lib/avrxmega2/libc.a(strtoul.o) (isspace)
/usr/lib/gcc/avr/4.6.2/../../../avr/lib/avrxmega2/libc.a(strncmp_P.o)
                              nmea/nmea.o (strncmp_P)
/usr/lib/gcc/avr/4.6.2/../../../avr/lib/avrxmega2/libc.a(strnlen_P.o)
                              /usr/lib/gcc/avr/4.6.2/../../../avr/lib/avrxmega2/libprintf_flt.a(vfprintf_flt.o) (strnlen_P)
/usr/lib/gcc/avr/4.6.2/../../../avr/lib/avrxmega2/libc.a(strtok.o)
                              main.o (strtok)
/usr/lib/gcc/avr/4.6.2/../../../avr/lib/avrxmega2/libc.a(strcat.o)
                              main.o (strcat)
/usr/lib/gcc/avr/4.6.2/../../../avr/lib/avrxmega2/libc.a(strcpy.o)
                              main.o (strcpy)
/usr/lib/gcc/avr/4.6.2/../../../avr/lib/avrxmega2/libc.a(strnlen.o)
                              /usr/lib/gcc/avr/4.6.2/../../../avr/lib/avrxmega2/libprintf_flt.a(vfprintf_flt.o) (strnlen)
[...]
Memory Configuration

Name             Origin             Length             Attributes
text             0x0000000000000000 0x0000000000100000 xr
data             0x0000000000802000 0x000000000000ffa0 rw !x
eeprom           0x0000000000810000 0x0000000000010000 rw !x
fuse             0x0000000000820000 0x0000000000000400 rw !x
lock             0x0000000000830000 0x0000000000000400 rw !x
signature        0x0000000000840000 0x0000000000000400 rw !x
*default*        0x0000000000000000 0xffffffffffffffff

Linker script and memory map

LOAD /usr/lib/gcc/avr/4.6.2/../../../avr/lib/avrxmega2/crtx32a4u.o
LOAD usb/usb_xmega.o
LOAD usb/usb_requests.o
LOAD main.o
LOAD Descriptors.o
LOAD nmea/nmea.o
LOAD /usr/lib/gcc/avr/4.6.2/../../../avr/lib/avrxmega2/libprintf_flt.a
LOAD /usr/lib/gcc/avr/4.6.2/../../../avr/lib/avrxmega2/libm.a
LOAD /usr/lib/gcc/avr/4.6.2/avrxmega2/libgcc.a
LOAD /usr/lib/gcc/avr/4.6.2/../../../avr/lib/avrxmega2/libc.a
LOAD /usr/lib/gcc/avr/4.6.2/avrxmega2/libgcc.a

.hash
 *(.hash)

.dynsym
 *(.dynsym)

.dynstr
 *(.dynstr)

.gnu.version
 *(.gnu.version)

.gnu.version_d
 *(.gnu.version_d)

.gnu.version_r
 *(.gnu.version_r)

.rel.init
 *(.rel.init)

.rela.init
 *(.rela.init)

.rel.text
 *(.rel.text)
 *(.rel.text.*)
 *(.rel.gnu.linkonce.t*)

.rela.text
 *(.rela.text)
 *(.rela.text.*)
 *(.rela.gnu.linkonce.t*)

.rel.fini
 *(.rel.fini)

.rela.fini
 *(.rela.fini)

.rel.rodata
 *(.rel.rodata)
 *(.rel.rodata.*)
 *(.rel.gnu.linkonce.r*)

.rela.rodata
 *(.rela.rodata)
 *(.rela.rodata.*)
 *(.rela.gnu.linkonce.r*)

.rel.data
 *(.rel.data)
 *(.rel.data.*)
 *(.rel.gnu.linkonce.d*)

.rela.data
 *(.rela.data)
 *(.rela.data.*)
 *(.rela.gnu.linkonce.d*)

.rel.ctors
 *(.rel.ctors)

.rela.ctors
 *(.rela.ctors)

.rel.dtors
 *(.rel.dtors)

.rela.dtors
 *(.rela.dtors)

.rel.got
 *(.rel.got)

.rela.got
 *(.rela.got)

.rel.bss
 *(.rel.bss)

.rela.bss
 *(.rela.bss)

.rel.plt
 *(.rel.plt)

.rela.plt
 *(.rela.plt)

.text           0x0000000000000000     0x2674
 *(.vectors)
 .vectors       0x0000000000000000      0x1fc /usr/lib/gcc/avr/4.6.2/../../../avr/lib/avrxmega2/crtx32a4u.o
                0x0000000000000000                __vectors
                0x0000000000000000                __vector_default
 *(.vectors)
 *(.progmem.gcc*)
 *(.progmem*)
 .progmem.data  0x00000000000001fc       0x16 main.o
                0x00000000000001fc                fwversion
                0x0000000000000207                hwversion
 .progmem.data  0x0000000000000212       0x6a Descriptors.o
                0x0000000000000212                XmegaExample_ProductString
                0x0000000000000228                XmegaExample_ManufacturerString
                0x0000000000000246                XmegaExample_LanguageString
                0x000000000000024a                XmegaExample_ConfigurationDescriptor
                0x000000000000026a                XmegaExample_DeviceDescriptor
 .progmem.data  0x000000000000027c        0x8 /usr/lib/gcc/avr/4.6.2/../../../avr/lib/avrxmega2/libprintf_flt.a(vfprintf_flt.o)
 .progmem.data  0x0000000000000284       0xfa /usr/lib/gcc/avr/4.6.2/../../../avr/lib/avrxmega2/libc.a(ftoa_engine.o)
                0x000000000000037e                . = ALIGN (0x2)
                0x000000000000037e                __trampolines_start = .
 *(.trampolines)
 .trampolines   0x000000000000037e        0x0 linker stubs
 *(.trampolines*)
                0x000000000000037e                __trampolines_end = .
 *(.jumptables)
 *(.jumptables*)
 *(.lowtext)
 *(.lowtext*)
                0x000000000000037e                __ctors_start = .
 *(.ctors)
                0x000000000000037e                __ctors_end = .
                0x000000000000037e                __dtors_start = .
 *(.dtors)
                0x000000000000037e                __dtors_end = .
 SORT(*)(.ctors)
 SORT(*)(.dtors)
 *(.init0)
 .init0         0x000000000000037e        0x0 /usr/lib/gcc/avr/4.6.2/../../../avr/lib/avrxmega2/crtx32a4u.o
                0x000000000000037e                __init
 *(.init0)
 *(.init1)
 *(.init1)
 *(.init2)
 .init2         0x000000000000037e        0xc /usr/lib/gcc/avr/4.6.2/../../../avr/lib/avrxmega2/crtx32a4u.o
 *(.init2)
 *(.init3)
 *(.init3)
 *(.init4)
 .init4         0x000000000000038a       0x16 /usr/lib/gcc/avr/4.6.2/avrxmega2/libgcc.a(_copy_data.o)
                0x000000000000038a                __do_copy_data
 .init4         0x00000000000003a0       0x10 /usr/lib/gcc/avr/4.6.2/avrxmega2/libgcc.a(_clear_bss.o)
                0x00000000000003a0                __do_clear_bss
 *(.init4)
 *(.init5)
 *(.init5)
 *(.init6)
 *(.init6)
 *(.init7)
 *(.init7)
 *(.init8)
 *(.init8)
 *(.init9)
 .init9         0x00000000000003b0        0x6 /usr/lib/gcc/avr/4.6.2/../../../avr/lib/avrxmega2/crtx32a4u.o
 *(.init9)
 *(.text)
 .text          0x00000000000003b6        0x2 /usr/lib/gcc/avr/4.6.2/../../../avr/lib/avrxmega2/crtx32a4u.o
                0x00000000000003b6                __vector_38
                0x00000000000003b6                __vector_104
                0x00000000000003b6                __vector_22
                0x00000000000003b6                __vector_63
                0x00000000000003b6                __vector_28
                0x00000000000003b6                __vector_67
                0x00000000000003b6                __vector_1
                0x00000000000003b6                __vector_119
                0x00000000000003b6                __vector_32
                0x00000000000003b6                __vector_75
                0x00000000000003b6                __vector_71
                0x00000000000003b6                __vector_91
                0x00000000000003b6                __vector_34
                0x00000000000003b6                __vector_62
                0x00000000000003b6                __vector_77
                0x00000000000003b6                __vector_102
                0x00000000000003b6                __vector_24
                0x00000000000003b6                __vector_12
                0x00000000000003b6                __vector_55
                0x00000000000003b6                __vector_69
                0x00000000000003b6                __vector_81
                0x00000000000003b6                __vector_90
                0x00000000000003b6                __vector_46
                0x00000000000003b6                __bad_interrupt
                0x00000000000003b6                __vector_122
                0x00000000000003b6                __vector_72
                0x00000000000003b6                __vector_114
                0x00000000000003b6                __vector_6
                0x00000000000003b6                __vector_110
                0x00000000000003b6                __vector_31
                0x00000000000003b6                __vector_92
                0x00000000000003b6                __vector_35
                0x00000000000003b6                __vector_78
                0x00000000000003b6                __vector_74
                0x00000000000003b6                __vector_117
                0x00000000000003b6                __vector_39
                0x00000000000003b6                __vector_107
                0x00000000000003b6                __vector_3
                0x00000000000003b6                __vector_105
                0x00000000000003b6                __vector_98
                0x00000000000003b6                __vector_23
                0x00000000000003b6                __vector_68
                0x00000000000003b6                __vector_30
                0x00000000000003b6                __vector_73
                0x00000000000003b6                __vector_45
                0x00000000000003b6                __vector_25
                0x00000000000003b6                __vector_93
                0x00000000000003b6                __vector_61
                0x00000000000003b6                __vector_11
                0x00000000000003b6                __vector_54
                0x00000000000003b6                __vector_99
                0x00000000000003b6                __vector_13
                0x00000000000003b6                __vector_17
                0x00000000000003b6                __vector_19
                0x00000000000003b6                __vector_56
                0x00000000000003b6                __vector_7
                0x00000000000003b6                __vector_49
                0x00000000000003b6                __vector_123
                0x00000000000003b6                __vector_41
                0x00000000000003b6                __vector_86
                0x00000000000003b6                __vector_100
                0x00000000000003b6                __vector_101
                0x00000000000003b6                __vector_64
                0x00000000000003b6                __vector_88
                0x00000000000003b6                __vector_109
                0x00000000000003b6                __vector_43
                0x00000000000003b6                __vector_27
                0x00000000000003b6                __vector_5
                0x00000000000003b6                __vector_113
                0x00000000000003b6                __vector_33
                0x00000000000003b6                __vector_76
                0x00000000000003b6                __vector_115
                0x00000000000003b6                __vector_47
                0x00000000000003b6                __vector_52
                0x00000000000003b6                __vector_37
                0x00000000000003b6                __vector_95
                0x00000000000003b6                __vector_103
                0x00000000000003b6                __vector_96
                0x00000000000003b6                __vector_89
                0x00000000000003b6                __vector_108
                0x00000000000003b6                __vector_4
                0x00000000000003b6                __vector_44
                0x00000000000003b6                __vector_82
                0x00000000000003b6                __vector_106
                0x00000000000003b6                __vector_118
                0x00000000000003b6                __vector_51
                0x00000000000003b6                __vector_9
                0x00000000000003b6                __vector_2
                0x00000000000003b6                __vector_21
                0x00000000000003b6                __vector_15
                0x00000000000003b6                __vector_66
                0x00000000000003b6                __vector_36
                0x00000000000003b6                __vector_79
                0x00000000000003b6                __vector_58
                0x00000000000003b6                __vector_70
                0x00000000000003b6                __vector_83
                0x00000000000003b6                __vector_29
                0x00000000000003b6                __vector_60
                0x00000000000003b6                __vector_121
                0x00000000000003b6                __vector_40
                0x00000000000003b6                __vector_85
                0x00000000000003b6                __vector_94
                0x00000000000003b6                __vector_8
                0x00000000000003b6                __vector_26
                0x00000000000003b6                __vector_48
                0x00000000000003b6                __vector_124
                0x00000000000003b6                __vector_116
                0x00000000000003b6                __vector_112
                0x00000000000003b6                __vector_111
                0x00000000000003b6                __vector_80
                0x00000000000003b6                __vector_14
                0x00000000000003b6                __vector_84
                0x00000000000003b6                __vector_57
                0x00000000000003b6                __vector_53
                0x00000000000003b6                __vector_10
                0x00000000000003b6                __vector_50
                0x00000000000003b6                __vector_16
                0x00000000000003b6                __vector_59
                0x00000000000003b6                __vector_18
                0x00000000000003b6                __vector_97
                0x00000000000003b6                __vector_20
                0x00000000000003b6                __vector_42
                0x00000000000003b6                __vector_87
                0x00000000000003b6                __vector_65
                0x00000000000003b6                __vector_120
 .text          0x00000000000003b8      0x19e usb/usb_xmega.o
                0x00000000000003b8                EVENT_USB_Device_WakeUp
                0x00000000000003b8                USB_Event_Stub
                0x00000000000003b8                EVENT_USB_Device_Suspend
                0x00000000000003b8                EVENT_USB_Device_StartOfFrame
                0x00000000000003b8                EVENT_USB_Device_Reset
                0x00000000000003ba                USB_Event_Stub_Bool
                0x00000000000003ba                EVENT_USB_Device_SetInterface
                0x00000000000003be                USB_Init
                0x0000000000000444                USB_ResetInterface
                0x0000000000000492                USB_ep0_send_progmem
                0x00000000000004dc                USB_ConfigureClock
 .text          0x0000000000000556      0x28c usb/usb_requests.o
                0x0000000000000556                USB_HandleSetup
 .text          0x00000000000007e2      0x7ec main.o
                0x00000000000009a0                EVENT_USB_Device_ConfigurationChanged
                0x00000000000009ee                __vector_125
                0x0000000000000a76                __vector_126
                0x0000000000000c86                concat
                0x0000000000000cf2                parse_nmea_string
                0x0000000000000d5e                EVENT_USB_Device_ControlRequest
                0x0000000000000fa2                EVENT_USB_Device_ControlOUT
 .text          0x0000000000000fce       0x6c Descriptors.o
                0x0000000000000fce                CALLBACK_USB_GetDescriptor
                0x000000000000103a                . = ALIGN (0x2)
 *(.text.*)
 .text.startup  0x000000000000103a      0x876 main.o
                0x000000000000103a                main
 .text.avr-libc
                0x00000000000018b0      0x6da /usr/lib/gcc/avr/4.6.2/../../../avr/lib/avrxmega2/libprintf_flt.a(vfprintf_flt.o)
                0x00000000000018b0                vfprintf
 .text.libgcc   0x0000000000001f8a       0x32 /usr/lib/gcc/avr/4.6.2/avrxmega2/libgcc.a(_prologue.o)
                0x0000000000001f8a                __prologue_saves__
 .text.libgcc   0x0000000000001fbc       0x30 /usr/lib/gcc/avr/4.6.2/avrxmega2/libgcc.a(_epilogue.o)
                0x0000000000001fbc                __epilogue_restores__
 .text.avr-libc
                0x0000000000001fec      0x25e /usr/lib/gcc/avr/4.6.2/../../../avr/lib/avrxmega2/libc.a(malloc.o)
                0x0000000000001fec                malloc
                0x0000000000002118                free
 .text.avr-libc
                0x000000000000224a      0x1b0 /usr/lib/gcc/avr/4.6.2/../../../avr/lib/avrxmega2/libc.a(ftoa_engine.o)
                0x000000000000224a                __ftoa_engine
 .text.avr-libc
                0x00000000000023fa       0x16 /usr/lib/gcc/avr/4.6.2/../../../avr/lib/avrxmega2/libc.a(strnlen_P.o)
                0x00000000000023fa                strnlen_P
 .text.avr-libc
                0x0000000000002410        0x6 /usr/lib/gcc/avr/4.6.2/../../../avr/lib/avrxmega2/libc.a(strtok.o)
                0x0000000000002410                strtok
 .text.avr-libc
                0x0000000000002416       0x16 /usr/lib/gcc/avr/4.6.2/../../../avr/lib/avrxmega2/libc.a(strcat.o)
                0x0000000000002416                strcat
 .text.avr-libc
                0x000000000000242c        0xe /usr/lib/gcc/avr/4.6.2/../../../avr/lib/avrxmega2/libc.a(strcpy.o)
                0x000000000000242c                strcpy
 .text.avr-libc
                0x000000000000243a       0x16 /usr/lib/gcc/avr/4.6.2/../../../avr/lib/avrxmega2/libc.a(strnlen.o)
                0x000000000000243a                strnlen
 .text.avr-libc
                0x0000000000002450       0x4e /usr/lib/gcc/avr/4.6.2/../../../avr/lib/avrxmega2/libc.a(strtok_r.o)
                0x0000000000002450                strtok_r
 .text.avr-libc
                0x000000000000249e       0x58 /usr/lib/gcc/avr/4.6.2/../../../avr/lib/avrxmega2/libc.a(fputc.o)
                0x000000000000249e                fputc
 .text.avr-libc
                0x00000000000024f6       0xbc /usr/lib/gcc/avr/4.6.2/../../../avr/lib/avrxmega2/libc.a(ultoa_invert.o)
                0x00000000000024f6                __ultoa_invert
 .text.avr-libc
                0x00000000000025b2       0x16 /usr/lib/gcc/avr/4.6.2/../../../avr/lib/avrxmega2/libc.a(eerd_block_atxmega32a4u.o)
                0x00000000000025b2                __eerd_block_x32a4u
 .text.avr-libc
                0x00000000000025c8       0x1e /usr/lib/gcc/avr/4.6.2/../../../avr/lib/avrxmega2/libc.a(eeupd_block_atxmega32a4u.o)
                0x00000000000025c8                __eeupd_block_x32a4u
 .text.avr-libc
                0x00000000000025e6       0x12 /usr/lib/gcc/avr/4.6.2/../../../avr/lib/avrxmega2/libc.a(eeupd_byte_atxmega32a4u.o)
                0x00000000000025e6                __eeupd_byte_x32a4u
                0x00000000000025e8                __eeupd_r18_x32a4u
 .text.avr-libc
                0x00000000000025f8       0x46 /usr/lib/gcc/avr/4.6.2/../../../avr/lib/avrxmega2/libc.a(eewr_byte_atxmega32a4u.o)
                0x00000000000025f8                __eewr_byte_x32a4u
                0x00000000000025fa                __eewr_r18_x32a4u
 .text.avr-libc
                0x000000000000263e       0x20 /usr/lib/gcc/avr/4.6.2/../../../avr/lib/avrxmega2/libc.a(eerd_byte_atxmega32c4.o)
                0x000000000000263e                __eerd_byte_x32c4
                0x0000000000002646                eeprom_mapen
 .text.avr-libc
                0x000000000000265e       0x12 /usr/lib/gcc/avr/4.6.2/../../../avr/lib/avrxmega2/libc.a(memcpy.o)
                0x000000000000265e                memcpy
                0x0000000000002670                . = ALIGN (0x2)
 *(.fini9)
 .fini9         0x0000000000002670        0x0 /usr/lib/gcc/avr/4.6.2/avrxmega2/libgcc.a(_exit.o)
                0x0000000000002670                exit
                0x0000000000002670                _exit
 *(.fini9)
 *(.fini8)
 *(.fini8)
 *(.fini7)
 *(.fini7)
 *(.fini6)
 *(.fini6)
 *(.fini5)
 *(.fini5)
 *(.fini4)
 *(.fini4)
 *(.fini3)
 *(.fini3)
 *(.fini2)
 *(.fini2)
 *(.fini1)
 *(.fini1)
 *(.fini0)
 .fini0         0x0000000000002670        0x4 /usr/lib/gcc/avr/4.6.2/avrxmega2/libgcc.a(_exit.o)
 *(.fini0)
                0x0000000000002674                _etext = .

.data           0x0000000000802000       0xc8 load address 0x0000000000002674
                0x0000000000802000                PROVIDE (__data_start, .)
 *(.data)
 .data          0x0000000000802000        0x0 /usr/lib/gcc/avr/4.6.2/../../../avr/lib/avrxmega2/crtx32a4u.o
 .data          0x0000000000802000       0x30 usb/usb_xmega.o
                0x0000000000802000                endpoints
 .data          0x0000000000802030        0x0 usb/usb_requests.o
 .data          0x0000000000802030       0x90 main.o
                0x00000000008020bb                ep_in_pipe_data
 .data          0x00000000008020c0        0x0 Descriptors.o
 .data          0x00000000008020c0        0x2 nmea/nmea.o
 .data          0x00000000008020c2        0x0 /usr/lib/gcc/avr/4.6.2/../../../avr/lib/avrxmega2/libprintf_flt.a(vfprintf_flt.o)
 .data          0x00000000008020c2        0x0 /usr/lib/gcc/avr/4.6.2/../../../avr/lib/avrxmega2/libm.a(addsf3.o)
 .data          0x00000000008020c2        0x0 /usr/lib/gcc/avr/4.6.2/../../../avr/lib/avrxmega2/libm.a(addsf3x.o)
 .data          0x00000000008020c2        0x0 /usr/lib/gcc/avr/4.6.2/../../../avr/lib/avrxmega2/libm.a(cmpsf2.o)
 .data          0x00000000008020c2        0x0 /usr/lib/gcc/avr/4.6.2/../../../avr/lib/avrxmega2/libm.a(divsf3.o)
 .data          0x00000000008020c2        0x0 /usr/lib/gcc/avr/4.6.2/../../../avr/lib/avrxmega2/libm.a(divsf3x.o)
 .data          0x00000000008020c2        0x0 /usr/lib/gcc/avr/4.6.2/../../../avr/lib/avrxmega2/libm.a(fp_cmp.o)
 .data          0x00000000008020c2        0x0 /usr/lib/gcc/avr/4.6.2/../../../avr/lib/avrxmega2/libm.a(fp_inf.o)
 .data          0x00000000008020c2        0x0 /usr/lib/gcc/avr/4.6.2/../../../avr/lib/avrxmega2/libm.a(fp_nan.o)
 .data          0x00000000008020c2        0x0 /usr/lib/gcc/avr/4.6.2/../../../avr/lib/avrxmega2/libm.a(fp_pscA.o)
 .data          0x00000000008020c2        0x0 /usr/lib/gcc/avr/4.6.2/../../../avr/lib/avrxmega2/libm.a(fp_pscB.o)
 .data          0x00000000008020c2        0x0 /usr/lib/gcc/avr/4.6.2/../../../avr/lib/avrxmega2/libm.a(fp_round.o)
 .data          0x00000000008020c2        0x0 /usr/lib/gcc/avr/4.6.2/../../../avr/lib/avrxmega2/libm.a(fp_split3.o)
 .data          0x00000000008020c2        0x0 /usr/lib/gcc/avr/4.6.2/../../../avr/lib/avrxmega2/libm.a(fp_zero.o)
 .data          0x00000000008020c2        0x0 /usr/lib/gcc/avr/4.6.2/../../../avr/lib/avrxmega2/libm.a(gesf2.o)
 .data          0x00000000008020c2        0x0 /usr/lib/gcc/avr/4.6.2/../../../avr/lib/avrxmega2/libm.a(mulsf3.o)
 .data          0x00000000008020c2        0x0 /usr/lib/gcc/avr/4.6.2/../../../avr/lib/avrxmega2/libm.a(mulsf3x.o)
 .data          0x00000000008020c2        0x0 /usr/lib/gcc/avr/4.6.2/avrxmega2/libgcc.a(_prologue.o)
 .data          0x00000000008020c2        0x0 /usr/lib/gcc/avr/4.6.2/avrxmega2/libgcc.a(_epilogue.o)
 .data          0x00000000008020c2        0x0 /usr/lib/gcc/avr/4.6.2/avrxmega2/libgcc.a(_exit.o)
 .data          0x00000000008020c2        0x0 /usr/lib/gcc/avr/4.6.2/avrxmega2/libgcc.a(_copy_data.o)
 .data          0x00000000008020c2        0x0 /usr/lib/gcc/avr/4.6.2/avrxmega2/libgcc.a(_clear_bss.o)
 .data          0x00000000008020c2        0x6 /usr/lib/gcc/avr/4.6.2/../../../avr/lib/avrxmega2/libc.a(malloc.o)
                0x00000000008020c2                __malloc_heap_end
                0x00000000008020c4                __malloc_heap_start
                0x00000000008020c6                __malloc_margin
 .data          0x00000000008020c8        0x0 /usr/lib/gcc/avr/4.6.2/../../../avr/lib/avrxmega2/libc.a(strtoul.o)
 .data          0x00000000008020c8        0x0 /usr/lib/gcc/avr/4.6.2/../../../avr/lib/avrxmega2/libc.a(ftoa_engine.o)
 .data          0x00000000008020c8        0x0 /usr/lib/gcc/avr/4.6.2/../../../avr/lib/avrxmega2/libc.a(isspace.o)
 .data          0x00000000008020c8        0x0 /usr/lib/gcc/avr/4.6.2/../../../avr/lib/avrxmega2/libc.a(strncmp_P.o)
 .data          0x00000000008020c8        0x0 /usr/lib/gcc/avr/4.6.2/../../../avr/lib/avrxmega2/libc.a(strnlen_P.o)
 .data          0x00000000008020c8        0x0 /usr/lib/gcc/avr/4.6.2/../../../avr/lib/avrxmega2/libc.a(strtok.o)
 .data          0x00000000008020c8        0x0 /usr/lib/gcc/avr/4.6.2/../../../avr/lib/avrxmega2/libc.a(strcat.o)
 .data          0x00000000008020c8        0x0 /usr/lib/gcc/avr/4.6.2/../../../avr/lib/avrxmega2/libc.a(strcpy.o)
 .data          0x00000000008020c8        0x0 /usr/lib/gcc/avr/4.6.2/../../../avr/lib/avrxmega2/libc.a(strnlen.o)
 .data          0x00000000008020c8        0x0 /usr/lib/gcc/avr/4.6.2/../../../avr/lib/avrxmega2/libc.a(strsep.o)
 .data          0x00000000008020c8        0x0 /usr/lib/gcc/avr/4.6.2/../../../avr/lib/avrxmega2/libc.a(strtok_r.o)
 .data          0x00000000008020c8        0x0 /usr/lib/gcc/avr/4.6.2/../../../avr/lib/avrxmega2/libc.a(fputc.o)
 .data          0x00000000008020c8        0x0 /usr/lib/gcc/avr/4.6.2/../../../avr/lib/avrxmega2/libc.a(sscanf_p.o)
 .data          0x00000000008020c8        0x0 /usr/lib/gcc/avr/4.6.2/../../../avr/lib/avrxmega2/libc.a(ultoa_invert.o)
 .data          0x00000000008020c8        0x0 /usr/lib/gcc/avr/4.6.2/../../../avr/lib/avrxmega2/libc.a(vfscanf_std.o)
 .data          0x00000000008020c8        0x0 /usr/lib/gcc/avr/4.6.2/../../../avr/lib/avrxmega2/libc.a(eerd_block_atxmega32a4u.o)
 .data          0x00000000008020c8        0x0 /usr/lib/gcc/avr/4.6.2/../../../avr/lib/avrxmega2/libc.a(eeupd_block_atxmega32a4u.o)
 .data          0x00000000008020c8        0x0 /usr/lib/gcc/avr/4.6.2/../../../avr/lib/avrxmega2/libc.a(eeupd_byte_atxmega32a4u.o)
 .data          0x00000000008020c8        0x0 /usr/lib/gcc/avr/4.6.2/../../../avr/lib/avrxmega2/libc.a(eewr_byte_atxmega32a4u.o)
 .data          0x00000000008020c8        0x0 /usr/lib/gcc/avr/4.6.2/../../../avr/lib/avrxmega2/libc.a(eerd_byte_atxmega32c4.o)
 .data          0x00000000008020c8        0x0 /usr/lib/gcc/avr/4.6.2/../../../avr/lib/avrxmega2/libc.a(errno.o)
 .data          0x00000000008020c8        0x0 /usr/lib/gcc/avr/4.6.2/../../../avr/lib/avrxmega2/libc.a(cty_isfalse.o)
 .data          0x00000000008020c8        0x0 /usr/lib/gcc/avr/4.6.2/../../../avr/lib/avrxmega2/libc.a(strchr_P.o)
 .data          0x00000000008020c8        0x0 /usr/lib/gcc/avr/4.6.2/../../../avr/lib/avrxmega2/libc.a(memcpy.o)
 .data          0x00000000008020c8        0x0 /usr/lib/gcc/avr/4.6.2/../../../avr/lib/avrxmega2/libc.a(fgetc.o)
 .data          0x00000000008020c8        0x0 /usr/lib/gcc/avr/4.6.2/../../../avr/lib/avrxmega2/libc.a(ungetc.o)
 .data          0x00000000008020c8        0x0 /usr/lib/gcc/avr/4.6.2/avrxmega2/libgcc.a(_mulsi3.o)
 .data          0x00000000008020c8        0x0 /usr/lib/gcc/avr/4.6.2/avrxmega2/libgcc.a(_udivmodsi4.o)
 *(.data*)
 *(.rodata)
 *(.rodata*)
 *(.gnu.linkonce.d*)
                0x00000000008020c8                . = ALIGN (0x2)
                0x00000000008020c8                _edata = .
                0x00000000008020c8                PROVIDE (__data_end, .)

.bss            0x00000000008020c8      0x292
                0x00000000008020c8                PROVIDE (__bss_start, .)
 *(.bss)
 .bss           0x00000000008020c8        0x8 main.o
                0x00000000008020c8                cmd_data
                0x00000000008020c9                usb_cmd
                0x00000000008020ca                updating
                0x00000000008020cb                timeout_or_sampling_no_longer_enabled
                0x00000000008020cc                ep_in_data
 .bss           0x00000000008020d0        0x2 /usr/lib/gcc/avr/4.6.2/../../../avr/lib/avrxmega2/libc.a(strtok.o)
 *(.bss*)
 *(COMMON)
 COMMON         0x00000000008020d2       0x82 usb/usb_xmega.o
                0x00000000008020d2                ep0_buf_in
                0x0000000000802112                USB_DeviceState
                0x0000000000802113                USB_Device_ConfigurationNumber
                0x0000000000802114                ep0_buf_out
 COMMON         0x0000000000802154      0x202 main.o
                0x0000000000802154                ep_in_pipe_buffer
                0x0000000000802354                message
 COMMON         0x0000000000802356        0x4 /usr/lib/gcc/avr/4.6.2/../../../avr/lib/avrxmega2/libc.a(malloc.o)
                0x0000000000802356                __brkval
                0x0000000000802358                __flp
                0x000000000080235a                PROVIDE (__bss_end, .)
                0x0000000000002674                __data_load_start = LOADADDR (.data)
                0x000000000000273c                __data_load_end = (__data_load_start + SIZEOF (.data))

.noinit         0x000000000080235a        0x0
                0x000000000080235a                PROVIDE (__noinit_start, .)
 *(.noinit*)
                0x000000000080235a                PROVIDE (__noinit_end, .)
                0x000000000080235a                _end = .
                0x000000000080235a                PROVIDE (__heap_start, .)

.eeprom         0x0000000000810000        0x0
 *(.eeprom*)
                0x0000000000810000                __eeprom_end = .

.fuse
 *(.fuse)
 *(.lfuse)
 *(.hfuse)
 *(.efuse)

.lock
 *(.lock*)

.signature
 *(.signature*)

.stab           0x0000000000000000     0x39e4
 *(.stab)
 .stab          0x0000000000000000      0x6cc /usr/lib/gcc/avr/4.6.2/../../../avr/lib/avrxmega2/crtx32a4u.o
 .stab          0x00000000000006cc       0x78 /usr/lib/gcc/avr/4.6.2/../../../avr/lib/avrxmega2/libm.a(addsf3.o)
                                         0x84 (size before relaxing)
 .stab          0x0000000000000744      0x4bc /usr/lib/gcc/avr/4.6.2/../../../avr/lib/avrxmega2/libm.a(addsf3x.o)
                                        0x4c8 (size before relaxing)
 .stab          0x0000000000000c00       0x90 /usr/lib/gcc/avr/4.6.2/../../../avr/lib/avrxmega2/libm.a(cmpsf2.o)
                                         0x9c (size before relaxing)
 .stab          0x0000000000000c90       0x48 /usr/lib/gcc/avr/4.6.2/../../../avr/lib/avrxmega2/libm.a(divsf3.o)
                                         0x54 (size before relaxing)
 .stab          0x0000000000000cd8      0x510 /usr/lib/gcc/avr/4.6.2/../../../avr/lib/avrxmega2/libm.a(divsf3x.o)
                                        0x51c (size before relaxing)
 .stab          0x00000000000011e8      0x1e0 /usr/lib/gcc/avr/4.6.2/../../../avr/lib/avrxmega2/libm.a(fp_cmp.o)
                                        0x1ec (size before relaxing)
 .stab          0x00000000000013c8       0x78 /usr/lib/gcc/avr/4.6.2/../../../avr/lib/avrxmega2/libm.a(fp_inf.o)
                                         0x84 (size before relaxing)
 .stab          0x0000000000001440       0x54 /usr/lib/gcc/avr/4.6.2/../../../avr/lib/avrxmega2/libm.a(fp_nan.o)
                                         0x60 (size before relaxing)
 .stab          0x0000000000001494       0x84 /usr/lib/gcc/avr/4.6.2/../../../avr/lib/avrxmega2/libm.a(fp_pscA.o)
                                         0x90 (size before relaxing)
 .stab          0x0000000000001518       0x84 /usr/lib/gcc/avr/4.6.2/../../../avr/lib/avrxmega2/libm.a(fp_pscB.o)
                                         0x90 (size before relaxing)
 .stab          0x000000000000159c       0xfc /usr/lib/gcc/avr/4.6.2/../../../avr/lib/avrxmega2/libm.a(fp_round.o)
                                        0x108 (size before relaxing)
 .stab          0x0000000000001698      0x1d4 /usr/lib/gcc/avr/4.6.2/../../../avr/lib/avrxmega2/libm.a(fp_split3.o)
                                        0x1e0 (size before relaxing)
 .stab          0x000000000000186c       0x90 /usr/lib/gcc/avr/4.6.2/../../../avr/lib/avrxmega2/libm.a(fp_zero.o)
                                         0x9c (size before relaxing)
 .stab          0x00000000000018fc       0x6c /usr/lib/gcc/avr/4.6.2/../../../avr/lib/avrxmega2/libm.a(gesf2.o)
                                         0x78 (size before relaxing)
 .stab          0x0000000000001968       0x48 /usr/lib/gcc/avr/4.6.2/../../../avr/lib/avrxmega2/libm.a(mulsf3.o)
                                         0x54 (size before relaxing)
 .stab          0x00000000000019b0      0x4d4 /usr/lib/gcc/avr/4.6.2/../../../avr/lib/avrxmega2/libm.a(mulsf3x.o)
                                        0x4e0 (size before relaxing)
 .stab          0x0000000000001e84      0xa38 /usr/lib/gcc/avr/4.6.2/../../../avr/lib/avrxmega2/libc.a(ftoa_engine.o)
                                        0xa44 (size before relaxing)
 .stab          0x00000000000028bc       0x18 /usr/lib/gcc/avr/4.6.2/../../../avr/lib/avrxmega2/libc.a(isspace.o)
                                         0xa8 (size before relaxing)
 .stab          0x00000000000028d4       0xc0 /usr/lib/gcc/avr/4.6.2/../../../avr/lib/avrxmega2/libc.a(strncmp_P.o)
                                         0xcc (size before relaxing)
 .stab          0x0000000000002994       0x9c /usr/lib/gcc/avr/4.6.2/../../../avr/lib/avrxmega2/libc.a(strnlen_P.o)
                                         0xa8 (size before relaxing)
 .stab          0x0000000000002a30       0x9c /usr/lib/gcc/avr/4.6.2/../../../avr/lib/avrxmega2/libc.a(strcat.o)
                                         0xa8 (size before relaxing)
 .stab          0x0000000000002acc       0x6c /usr/lib/gcc/avr/4.6.2/../../../avr/lib/avrxmega2/libc.a(strcpy.o)
                                         0x78 (size before relaxing)
 .stab          0x0000000000002b38       0x9c /usr/lib/gcc/avr/4.6.2/../../../avr/lib/avrxmega2/libc.a(strnlen.o)
                                         0xa8 (size before relaxing)
 .stab          0x0000000000002bd4      0x138 /usr/lib/gcc/avr/4.6.2/../../../avr/lib/avrxmega2/libc.a(strsep.o)
                                        0x144 (size before relaxing)
 .stab          0x0000000000002d0c      0x204 /usr/lib/gcc/avr/4.6.2/../../../avr/lib/avrxmega2/libc.a(strtok_r.o)
                                        0x210 (size before relaxing)
 .stab          0x0000000000002f10      0x480 /usr/lib/gcc/avr/4.6.2/../../../avr/lib/avrxmega2/libc.a(ultoa_invert.o)
                                        0x48c (size before relaxing)
 .stab          0x0000000000003390       0xb4 /usr/lib/gcc/avr/4.6.2/../../../avr/lib/avrxmega2/libc.a(eerd_block_atxmega32a4u.o)
                                         0xc0 (size before relaxing)
 .stab          0x0000000000003444       0xe4 /usr/lib/gcc/avr/4.6.2/../../../avr/lib/avrxmega2/libc.a(eeupd_block_atxmega32a4u.o)
                                         0xf0 (size before relaxing)
 .stab          0x0000000000003528       0xa8 /usr/lib/gcc/avr/4.6.2/../../../avr/lib/avrxmega2/libc.a(eeupd_byte_atxmega32a4u.o)
                                         0xb4 (size before relaxing)
 .stab          0x00000000000035d0      0x1e0 /usr/lib/gcc/avr/4.6.2/../../../avr/lib/avrxmega2/libc.a(eewr_byte_atxmega32a4u.o)
                                        0x1ec (size before relaxing)
 .stab          0x00000000000037b0       0xfc /usr/lib/gcc/avr/4.6.2/../../../avr/lib/avrxmega2/libc.a(eerd_byte_atxmega32c4.o)
                                        0x108 (size before relaxing)
 .stab          0x00000000000038ac       0x18 /usr/lib/gcc/avr/4.6.2/../../../avr/lib/avrxmega2/libc.a(cty_isfalse.o)
                                         0x6c (size before relaxing)
 .stab          0x00000000000038c4       0x9c /usr/lib/gcc/avr/4.6.2/../../../avr/lib/avrxmega2/libc.a(strchr_P.o)
                                         0xa8 (size before relaxing)
 .stab          0x0000000000003960       0x84 /usr/lib/gcc/avr/4.6.2/../../../avr/lib/avrxmega2/libc.a(memcpy.o)
                                         0x90 (size before relaxing)

.stabstr        0x0000000000000000      0x6f3
 *(.stabstr)
 .stabstr       0x0000000000000000      0x6f3 /usr/lib/gcc/avr/4.6.2/../../../avr/lib/avrxmega2/crtx32a4u.o

.stab.excl
 *(.stab.excl)

.stab.exclstr
 *(.stab.exclstr)

.stab.index
 *(.stab.index)

.stab.indexstr
 *(.stab.indexstr)

.comment
 *(.comment)

.debug
 *(.debug)

.line
 *(.line)

.debug_srcinfo
 *(.debug_srcinfo)

.debug_sfnames
 *(.debug_sfnames)

.debug_aranges  0x0000000000000000      0x2d8
 *(.debug_aranges)
 .debug_aranges
                0x0000000000000000       0x20 usb/usb_xmega.o
 .debug_aranges
                0x0000000000000020       0x20 usb/usb_requests.o
 .debug_aranges
                0x0000000000000040       0x28 main.o
 .debug_aranges
                0x0000000000000068       0x20 Descriptors.o
 .debug_aranges
                0x0000000000000088       0x20 nmea/nmea.o
 .debug_aranges
                0x00000000000000a8       0x20 /usr/lib/gcc/avr/4.6.2/../../../avr/lib/avrxmega2/libprintf_flt.a(vfprintf_flt.o)
 .debug_aranges
                0x00000000000000c8       0x20 /usr/lib/gcc/avr/4.6.2/avrxmega2/libgcc.a(_prologue.o)
 .debug_aranges
                0x00000000000000e8       0x20 /usr/lib/gcc/avr/4.6.2/avrxmega2/libgcc.a(_epilogue.o)
 .debug_aranges
                0x0000000000000108       0x20 /usr/lib/gcc/avr/4.6.2/avrxmega2/libgcc.a(_exit.o)
 .debug_aranges
                0x0000000000000128       0x20 /usr/lib/gcc/avr/4.6.2/avrxmega2/libgcc.a(_copy_data.o)
 .debug_aranges
                0x0000000000000148       0x20 /usr/lib/gcc/avr/4.6.2/avrxmega2/libgcc.a(_clear_bss.o)
 .debug_aranges
                0x0000000000000168       0x28 /usr/lib/gcc/avr/4.6.2/../../../avr/lib/avrxmega2/libc.a(malloc.o)
 .debug_aranges
                0x0000000000000190       0x20 /usr/lib/gcc/avr/4.6.2/../../../avr/lib/avrxmega2/libc.a(strtoul.o)
 .debug_aranges
                0x00000000000001b0       0x20 /usr/lib/gcc/avr/4.6.2/../../../avr/lib/avrxmega2/libc.a(strtok.o)
 .debug_aranges
                0x00000000000001d0       0x20 /usr/lib/gcc/avr/4.6.2/../../../avr/lib/avrxmega2/libc.a(fputc.o)
 .debug_aranges
                0x00000000000001f0       0x20 /usr/lib/gcc/avr/4.6.2/../../../avr/lib/avrxmega2/libc.a(sscanf_p.o)
 .debug_aranges
                0x0000000000000210       0x48 /usr/lib/gcc/avr/4.6.2/../../../avr/lib/avrxmega2/libc.a(vfscanf_std.o)
 .debug_aranges
                0x0000000000000258       0x20 /usr/lib/gcc/avr/4.6.2/../../../avr/lib/avrxmega2/libc.a(fgetc.o)
 .debug_aranges
                0x0000000000000278       0x20 /usr/lib/gcc/avr/4.6.2/../../../avr/lib/avrxmega2/libc.a(ungetc.o)
 .debug_aranges
                0x0000000000000298       0x20 /usr/lib/gcc/avr/4.6.2/avrxmega2/libgcc.a(_mulsi3.o)
 .debug_aranges
                0x00000000000002b8       0x20 /usr/lib/gcc/avr/4.6.2/avrxmega2/libgcc.a(_udivmodsi4.o)

.debug_pubnames
 *(.debug_pubnames)

.debug_info     0x0000000000000000     0x71f0
 *(.debug_info)
 .debug_info    0x0000000000000000      0xde8 usb/usb_xmega.o
 .debug_info    0x0000000000000de8     0x1228 usb/usb_requests.o
 .debug_info    0x0000000000002010     0x2ef9 main.o
 .debug_info    0x0000000000004f09      0x7e1 Descriptors.o
 .debug_info    0x00000000000056ea      0x2d3 nmea/nmea.o
 .debug_info    0x00000000000059bd      0x3df /usr/lib/gcc/avr/4.6.2/../../../avr/lib/avrxmega2/libprintf_flt.a(vfprintf_flt.o)
 .debug_info    0x0000000000005d9c       0x9b /usr/lib/gcc/avr/4.6.2/avrxmega2/libgcc.a(_prologue.o)
 .debug_info    0x0000000000005e37       0x9b /usr/lib/gcc/avr/4.6.2/avrxmega2/libgcc.a(_epilogue.o)
 .debug_info    0x0000000000005ed2       0x9b /usr/lib/gcc/avr/4.6.2/avrxmega2/libgcc.a(_exit.o)
 .debug_info    0x0000000000005f6d       0x9b /usr/lib/gcc/avr/4.6.2/avrxmega2/libgcc.a(_copy_data.o)
 .debug_info    0x0000000000006008       0x9b /usr/lib/gcc/avr/4.6.2/avrxmega2/libgcc.a(_clear_bss.o)
 .debug_info    0x00000000000060a3      0x29a /usr/lib/gcc/avr/4.6.2/../../../avr/lib/avrxmega2/libc.a(malloc.o)
 .debug_info    0x000000000000633d      0x120 /usr/lib/gcc/avr/4.6.2/../../../avr/lib/avrxmega2/libc.a(strtoul.o)
 .debug_info    0x000000000000645d       0x92 /usr/lib/gcc/avr/4.6.2/../../../avr/lib/avrxmega2/libc.a(strtok.o)
 .debug_info    0x00000000000064ef      0x16b /usr/lib/gcc/avr/4.6.2/../../../avr/lib/avrxmega2/libc.a(fputc.o)
 .debug_info    0x000000000000665a      0x1bb /usr/lib/gcc/avr/4.6.2/../../../avr/lib/avrxmega2/libc.a(sscanf_p.o)
 .debug_info    0x0000000000006815      0x58c /usr/lib/gcc/avr/4.6.2/../../../avr/lib/avrxmega2/libc.a(vfscanf_std.o)
 .debug_info    0x0000000000006da1       0x3f /usr/lib/gcc/avr/4.6.2/../../../avr/lib/avrxmega2/libc.a(errno.o)
 .debug_info    0x0000000000006de0      0x16c /usr/lib/gcc/avr/4.6.2/../../../avr/lib/avrxmega2/libc.a(fgetc.o)
 .debug_info    0x0000000000006f4c      0x16e /usr/lib/gcc/avr/4.6.2/../../../avr/lib/avrxmega2/libc.a(ungetc.o)
 .debug_info    0x00000000000070ba       0x9b /usr/lib/gcc/avr/4.6.2/avrxmega2/libgcc.a(_mulsi3.o)
 .debug_info    0x0000000000007155       0x9b /usr/lib/gcc/avr/4.6.2/avrxmega2/libgcc.a(_udivmodsi4.o)
 *(.gnu.linkonce.wi.*)

.debug_abbrev   0x0000000000000000     0x1668
 *(.debug_abbrev)
 .debug_abbrev  0x0000000000000000      0x2ee usb/usb_xmega.o
 .debug_abbrev  0x00000000000002ee      0x293 usb/usb_requests.o
 .debug_abbrev  0x0000000000000581      0x436 main.o
 .debug_abbrev  0x00000000000009b7      0x1df Descriptors.o
 .debug_abbrev  0x0000000000000b96      0x121 nmea/nmea.o
 .debug_abbrev  0x0000000000000cb7      0x161 /usr/lib/gcc/avr/4.6.2/../../../avr/lib/avrxmega2/libprintf_flt.a(vfprintf_flt.o)
 .debug_abbrev  0x0000000000000e18       0x14 /usr/lib/gcc/avr/4.6.2/avrxmega2/libgcc.a(_prologue.o)
 .debug_abbrev  0x0000000000000e2c       0x14 /usr/lib/gcc/avr/4.6.2/avrxmega2/libgcc.a(_epilogue.o)
 .debug_abbrev  0x0000000000000e40       0x14 /usr/lib/gcc/avr/4.6.2/avrxmega2/libgcc.a(_exit.o)
 .debug_abbrev  0x0000000000000e54       0x14 /usr/lib/gcc/avr/4.6.2/avrxmega2/libgcc.a(_copy_data.o)
 .debug_abbrev  0x0000000000000e68       0x14 /usr/lib/gcc/avr/4.6.2/avrxmega2/libgcc.a(_clear_bss.o)
 .debug_abbrev  0x0000000000000e7c       0xf7 /usr/lib/gcc/avr/4.6.2/../../../avr/lib/avrxmega2/libc.a(malloc.o)
 .debug_abbrev  0x0000000000000f73       0x93 /usr/lib/gcc/avr/4.6.2/../../../avr/lib/avrxmega2/libc.a(strtoul.o)
 .debug_abbrev  0x0000000000001006       0x77 /usr/lib/gcc/avr/4.6.2/../../../avr/lib/avrxmega2/libc.a(strtok.o)
 .debug_abbrev  0x000000000000107d       0xdb /usr/lib/gcc/avr/4.6.2/../../../avr/lib/avrxmega2/libc.a(fputc.o)
 .debug_abbrev  0x0000000000001158       0xff /usr/lib/gcc/avr/4.6.2/../../../avr/lib/avrxmega2/libc.a(sscanf_p.o)
 .debug_abbrev  0x0000000000001257      0x203 /usr/lib/gcc/avr/4.6.2/../../../avr/lib/avrxmega2/libc.a(vfscanf_std.o)
 .debug_abbrev  0x000000000000145a       0x30 /usr/lib/gcc/avr/4.6.2/../../../avr/lib/avrxmega2/libc.a(errno.o)
 .debug_abbrev  0x000000000000148a       0xdb /usr/lib/gcc/avr/4.6.2/../../../avr/lib/avrxmega2/libc.a(fgetc.o)
 .debug_abbrev  0x0000000000001565       0xdb /usr/lib/gcc/avr/4.6.2/../../../avr/lib/avrxmega2/libc.a(ungetc.o)
 .debug_abbrev  0x0000000000001640       0x14 /usr/lib/gcc/avr/4.6.2/avrxmega2/libgcc.a(_mulsi3.o)
 .debug_abbrev  0x0000000000001654       0x14 /usr/lib/gcc/avr/4.6.2/avrxmega2/libgcc.a(_udivmodsi4.o)

.debug_line     0x0000000000000000     0x1a07
 *(.debug_line)
 .debug_line    0x0000000000000000      0x135 usb/usb_xmega.o
 .debug_line    0x0000000000000135      0x19d usb/usb_requests.o
 .debug_line    0x00000000000002d2      0x7c2 main.o
 .debug_line    0x0000000000000a94      0x135 Descriptors.o
 .debug_line    0x0000000000000bc9      0x140 nmea/nmea.o
 .debug_line    0x0000000000000d09      0x31b /usr/lib/gcc/avr/4.6.2/../../../avr/lib/avrxmega2/libprintf_flt.a(vfprintf_flt.o)
 .debug_line    0x0000000000001024       0x75 /usr/lib/gcc/avr/4.6.2/avrxmega2/libgcc.a(_prologue.o)
 .debug_line    0x0000000000001099       0x72 /usr/lib/gcc/avr/4.6.2/avrxmega2/libgcc.a(_epilogue.o)
 .debug_line    0x000000000000110b       0x5c /usr/lib/gcc/avr/4.6.2/avrxmega2/libgcc.a(_exit.o)
 .debug_line    0x0000000000001167       0x65 /usr/lib/gcc/avr/4.6.2/avrxmega2/libgcc.a(_copy_data.o)
 .debug_line    0x00000000000011cc       0x62 /usr/lib/gcc/avr/4.6.2/avrxmega2/libgcc.a(_clear_bss.o)
 .debug_line    0x000000000000122e      0x126 /usr/lib/gcc/avr/4.6.2/../../../avr/lib/avrxmega2/libc.a(malloc.o)
 .debug_line    0x0000000000001354       0xda /usr/lib/gcc/avr/4.6.2/../../../avr/lib/avrxmega2/libc.a(strtoul.o)
 .debug_line    0x000000000000142e       0x4f /usr/lib/gcc/avr/4.6.2/../../../avr/lib/avrxmega2/libc.a(strtok.o)
 .debug_line    0x000000000000147d       0x7f /usr/lib/gcc/avr/4.6.2/../../../avr/lib/avrxmega2/libc.a(fputc.o)
 .debug_line    0x00000000000014fc       0xab /usr/lib/gcc/avr/4.6.2/../../../avr/lib/avrxmega2/libc.a(sscanf_p.o)
 .debug_line    0x00000000000015a7      0x213 /usr/lib/gcc/avr/4.6.2/../../../avr/lib/avrxmega2/libc.a(vfscanf_std.o)
 .debug_line    0x00000000000017ba       0x3d /usr/lib/gcc/avr/4.6.2/../../../avr/lib/avrxmega2/libc.a(errno.o)
 .debug_line    0x00000000000017f7       0x92 /usr/lib/gcc/avr/4.6.2/../../../avr/lib/avrxmega2/libc.a(fgetc.o)
 .debug_line    0x0000000000001889       0x89 /usr/lib/gcc/avr/4.6.2/../../../avr/lib/avrxmega2/libc.a(ungetc.o)
 .debug_line    0x0000000000001912       0x79 /usr/lib/gcc/avr/4.6.2/avrxmega2/libgcc.a(_mulsi3.o)
 .debug_line    0x000000000000198b       0x7c /usr/lib/gcc/avr/4.6.2/avrxmega2/libgcc.a(_udivmodsi4.o)

.debug_frame    0x0000000000000000      0x668
 *(.debug_frame)
 .debug_frame   0x0000000000000000       0x88 usb/usb_xmega.o
 .debug_frame   0x0000000000000088       0x3c usb/usb_requests.o
 .debug_frame   0x00000000000000c4      0x1d8 main.o
 .debug_frame   0x000000000000029c       0x24 Descriptors.o
 .debug_frame   0x00000000000002c0       0xe4 nmea/nmea.o
 .debug_frame   0x00000000000003a4       0x4c /usr/lib/gcc/avr/4.6.2/../../../avr/lib/avrxmega2/libprintf_flt.a(vfprintf_flt.o)
 .debug_frame   0x00000000000003f0       0x54 /usr/lib/gcc/avr/4.6.2/../../../avr/lib/avrxmega2/libc.a(malloc.o)
 .debug_frame   0x0000000000000444       0x4c /usr/lib/gcc/avr/4.6.2/../../../avr/lib/avrxmega2/libc.a(strtoul.o)
 .debug_frame   0x0000000000000490       0x24 /usr/lib/gcc/avr/4.6.2/../../../avr/lib/avrxmega2/libc.a(strtok.o)
 .debug_frame   0x00000000000004b4       0x38 /usr/lib/gcc/avr/4.6.2/../../../avr/lib/avrxmega2/libc.a(fputc.o)
 .debug_frame   0x00000000000004ec       0x2c /usr/lib/gcc/avr/4.6.2/../../../avr/lib/avrxmega2/libc.a(sscanf_p.o)
 .debug_frame   0x0000000000000518       0xfc /usr/lib/gcc/avr/4.6.2/../../../avr/lib/avrxmega2/libc.a(vfscanf_std.o)
 .debug_frame   0x0000000000000614       0x30 /usr/lib/gcc/avr/4.6.2/../../../avr/lib/avrxmega2/libc.a(fgetc.o)
 .debug_frame   0x0000000000000644       0x24 /usr/lib/gcc/avr/4.6.2/../../../avr/lib/avrxmega2/libc.a(ungetc.o)

.debug_str      0x0000000000000000     0x1d8d
 *(.debug_str)
 .debug_str     0x0000000000000000      0xc72 usb/usb_xmega.o
                                        0xccc (size before relaxing)
 .debug_str     0x0000000000000c72      0x4cf usb/usb_requests.o
                                        0xde8 (size before relaxing)
 .debug_str     0x0000000000001141      0x415 main.o
                                        0xa82 (size before relaxing)
 .debug_str     0x0000000000001556      0x3c5 Descriptors.o
                                        0x73a (size before relaxing)
 .debug_str     0x000000000000191b      0x111 nmea/nmea.o
                                        0x217 (size before relaxing)
 .debug_str     0x0000000000001a2c       0xf7 /usr/lib/gcc/avr/4.6.2/../../../avr/lib/avrxmega2/libprintf_flt.a(vfprintf_flt.o)
                                        0x1a5 (size before relaxing)
 .debug_str     0x0000000000001b23       0xb1 /usr/lib/gcc/avr/4.6.2/../../../avr/lib/avrxmega2/libc.a(malloc.o)
                                        0x17e (size before relaxing)
 .debug_str     0x0000000000001bd4       0x48 /usr/lib/gcc/avr/4.6.2/../../../avr/lib/avrxmega2/libc.a(strtoul.o)
                                         0xe5 (size before relaxing)
 .debug_str     0x0000000000001c1c       0x2e /usr/lib/gcc/avr/4.6.2/../../../avr/lib/avrxmega2/libc.a(strtok.o)
                                         0x91 (size before relaxing)
 .debug_str     0x0000000000001c4a       0x25 /usr/lib/gcc/avr/4.6.2/../../../avr/lib/avrxmega2/libc.a(fputc.o)
                                        0x10f (size before relaxing)
 .debug_str     0x0000000000001c6f       0x2b /usr/lib/gcc/avr/4.6.2/../../../avr/lib/avrxmega2/libc.a(sscanf_p.o)
                                        0x137 (size before relaxing)
 .debug_str     0x0000000000001c9a       0x87 /usr/lib/gcc/avr/4.6.2/../../../avr/lib/avrxmega2/libc.a(vfscanf_std.o)
                                        0x1a5 (size before relaxing)
 .debug_str     0x0000000000001d21       0x20 /usr/lib/gcc/avr/4.6.2/../../../avr/lib/avrxmega2/libc.a(errno.o)
                                         0x77 (size before relaxing)
 .debug_str     0x0000000000001d41       0x25 /usr/lib/gcc/avr/4.6.2/../../../avr/lib/avrxmega2/libc.a(fgetc.o)
                                        0x10f (size before relaxing)
 .debug_str     0x0000000000001d66       0x27 /usr/lib/gcc/avr/4.6.2/../../../avr/lib/avrxmega2/libc.a(ungetc.o)
                                        0x111 (size before relaxing)

.debug_loc      0x0000000000000000     0x4508
 *(.debug_loc)
 .debug_loc     0x0000000000000000      0x1bc usb/usb_xmega.o
 .debug_loc     0x00000000000001bc      0x3db usb/usb_requests.o
 .debug_loc     0x0000000000000597     0x1dd3 main.o
 .debug_loc     0x000000000000236a      0x225 Descriptors.o
 .debug_loc     0x000000000000258f      0x4f8 nmea/nmea.o
 .debug_loc     0x0000000000002a87      0x863 /usr/lib/gcc/avr/4.6.2/../../../avr/lib/avrxmega2/libprintf_flt.a(vfprintf_flt.o)
 .debug_loc     0x00000000000032ea      0x421 /usr/lib/gcc/avr/4.6.2/../../../avr/lib/avrxmega2/libc.a(malloc.o)
 .debug_loc     0x000000000000370b      0x307 /usr/lib/gcc/avr/4.6.2/../../../avr/lib/avrxmega2/libc.a(strtoul.o)
 .debug_loc     0x0000000000003a12       0x30 /usr/lib/gcc/avr/4.6.2/../../../avr/lib/avrxmega2/libc.a(strtok.o)
 .debug_loc     0x0000000000003a42       0x99 /usr/lib/gcc/avr/4.6.2/../../../avr/lib/avrxmega2/libc.a(fputc.o)
 .debug_loc     0x0000000000003adb       0x21 /usr/lib/gcc/avr/4.6.2/../../../avr/lib/avrxmega2/libc.a(sscanf_p.o)
 .debug_loc     0x0000000000003afc      0x955 /usr/lib/gcc/avr/4.6.2/../../../avr/lib/avrxmega2/libc.a(vfscanf_std.o)
 .debug_loc     0x0000000000004451       0x8f /usr/lib/gcc/avr/4.6.2/../../../avr/lib/avrxmega2/libc.a(fgetc.o)
 .debug_loc     0x00000000000044e0       0x28 /usr/lib/gcc/avr/4.6.2/../../../avr/lib/avrxmega2/libc.a(ungetc.o)

.debug_macinfo
 *(.debug_macinfo)
OUTPUT(framework.elf elf32-avr)
LOAD linker stubs

.debug_ranges   0x0000000000000000      0xe00
 .debug_ranges  0x0000000000000000      0x170 usb/usb_requests.o
 .debug_ranges  0x0000000000000170      0xb48 main.o
 .debug_ranges  0x0000000000000cb8       0x40 nmea/nmea.o
 .debug_ranges  0x0000000000000cf8       0x28 /usr/lib/gcc/avr/4.6.2/../../../avr/lib/avrxmega2/libprintf_flt.a(vfprintf_flt.o)
 .debug_ranges  0x0000000000000d20       0x18 /usr/lib/gcc/avr/4.6.2/../../../avr/lib/avrxmega2/libc.a(malloc.o)
 .debug_ranges  0x0000000000000d38       0x10 /usr/lib/gcc/avr/4.6.2/../../../avr/lib/avrxmega2/libc.a(strtoul.o)
 .debug_ranges  0x0000000000000d48       0x10 /usr/lib/gcc/avr/4.6.2/../../../avr/lib/avrxmega2/libc.a(strtok.o)
 .debug_ranges  0x0000000000000d58       0x10 /usr/lib/gcc/avr/4.6.2/../../../avr/lib/avrxmega2/libc.a(fputc.o)
 .debug_ranges  0x0000000000000d68       0x10 /usr/lib/gcc/avr/4.6.2/../../../avr/lib/avrxmega2/libc.a(sscanf_p.o)
 .debug_ranges  0x0000000000000d78       0x68 /usr/lib/gcc/avr/4.6.2/../../../avr/lib/avrxmega2/libc.a(vfscanf_std.o)
 .debug_ranges  0x0000000000000de0       0x10 /usr/lib/gcc/avr/4.6.2/../../../avr/lib/avrxmega2/libc.a(fgetc.o)
 .debug_ranges  0x0000000000000df0       0x10 /usr/lib/gcc/avr/4.6.2/../../../avr/lib/avrxmega2/libc.a(ungetc.o)

Cross Reference Table

Symbol                                            File
CALLBACK_USB_GetDescriptor                        Descriptors.o
                                                  usb/usb_requests.o
EVENT_USB_Device_ConfigurationChanged             main.o
                                                  usb/usb_xmega.o
                                                  usb/usb_requests.o
EVENT_USB_Device_ControlOUT                       main.o
                                                  usb/usb_xmega.o
EVENT_USB_Device_ControlRequest                   main.o
                                                  usb/usb_xmega.o
                                                  usb/usb_requests.o
EVENT_USB_Device_Reset                            usb/usb_xmega.o
EVENT_USB_Device_SetInterface                     usb/usb_xmega.o
                                                  usb/usb_requests.o
EVENT_USB_Device_StartOfFrame                     usb/usb_xmega.o
EVENT_USB_Device_Suspend                          usb/usb_xmega.o
EVENT_USB_Device_WakeUp                           usb/usb_xmega.o
USB_ConfigureClock                                usb/usb_xmega.o
                                                  main.o
USB_DeviceState                                   usb/usb_requests.o
                                                  usb/usb_xmega.o
USB_Device_ConfigurationNumber                    usb/usb_requests.o
                                                  usb/usb_xmega.o
USB_Event_Stub                                    usb/usb_xmega.o
USB_Event_Stub_Bool                               usb/usb_xmega.o
USB_HandleSetup                                   usb/usb_requests.o
                                                  main.o
USB_Init                                          usb/usb_xmega.o
                                                  main.o
USB_ResetInterface                                usb/usb_xmega.o
USB_ep0_send_progmem                              usb/usb_xmega.o
                                                  main.o
                                                  usb/usb_requests.o
XmegaExample_ConfigurationDescriptor              Descriptors.o
XmegaExample_DeviceDescriptor                     Descriptors.o
XmegaExample_LanguageString                       Descriptors.o
XmegaExample_ManufacturerString                   Descriptors.o
XmegaExample_ProductString                        Descriptors.o
__addsf3                                          /usr/lib/gcc/avr/4.6.2/../../../avr/lib/avrxmega2/libm.a(addsf3.o)
                                                  nmea/nmea.o
__addsf3x                                         /usr/lib/gcc/avr/4.6.2/../../../avr/lib/avrxmega2/libm.a(addsf3x.o)
                                                  /usr/lib/gcc/avr/4.6.2/../../../avr/lib/avrxmega2/libm.a(addsf3.o)
__bad_interrupt                                   /usr/lib/gcc/avr/4.6.2/../../../avr/lib/avrxmega2/crtx32a4u.o
__brkval                                          /usr/lib/gcc/avr/4.6.2/../../../avr/lib/avrxmega2/libc.a(malloc.o)
__bss_end                                         /usr/lib/gcc/avr/4.6.2/avrxmega2/libgcc.a(_clear_bss.o)
__bss_start                                       /usr/lib/gcc/avr/4.6.2/avrxmega2/libgcc.a(_clear_bss.o)
__cmpsf2                                          /usr/lib/gcc/avr/4.6.2/../../../avr/lib/avrxmega2/libm.a(cmpsf2.o)
__ctype_isfalse                                   /usr/lib/gcc/avr/4.6.2/../../../avr/lib/avrxmega2/libc.a(cty_isfalse.o)
                                                  /usr/lib/gcc/avr/4.6.2/../../../avr/lib/avrxmega2/libc.a(isspace.o)
__ctype_istrue                                    /usr/lib/gcc/avr/4.6.2/../../../avr/lib/avrxmega2/libc.a(cty_isfalse.o)
__data_end                                        /usr/lib/gcc/avr/4.6.2/avrxmega2/libgcc.a(_copy_data.o)
__data_load_start                                 /usr/lib/gcc/avr/4.6.2/avrxmega2/libgcc.a(_copy_data.o)
__data_start                                      /usr/lib/gcc/avr/4.6.2/avrxmega2/libgcc.a(_copy_data.o)
__divsf3                                          /usr/lib/gcc/avr/4.6.2/../../../avr/lib/avrxmega2/libm.a(divsf3.o)
                                                  nmea/nmea.o
__divsf3_pse                                      /usr/lib/gcc/avr/4.6.2/../../../avr/lib/avrxmega2/libm.a(divsf3x.o)
__divsf3x                                         /usr/lib/gcc/avr/4.6.2/../../../avr/lib/avrxmega2/libm.a(divsf3x.o)
                                                  /usr/lib/gcc/avr/4.6.2/../../../avr/lib/avrxmega2/libm.a(divsf3.o)
__do_clear_bss                                    /usr/lib/gcc/avr/4.6.2/avrxmega2/libgcc.a(_clear_bss.o)
                                                  /usr/lib/gcc/avr/4.6.2/../../../avr/lib/avrxmega2/libc.a(ungetc.o)
                                                  /usr/lib/gcc/avr/4.6.2/../../../avr/lib/avrxmega2/libc.a(fgetc.o)
                                                  /usr/lib/gcc/avr/4.6.2/../../../avr/lib/avrxmega2/libc.a(errno.o)
                                                  /usr/lib/gcc/avr/4.6.2/../../../avr/lib/avrxmega2/libc.a(vfscanf_std.o)
                                                  /usr/lib/gcc/avr/4.6.2/../../../avr/lib/avrxmega2/libc.a(sscanf_p.o)
                                                  /usr/lib/gcc/avr/4.6.2/../../../avr/lib/avrxmega2/libc.a(fputc.o)
                                                  /usr/lib/gcc/avr/4.6.2/../../../avr/lib/avrxmega2/libc.a(strtok.o)
                                                  /usr/lib/gcc/avr/4.6.2/../../../avr/lib/avrxmega2/libc.a(strtoul.o)
                                                  /usr/lib/gcc/avr/4.6.2/../../../avr/lib/avrxmega2/libc.a(malloc.o)
                                                  /usr/lib/gcc/avr/4.6.2/../../../avr/lib/avrxmega2/libprintf_flt.a(vfprintf_flt.o)
                                                  nmea/nmea.o
                                                  Descriptors.o
                                                  main.o
                                                  usb/usb_requests.o
                                                  usb/usb_xmega.o
__do_copy_data                                    /usr/lib/gcc/avr/4.6.2/avrxmega2/libgcc.a(_copy_data.o)
                                                  /usr/lib/gcc/avr/4.6.2/../../../avr/lib/avrxmega2/libc.a(ungetc.o)
                                                  /usr/lib/gcc/avr/4.6.2/../../../avr/lib/avrxmega2/libc.a(fgetc.o)
                                                  /usr/lib/gcc/avr/4.6.2/../../../avr/lib/avrxmega2/libc.a(errno.o)
                                                  /usr/lib/gcc/avr/4.6.2/../../../avr/lib/avrxmega2/libc.a(vfscanf_std.o)
                                                  /usr/lib/gcc/avr/4.6.2/../../../avr/lib/avrxmega2/libc.a(sscanf_p.o)
                                                  /usr/lib/gcc/avr/4.6.2/../../../avr/lib/avrxmega2/libc.a(fputc.o)
                                                  /usr/lib/gcc/avr/4.6.2/../../../avr/lib/avrxmega2/libc.a(strtok.o)
                                                  /usr/lib/gcc/avr/4.6.2/../../../avr/lib/avrxmega2/libc.a(strtoul.o)
                                                  /usr/lib/gcc/avr/4.6.2/../../../avr/lib/avrxmega2/libc.a(malloc.o)
                                                  /usr/lib/gcc/avr/4.6.2/../../../avr/lib/avrxmega2/libprintf_flt.a(vfprintf_flt.o)
                                                  nmea/nmea.o
                                                  Descriptors.o
                                                  main.o
                                                  usb/usb_requests.o
                                                  usb/usb_xmega.o
__eerd_block_x32a4u                               /usr/lib/gcc/avr/4.6.2/../../../avr/lib/avrxmega2/libc.a(eerd_block_atxmega32a4u.o)
                                                  main.o
__eerd_byte_x32c4                                 /usr/lib/gcc/avr/4.6.2/../../../avr/lib/avrxmega2/libc.a(eerd_byte_atxmega32c4.o)
__eeupd_block_x32a4u                              /usr/lib/gcc/avr/4.6.2/../../../avr/lib/avrxmega2/libc.a(eeupd_block_atxmega32a4u.o)
                                                  main.o
__eeupd_byte_x32a4u                               /usr/lib/gcc/avr/4.6.2/../../../avr/lib/avrxmega2/libc.a(eeupd_byte_atxmega32a4u.o)
__eeupd_r18_x32a4u                                /usr/lib/gcc/avr/4.6.2/../../../avr/lib/avrxmega2/libc.a(eeupd_byte_atxmega32a4u.o)
                                                  /usr/lib/gcc/avr/4.6.2/../../../avr/lib/avrxmega2/libc.a(eeupd_block_atxmega32a4u.o)
__eewr_byte_x32a4u                                /usr/lib/gcc/avr/4.6.2/../../../avr/lib/avrxmega2/libc.a(eewr_byte_atxmega32a4u.o)
__eewr_r18_x32a4u                                 /usr/lib/gcc/avr/4.6.2/../../../avr/lib/avrxmega2/libc.a(eewr_byte_atxmega32a4u.o)
                                                  /usr/lib/gcc/avr/4.6.2/../../../avr/lib/avrxmega2/libc.a(eeupd_byte_atxmega32a4u.o)
__epilogue_restores__                             /usr/lib/gcc/avr/4.6.2/avrxmega2/libgcc.a(_epilogue.o)
                                                  /usr/lib/gcc/avr/4.6.2/../../../avr/lib/avrxmega2/libc.a(vfscanf_std.o)
                                                  /usr/lib/gcc/avr/4.6.2/../../../avr/lib/avrxmega2/libc.a(sscanf_p.o)
                                                  /usr/lib/gcc/avr/4.6.2/../../../avr/lib/avrxmega2/libc.a(strtoul.o)
                                                  /usr/lib/gcc/avr/4.6.2/../../../avr/lib/avrxmega2/libprintf_flt.a(vfprintf_flt.o)
__eqsf2                                           /usr/lib/gcc/avr/4.6.2/../../../avr/lib/avrxmega2/libm.a(cmpsf2.o)
__flp                                             /usr/lib/gcc/avr/4.6.2/../../../avr/lib/avrxmega2/libc.a(malloc.o)
__fp_cmp                                          /usr/lib/gcc/avr/4.6.2/../../../avr/lib/avrxmega2/libm.a(fp_cmp.o)
                                                  /usr/lib/gcc/avr/4.6.2/../../../avr/lib/avrxmega2/libm.a(gesf2.o)
                                                  /usr/lib/gcc/avr/4.6.2/../../../avr/lib/avrxmega2/libm.a(cmpsf2.o)
__fp_inf                                          /usr/lib/gcc/avr/4.6.2/../../../avr/lib/avrxmega2/libm.a(fp_inf.o)
                                                  /usr/lib/gcc/avr/4.6.2/../../../avr/lib/avrxmega2/libm.a(mulsf3x.o)
                                                  /usr/lib/gcc/avr/4.6.2/../../../avr/lib/avrxmega2/libm.a(divsf3x.o)
                                                  /usr/lib/gcc/avr/4.6.2/../../../avr/lib/avrxmega2/libm.a(addsf3x.o)
__fp_nan                                          /usr/lib/gcc/avr/4.6.2/../../../avr/lib/avrxmega2/libm.a(fp_nan.o)
                                                  /usr/lib/gcc/avr/4.6.2/../../../avr/lib/avrxmega2/libm.a(mulsf3x.o)
                                                  /usr/lib/gcc/avr/4.6.2/../../../avr/lib/avrxmega2/libm.a(divsf3x.o)
                                                  /usr/lib/gcc/avr/4.6.2/../../../avr/lib/avrxmega2/libm.a(addsf3x.o)
__fp_pscA                                         /usr/lib/gcc/avr/4.6.2/../../../avr/lib/avrxmega2/libm.a(fp_pscA.o)
                                                  /usr/lib/gcc/avr/4.6.2/../../../avr/lib/avrxmega2/libm.a(mulsf3x.o)
                                                  /usr/lib/gcc/avr/4.6.2/../../../avr/lib/avrxmega2/libm.a(divsf3x.o)
                                                  /usr/lib/gcc/avr/4.6.2/../../../avr/lib/avrxmega2/libm.a(addsf3x.o)
__fp_pscB                                         /usr/lib/gcc/avr/4.6.2/../../../avr/lib/avrxmega2/libm.a(fp_pscB.o)
                                                  /usr/lib/gcc/avr/4.6.2/../../../avr/lib/avrxmega2/libm.a(mulsf3x.o)
                                                  /usr/lib/gcc/avr/4.6.2/../../../avr/lib/avrxmega2/libm.a(divsf3x.o)
                                                  /usr/lib/gcc/avr/4.6.2/../../../avr/lib/avrxmega2/libm.a(addsf3x.o)
__fp_round                                        /usr/lib/gcc/avr/4.6.2/../../../avr/lib/avrxmega2/libm.a(fp_round.o)
                                                  /usr/lib/gcc/avr/4.6.2/../../../avr/lib/avrxmega2/libm.a(mulsf3.o)
                                                  /usr/lib/gcc/avr/4.6.2/../../../avr/lib/avrxmega2/libm.a(divsf3.o)
                                                  /usr/lib/gcc/avr/4.6.2/../../../avr/lib/avrxmega2/libm.a(addsf3.o)
__fp_split3                                       /usr/lib/gcc/avr/4.6.2/../../../avr/lib/avrxmega2/libm.a(fp_split3.o)
                                                  /usr/lib/gcc/avr/4.6.2/../../../avr/lib/avrxmega2/libm.a(mulsf3x.o)
                                                  /usr/lib/gcc/avr/4.6.2/../../../avr/lib/avrxmega2/libm.a(divsf3x.o)
                                                  /usr/lib/gcc/avr/4.6.2/../../../avr/lib/avrxmega2/libm.a(addsf3x.o)
__fp_splitA                                       /usr/lib/gcc/avr/4.6.2/../../../avr/lib/avrxmega2/libm.a(fp_split3.o)
__fp_szero                                        /usr/lib/gcc/avr/4.6.2/../../../avr/lib/avrxmega2/libm.a(fp_zero.o)
                                                  /usr/lib/gcc/avr/4.6.2/../../../avr/lib/avrxmega2/libm.a(mulsf3x.o)
                                                  /usr/lib/gcc/avr/4.6.2/../../../avr/lib/avrxmega2/libm.a(divsf3x.o)
__fp_zero                                         /usr/lib/gcc/avr/4.6.2/../../../avr/lib/avrxmega2/libm.a(fp_zero.o)
                                                  /usr/lib/gcc/avr/4.6.2/../../../avr/lib/avrxmega2/libm.a(addsf3x.o)
__ftoa_engine                                     /usr/lib/gcc/avr/4.6.2/../../../avr/lib/avrxmega2/libc.a(ftoa_engine.o)
                                                  /usr/lib/gcc/avr/4.6.2/../../../avr/lib/avrxmega2/libprintf_flt.a(vfprintf_flt.o)
__gesf2                                           /usr/lib/gcc/avr/4.6.2/../../../avr/lib/avrxmega2/libm.a(gesf2.o)
__gtsf2                                           /usr/lib/gcc/avr/4.6.2/../../../avr/lib/avrxmega2/libm.a(gesf2.o)
                                                  nmea/nmea.o
__heap_end                                        /usr/lib/gcc/avr/4.6.2/../../../avr/lib/avrxmega2/crtx32a4u.o
                                                  /usr/lib/gcc/avr/4.6.2/../../../avr/lib/avrxmega2/libc.a(malloc.o)
__heap_start                                      /usr/lib/gcc/avr/4.6.2/../../../avr/lib/avrxmega2/libc.a(malloc.o)
__init                                            /usr/lib/gcc/avr/4.6.2/../../../avr/lib/avrxmega2/crtx32a4u.o
__lesf2                                           /usr/lib/gcc/avr/4.6.2/../../../avr/lib/avrxmega2/libm.a(cmpsf2.o)
__ltsf2                                           /usr/lib/gcc/avr/4.6.2/../../../avr/lib/avrxmega2/libm.a(cmpsf2.o)
                                                  nmea/nmea.o
__malloc_heap_end                                 /usr/lib/gcc/avr/4.6.2/../../../avr/lib/avrxmega2/libc.a(malloc.o)
__malloc_heap_start                               /usr/lib/gcc/avr/4.6.2/../../../avr/lib/avrxmega2/libc.a(malloc.o)
__malloc_margin                                   /usr/lib/gcc/avr/4.6.2/../../../avr/lib/avrxmega2/libc.a(malloc.o)
__mulsf3                                          /usr/lib/gcc/avr/4.6.2/../../../avr/lib/avrxmega2/libm.a(mulsf3.o)
                                                  nmea/nmea.o
__mulsf3_pse                                      /usr/lib/gcc/avr/4.6.2/../../../avr/lib/avrxmega2/libm.a(mulsf3x.o)
__mulsf3x                                         /usr/lib/gcc/avr/4.6.2/../../../avr/lib/avrxmega2/libm.a(mulsf3x.o)
                                                  /usr/lib/gcc/avr/4.6.2/../../../avr/lib/avrxmega2/libm.a(mulsf3.o)
__mulsi3                                          /usr/lib/gcc/avr/4.6.2/avrxmega2/libgcc.a(_mulsi3.o)
                                                  /usr/lib/gcc/avr/4.6.2/../../../avr/lib/avrxmega2/libc.a(strtoul.o)
__nesf2                                           /usr/lib/gcc/avr/4.6.2/../../../avr/lib/avrxmega2/libm.a(cmpsf2.o)
__prologue_saves__                                /usr/lib/gcc/avr/4.6.2/avrxmega2/libgcc.a(_prologue.o)
                                                  /usr/lib/gcc/avr/4.6.2/../../../avr/lib/avrxmega2/libc.a(vfscanf_std.o)
                                                  /usr/lib/gcc/avr/4.6.2/../../../avr/lib/avrxmega2/libc.a(sscanf_p.o)
                                                  /usr/lib/gcc/avr/4.6.2/../../../avr/lib/avrxmega2/libc.a(strtoul.o)
                                                  /usr/lib/gcc/avr/4.6.2/../../../avr/lib/avrxmega2/libprintf_flt.a(vfprintf_flt.o)
__stack                                           /usr/lib/gcc/avr/4.6.2/../../../avr/lib/avrxmega2/crtx32a4u.o
__subsf3                                          /usr/lib/gcc/avr/4.6.2/../../../avr/lib/avrxmega2/libm.a(addsf3.o)
__udivmodsi4                                      /usr/lib/gcc/avr/4.6.2/avrxmega2/libgcc.a(_udivmodsi4.o)
                                                  /usr/lib/gcc/avr/4.6.2/../../../avr/lib/avrxmega2/libc.a(strtoul.o)
__ultoa_invert                                    /usr/lib/gcc/avr/4.6.2/../../../avr/lib/avrxmega2/libc.a(ultoa_invert.o)
                                                  /usr/lib/gcc/avr/4.6.2/../../../avr/lib/avrxmega2/libprintf_flt.a(vfprintf_flt.o)
__vector_1                                        /usr/lib/gcc/avr/4.6.2/../../../avr/lib/avrxmega2/crtx32a4u.o
__vector_10                                       /usr/lib/gcc/avr/4.6.2/../../../avr/lib/avrxmega2/crtx32a4u.o
__vector_100                                      /usr/lib/gcc/avr/4.6.2/../../../avr/lib/avrxmega2/crtx32a4u.o
__vector_101                                      /usr/lib/gcc/avr/4.6.2/../../../avr/lib/avrxmega2/crtx32a4u.o
__vector_102                                      /usr/lib/gcc/avr/4.6.2/../../../avr/lib/avrxmega2/crtx32a4u.o
__vector_103                                      /usr/lib/gcc/avr/4.6.2/../../../avr/lib/avrxmega2/crtx32a4u.o
__vector_104                                      /usr/lib/gcc/avr/4.6.2/../../../avr/lib/avrxmega2/crtx32a4u.o
__vector_105                                      /usr/lib/gcc/avr/4.6.2/../../../avr/lib/avrxmega2/crtx32a4u.o
__vector_106                                      /usr/lib/gcc/avr/4.6.2/../../../avr/lib/avrxmega2/crtx32a4u.o
__vector_107                                      /usr/lib/gcc/avr/4.6.2/../../../avr/lib/avrxmega2/crtx32a4u.o
__vector_108                                      /usr/lib/gcc/avr/4.6.2/../../../avr/lib/avrxmega2/crtx32a4u.o
__vector_109                                      /usr/lib/gcc/avr/4.6.2/../../../avr/lib/avrxmega2/crtx32a4u.o
__vector_11                                       /usr/lib/gcc/avr/4.6.2/../../../avr/lib/avrxmega2/crtx32a4u.o
__vector_110                                      /usr/lib/gcc/avr/4.6.2/../../../avr/lib/avrxmega2/crtx32a4u.o
__vector_111                                      /usr/lib/gcc/avr/4.6.2/../../../avr/lib/avrxmega2/crtx32a4u.o
__vector_112                                      /usr/lib/gcc/avr/4.6.2/../../../avr/lib/avrxmega2/crtx32a4u.o
__vector_113                                      /usr/lib/gcc/avr/4.6.2/../../../avr/lib/avrxmega2/crtx32a4u.o
__vector_114                                      /usr/lib/gcc/avr/4.6.2/../../../avr/lib/avrxmega2/crtx32a4u.o
__vector_115                                      /usr/lib/gcc/avr/4.6.2/../../../avr/lib/avrxmega2/crtx32a4u.o
__vector_116                                      /usr/lib/gcc/avr/4.6.2/../../../avr/lib/avrxmega2/crtx32a4u.o
__vector_117                                      /usr/lib/gcc/avr/4.6.2/../../../avr/lib/avrxmega2/crtx32a4u.o
__vector_118                                      /usr/lib/gcc/avr/4.6.2/../../../avr/lib/avrxmega2/crtx32a4u.o
__vector_119                                      /usr/lib/gcc/avr/4.6.2/../../../avr/lib/avrxmega2/crtx32a4u.o
__vector_12                                       /usr/lib/gcc/avr/4.6.2/../../../avr/lib/avrxmega2/crtx32a4u.o
__vector_120                                      /usr/lib/gcc/avr/4.6.2/../../../avr/lib/avrxmega2/crtx32a4u.o
__vector_121                                      /usr/lib/gcc/avr/4.6.2/../../../avr/lib/avrxmega2/crtx32a4u.o
__vector_122                                      /usr/lib/gcc/avr/4.6.2/../../../avr/lib/avrxmega2/crtx32a4u.o
__vector_123                                      /usr/lib/gcc/avr/4.6.2/../../../avr/lib/avrxmega2/crtx32a4u.o
__vector_124                                      /usr/lib/gcc/avr/4.6.2/../../../avr/lib/avrxmega2/crtx32a4u.o
__vector_125                                      main.o
                                                  /usr/lib/gcc/avr/4.6.2/../../../avr/lib/avrxmega2/crtx32a4u.o
__vector_126                                      main.o
                                                  /usr/lib/gcc/avr/4.6.2/../../../avr/lib/avrxmega2/crtx32a4u.o
__vector_13                                       /usr/lib/gcc/avr/4.6.2/../../../avr/lib/avrxmega2/crtx32a4u.o
__vector_14                                       /usr/lib/gcc/avr/4.6.2/../../../avr/lib/avrxmega2/crtx32a4u.o
__vector_15                                       /usr/lib/gcc/avr/4.6.2/../../../avr/lib/avrxmega2/crtx32a4u.o
__vector_16                                       /usr/lib/gcc/avr/4.6.2/../../../avr/lib/avrxmega2/crtx32a4u.o
__vector_17                                       /usr/lib/gcc/avr/4.6.2/../../../avr/lib/avrxmega2/crtx32a4u.o
__vector_18                                       /usr/lib/gcc/avr/4.6.2/../../../avr/lib/avrxmega2/crtx32a4u.o
__vector_19                                       /usr/lib/gcc/avr/4.6.2/../../../avr/lib/avrxmega2/crtx32a4u.o
__vector_2                                        /usr/lib/gcc/avr/4.6.2/../../../avr/lib/avrxmega2/crtx32a4u.o
__vector_20                                       /usr/lib/gcc/avr/4.6.2/../../../avr/lib/avrxmega2/crtx32a4u.o
__vector_21                                       /usr/lib/gcc/avr/4.6.2/../../../avr/lib/avrxmega2/crtx32a4u.o
__vector_22                                       /usr/lib/gcc/avr/4.6.2/../../../avr/lib/avrxmega2/crtx32a4u.o
__vector_23                                       /usr/lib/gcc/avr/4.6.2/../../../avr/lib/avrxmega2/crtx32a4u.o
__vector_24                                       /usr/lib/gcc/avr/4.6.2/../../../avr/lib/avrxmega2/crtx32a4u.o
__vector_25                                       /usr/lib/gcc/avr/4.6.2/../../../avr/lib/avrxmega2/crtx32a4u.o
__vector_26                                       /usr/lib/gcc/avr/4.6.2/../../../avr/lib/avrxmega2/crtx32a4u.o
__vector_27                                       /usr/lib/gcc/avr/4.6.2/../../../avr/lib/avrxmega2/crtx32a4u.o
__vector_28                                       /usr/lib/gcc/avr/4.6.2/../../../avr/lib/avrxmega2/crtx32a4u.o
__vector_29                                       /usr/lib/gcc/avr/4.6.2/../../../avr/lib/avrxmega2/crtx32a4u.o
__vector_3                                        /usr/lib/gcc/avr/4.6.2/../../../avr/lib/avrxmega2/crtx32a4u.o
__vector_30                                       /usr/lib/gcc/avr/4.6.2/../../../avr/lib/avrxmega2/crtx32a4u.o
__vector_31                                       /usr/lib/gcc/avr/4.6.2/../../../avr/lib/avrxmega2/crtx32a4u.o
__vector_32                                       /usr/lib/gcc/avr/4.6.2/../../../avr/lib/avrxmega2/crtx32a4u.o
__vector_33                                       /usr/lib/gcc/avr/4.6.2/../../../avr/lib/avrxmega2/crtx32a4u.o
__vector_34                                       /usr/lib/gcc/avr/4.6.2/../../../avr/lib/avrxmega2/crtx32a4u.o
__vector_35                                       /usr/lib/gcc/avr/4.6.2/../../../avr/lib/avrxmega2/crtx32a4u.o
__vector_36                                       /usr/lib/gcc/avr/4.6.2/../../../avr/lib/avrxmega2/crtx32a4u.o
__vector_37                                       /usr/lib/gcc/avr/4.6.2/../../../avr/lib/avrxmega2/crtx32a4u.o
__vector_38                                       /usr/lib/gcc/avr/4.6.2/../../../avr/lib/avrxmega2/crtx32a4u.o
__vector_39                                       /usr/lib/gcc/avr/4.6.2/../../../avr/lib/avrxmega2/crtx32a4u.o
__vector_4                                        /usr/lib/gcc/avr/4.6.2/../../../avr/lib/avrxmega2/crtx32a4u.o
__vector_40                                       /usr/lib/gcc/avr/4.6.2/../../../avr/lib/avrxmega2/crtx32a4u.o
__vector_41                                       /usr/lib/gcc/avr/4.6.2/../../../avr/lib/avrxmega2/crtx32a4u.o
__vector_42                                       /usr/lib/gcc/avr/4.6.2/../../../avr/lib/avrxmega2/crtx32a4u.o
__vector_43                                       /usr/lib/gcc/avr/4.6.2/../../../avr/lib/avrxmega2/crtx32a4u.o
__vector_44                                       /usr/lib/gcc/avr/4.6.2/../../../avr/lib/avrxmega2/crtx32a4u.o
__vector_45                                       /usr/lib/gcc/avr/4.6.2/../../../avr/lib/avrxmega2/crtx32a4u.o
__vector_46                                       /usr/lib/gcc/avr/4.6.2/../../../avr/lib/avrxmega2/crtx32a4u.o
__vector_47                                       /usr/lib/gcc/avr/4.6.2/../../../avr/lib/avrxmega2/crtx32a4u.o
__vector_48                                       /usr/lib/gcc/avr/4.6.2/../../../avr/lib/avrxmega2/crtx32a4u.o
__vector_49                                       /usr/lib/gcc/avr/4.6.2/../../../avr/lib/avrxmega2/crtx32a4u.o
__vector_5                                        /usr/lib/gcc/avr/4.6.2/../../../avr/lib/avrxmega2/crtx32a4u.o
__vector_50                                       /usr/lib/gcc/avr/4.6.2/../../../avr/lib/avrxmega2/crtx32a4u.o
__vector_51                                       /usr/lib/gcc/avr/4.6.2/../../../avr/lib/avrxmega2/crtx32a4u.o
__vector_52                                       /usr/lib/gcc/avr/4.6.2/../../../avr/lib/avrxmega2/crtx32a4u.o
__vector_53                                       /usr/lib/gcc/avr/4.6.2/../../../avr/lib/avrxmega2/crtx32a4u.o
__vector_54                                       /usr/lib/gcc/avr/4.6.2/../../../avr/lib/avrxmega2/crtx32a4u.o
__vector_55                                       /usr/lib/gcc/avr/4.6.2/../../../avr/lib/avrxmega2/crtx32a4u.o
__vector_56                                       /usr/lib/gcc/avr/4.6.2/../../../avr/lib/avrxmega2/crtx32a4u.o
__vector_57                                       /usr/lib/gcc/avr/4.6.2/../../../avr/lib/avrxmega2/crtx32a4u.o
__vector_58                                       /usr/lib/gcc/avr/4.6.2/../../../avr/lib/avrxmega2/crtx32a4u.o
__vector_59                                       /usr/lib/gcc/avr/4.6.2/../../../avr/lib/avrxmega2/crtx32a4u.o
__vector_6                                        /usr/lib/gcc/avr/4.6.2/../../../avr/lib/avrxmega2/crtx32a4u.o
__vector_60                                       /usr/lib/gcc/avr/4.6.2/../../../avr/lib/avrxmega2/crtx32a4u.o
__vector_61                                       /usr/lib/gcc/avr/4.6.2/../../../avr/lib/avrxmega2/crtx32a4u.o
__vector_62                                       /usr/lib/gcc/avr/4.6.2/../../../avr/lib/avrxmega2/crtx32a4u.o
__vector_63                                       /usr/lib/gcc/avr/4.6.2/../../../avr/lib/avrxmega2/crtx32a4u.o
__vector_64                                       /usr/lib/gcc/avr/4.6.2/../../../avr/lib/avrxmega2/crtx32a4u.o
__vector_65                                       /usr/lib/gcc/avr/4.6.2/../../../avr/lib/avrxmega2/crtx32a4u.o
__vector_66                                       /usr/lib/gcc/avr/4.6.2/../../../avr/lib/avrxmega2/crtx32a4u.o
__vector_67                                       /usr/lib/gcc/avr/4.6.2/../../../avr/lib/avrxmega2/crtx32a4u.o
__vector_68                                       /usr/lib/gcc/avr/4.6.2/../../../avr/lib/avrxmega2/crtx32a4u.o
__vector_69                                       /usr/lib/gcc/avr/4.6.2/../../../avr/lib/avrxmega2/crtx32a4u.o
__vector_7                                        /usr/lib/gcc/avr/4.6.2/../../../avr/lib/avrxmega2/crtx32a4u.o
__vector_70                                       /usr/lib/gcc/avr/4.6.2/../../../avr/lib/avrxmega2/crtx32a4u.o
__vector_71                                       /usr/lib/gcc/avr/4.6.2/../../../avr/lib/avrxmega2/crtx32a4u.o
__vector_72                                       /usr/lib/gcc/avr/4.6.2/../../../avr/lib/avrxmega2/crtx32a4u.o
__vector_73                                       /usr/lib/gcc/avr/4.6.2/../../../avr/lib/avrxmega2/crtx32a4u.o
__vector_74                                       /usr/lib/gcc/avr/4.6.2/../../../avr/lib/avrxmega2/crtx32a4u.o
__vector_75                                       /usr/lib/gcc/avr/4.6.2/../../../avr/lib/avrxmega2/crtx32a4u.o
__vector_76                                       /usr/lib/gcc/avr/4.6.2/../../../avr/lib/avrxmega2/crtx32a4u.o
__vector_77                                       /usr/lib/gcc/avr/4.6.2/../../../avr/lib/avrxmega2/crtx32a4u.o
__vector_78                                       /usr/lib/gcc/avr/4.6.2/../../../avr/lib/avrxmega2/crtx32a4u.o
__vector_79                                       /usr/lib/gcc/avr/4.6.2/../../../avr/lib/avrxmega2/crtx32a4u.o
__vector_8                                        /usr/lib/gcc/avr/4.6.2/../../../avr/lib/avrxmega2/crtx32a4u.o
__vector_80                                       /usr/lib/gcc/avr/4.6.2/../../../avr/lib/avrxmega2/crtx32a4u.o
__vector_81                                       /usr/lib/gcc/avr/4.6.2/../../../avr/lib/avrxmega2/crtx32a4u.o
__vector_82                                       /usr/lib/gcc/avr/4.6.2/../../../avr/lib/avrxmega2/crtx32a4u.o
__vector_83                                       /usr/lib/gcc/avr/4.6.2/../../../avr/lib/avrxmega2/crtx32a4u.o
__vector_84                                       /usr/lib/gcc/avr/4.6.2/../../../avr/lib/avrxmega2/crtx32a4u.o
__vector_85                                       /usr/lib/gcc/avr/4.6.2/../../../avr/lib/avrxmega2/crtx32a4u.o
__vector_86                                       /usr/lib/gcc/avr/4.6.2/../../../avr/lib/avrxmega2/crtx32a4u.o
__vector_87                                       /usr/lib/gcc/avr/4.6.2/../../../avr/lib/avrxmega2/crtx32a4u.o
__vector_88                                       /usr/lib/gcc/avr/4.6.2/../../../avr/lib/avrxmega2/crtx32a4u.o
__vector_89                                       /usr/lib/gcc/avr/4.6.2/../../../avr/lib/avrxmega2/crtx32a4u.o
__vector_9                                        /usr/lib/gcc/avr/4.6.2/../../../avr/lib/avrxmega2/crtx32a4u.o
__vector_90                                       /usr/lib/gcc/avr/4.6.2/../../../avr/lib/avrxmega2/crtx32a4u.o
__vector_91                                       /usr/lib/gcc/avr/4.6.2/../../../avr/lib/avrxmega2/crtx32a4u.o
__vector_92                                       /usr/lib/gcc/avr/4.6.2/../../../avr/lib/avrxmega2/crtx32a4u.o
__vector_93                                       /usr/lib/gcc/avr/4.6.2/../../../avr/lib/avrxmega2/crtx32a4u.o
__vector_94                                       /usr/lib/gcc/avr/4.6.2/../../../avr/lib/avrxmega2/crtx32a4u.o
__vector_95                                       /usr/lib/gcc/avr/4.6.2/../../../avr/lib/avrxmega2/crtx32a4u.o
__vector_96                                       /usr/lib/gcc/avr/4.6.2/../../../avr/lib/avrxmega2/crtx32a4u.o
__vector_97                                       /usr/lib/gcc/avr/4.6.2/../../../avr/lib/avrxmega2/crtx32a4u.o
__vector_98                                       /usr/lib/gcc/avr/4.6.2/../../../avr/lib/avrxmega2/crtx32a4u.o
__vector_99                                       /usr/lib/gcc/avr/4.6.2/../../../avr/lib/avrxmega2/crtx32a4u.o
__vector_default                                  /usr/lib/gcc/avr/4.6.2/../../../avr/lib/avrxmega2/crtx32a4u.o
__vectors                                         /usr/lib/gcc/avr/4.6.2/../../../avr/lib/avrxmega2/crtx32a4u.o
_exit                                             /usr/lib/gcc/avr/4.6.2/avrxmega2/libgcc.a(_exit.o)
cmd_data                                          main.o
concat                                            main.o
eeprom_mapen                                      /usr/lib/gcc/avr/4.6.2/../../../avr/lib/avrxmega2/libc.a(eerd_byte_atxmega32c4.o)
                                                  /usr/lib/gcc/avr/4.6.2/../../../avr/lib/avrxmega2/libc.a(eeupd_byte_atxmega32a4u.o)
endpoints                                         usb/usb_xmega.o
                                                  main.o
                                                  usb/usb_requests.o
ep0_buf_in                                        main.o
                                                  usb/usb_requests.o
                                                  usb/usb_xmega.o
ep0_buf_out                                       main.o
                                                  usb/usb_requests.o
                                                  usb/usb_xmega.o
ep_in_data                                        main.o
ep_in_pipe_buffer                                 main.o
ep_in_pipe_data                                   main.o
errno                                             /usr/lib/gcc/avr/4.6.2/../../../avr/lib/avrxmega2/libc.a(errno.o)
                                                  /usr/lib/gcc/avr/4.6.2/../../../avr/lib/avrxmega2/libc.a(strtoul.o)
exit                                              /usr/lib/gcc/avr/4.6.2/avrxmega2/libgcc.a(_exit.o)
                                                  /usr/lib/gcc/avr/4.6.2/../../../avr/lib/avrxmega2/crtx32a4u.o
fgetc                                             /usr/lib/gcc/avr/4.6.2/../../../avr/lib/avrxmega2/libc.a(fgetc.o)
                                                  /usr/lib/gcc/avr/4.6.2/../../../avr/lib/avrxmega2/libc.a(vfscanf_std.o)
fputc                                             /usr/lib/gcc/avr/4.6.2/../../../avr/lib/avrxmega2/libc.a(fputc.o)
                                                  /usr/lib/gcc/avr/4.6.2/../../../avr/lib/avrxmega2/libprintf_flt.a(vfprintf_flt.o)
free                                              /usr/lib/gcc/avr/4.6.2/../../../avr/lib/avrxmega2/libc.a(malloc.o)
fwversion                                         main.o
hwversion                                         main.o
isspace                                           /usr/lib/gcc/avr/4.6.2/../../../avr/lib/avrxmega2/libc.a(isspace.o)
                                                  /usr/lib/gcc/avr/4.6.2/../../../avr/lib/avrxmega2/libc.a(vfscanf_std.o)
                                                  /usr/lib/gcc/avr/4.6.2/../../../avr/lib/avrxmega2/libc.a(strtoul.o)
main                                              main.o
                                                  /usr/lib/gcc/avr/4.6.2/../../../avr/lib/avrxmega2/crtx32a4u.o
malloc                                            /usr/lib/gcc/avr/4.6.2/../../../avr/lib/avrxmega2/libc.a(malloc.o)
                                                  main.o
memcpy                                            /usr/lib/gcc/avr/4.6.2/../../../avr/lib/avrxmega2/libc.a(memcpy.o)
                                                  /usr/lib/gcc/avr/4.6.2/../../../avr/lib/avrxmega2/libc.a(eerd_block_atxmega32a4u.o)
message                                           main.o
nmea_checksum                                     nmea/nmea.o
nmea_parse_gprmc                                  nmea/nmea.o
parse_nmea_string                                 main.o
sscanf_P                                          /usr/lib/gcc/avr/4.6.2/../../../avr/lib/avrxmega2/libc.a(sscanf_p.o)
                                                  nmea/nmea.o
strcat                                            /usr/lib/gcc/avr/4.6.2/../../../avr/lib/avrxmega2/libc.a(strcat.o)
                                                  main.o
strchr_P                                          /usr/lib/gcc/avr/4.6.2/../../../avr/lib/avrxmega2/libc.a(strchr_P.o)
                                                  /usr/lib/gcc/avr/4.6.2/../../../avr/lib/avrxmega2/libc.a(vfscanf_std.o)
strcpy                                            /usr/lib/gcc/avr/4.6.2/../../../avr/lib/avrxmega2/libc.a(strcpy.o)
                                                  main.o
strncmp_P                                         /usr/lib/gcc/avr/4.6.2/../../../avr/lib/avrxmega2/libc.a(strncmp_P.o)
                                                  nmea/nmea.o
strnlen                                           /usr/lib/gcc/avr/4.6.2/../../../avr/lib/avrxmega2/libc.a(strnlen.o)
                                                  /usr/lib/gcc/avr/4.6.2/../../../avr/lib/avrxmega2/libprintf_flt.a(vfprintf_flt.o)
strnlen_P                                         /usr/lib/gcc/avr/4.6.2/../../../avr/lib/avrxmega2/libc.a(strnlen_P.o)
                                                  /usr/lib/gcc/avr/4.6.2/../../../avr/lib/avrxmega2/libprintf_flt.a(vfprintf_flt.o)
strsep                                            /usr/lib/gcc/avr/4.6.2/../../../avr/lib/avrxmega2/libc.a(strsep.o)
                                                  nmea/nmea.o
strtok                                            /usr/lib/gcc/avr/4.6.2/../../../avr/lib/avrxmega2/libc.a(strtok.o)
                                                  main.o
strtok_r                                          /usr/lib/gcc/avr/4.6.2/../../../avr/lib/avrxmega2/libc.a(strtok_r.o)
                                                  /usr/lib/gcc/avr/4.6.2/../../../avr/lib/avrxmega2/libc.a(strtok.o)
strtoul                                           /usr/lib/gcc/avr/4.6.2/../../../avr/lib/avrxmega2/libc.a(strtoul.o)
                                                  nmea/nmea.o
timeout_or_sampling_no_longer_enabled             main.o
ungetc                                            /usr/lib/gcc/avr/4.6.2/../../../avr/lib/avrxmega2/libc.a(ungetc.o)
                                                  /usr/lib/gcc/avr/4.6.2/../../../avr/lib/avrxmega2/libc.a(vfscanf_std.o)
updating                                          main.o
usb_cmd                                           main.o
vfprintf                                          /usr/lib/gcc/avr/4.6.2/../../../avr/lib/avrxmega2/libprintf_flt.a(vfprintf_flt.o)
vfscanf                                           /usr/lib/gcc/avr/4.6.2/../../../avr/lib/avrxmega2/libc.a(vfscanf_std.o)
                                                  /usr/lib/gcc/avr/4.6.2/../../../avr/lib/avrxmega2/libc.a(sscanf_p.o)
