Archive member included because of file (symbol)

/usr/lib/gcc/avr/4.6.2/../../../avr/lib/avrxmega2/libprintf_flt.a(vfprintf_flt.o)
                              (vfprintf)
/usr/lib/gcc/avr/4.6.2/../../../avr/lib/avrxmega2/libm.a(addsf3.o)
                              main.o (__subsf3)
/usr/lib/gcc/avr/4.6.2/../../../avr/lib/avrxmega2/libm.a(addsf3x.o)
                              /usr/lib/gcc/avr/4.6.2/../../../avr/lib/avrxmega2/libm.a(addsf3.o) (__addsf3x)
/usr/lib/gcc/avr/4.6.2/../../../avr/lib/avrxmega2/libm.a(atan2.o)
                              main.o (atan2)
/usr/lib/gcc/avr/4.6.2/../../../avr/lib/avrxmega2/libm.a(atan.o)
                              /usr/lib/gcc/avr/4.6.2/../../../avr/lib/avrxmega2/libm.a(atan2.o) (atan)
/usr/lib/gcc/avr/4.6.2/../../../avr/lib/avrxmega2/libm.a(cmpsf2.o)
                              nmea/nmea.o (__ltsf2)
/usr/lib/gcc/avr/4.6.2/../../../avr/lib/avrxmega2/libm.a(cos.o)
                              main.o (cos)
/usr/lib/gcc/avr/4.6.2/../../../avr/lib/avrxmega2/libm.a(divsf3.o)
                              main.o (__divsf3)
/usr/lib/gcc/avr/4.6.2/../../../avr/lib/avrxmega2/libm.a(divsf3x.o)
                              /usr/lib/gcc/avr/4.6.2/../../../avr/lib/avrxmega2/libm.a(divsf3.o) (__divsf3x)
/usr/lib/gcc/avr/4.6.2/../../../avr/lib/avrxmega2/libm.a(fp_cmp.o)
                              /usr/lib/gcc/avr/4.6.2/../../../avr/lib/avrxmega2/libm.a(cmpsf2.o) (__fp_cmp)
/usr/lib/gcc/avr/4.6.2/../../../avr/lib/avrxmega2/libm.a(fp_inf.o)
                              /usr/lib/gcc/avr/4.6.2/../../../avr/lib/avrxmega2/libm.a(addsf3x.o) (__fp_inf)
/usr/lib/gcc/avr/4.6.2/../../../avr/lib/avrxmega2/libm.a(fp_nan.o)
                              /usr/lib/gcc/avr/4.6.2/../../../avr/lib/avrxmega2/libm.a(addsf3x.o) (__fp_nan)
/usr/lib/gcc/avr/4.6.2/../../../avr/lib/avrxmega2/libm.a(fp_powser.o)
                              /usr/lib/gcc/avr/4.6.2/../../../avr/lib/avrxmega2/libm.a(atan.o) (__fp_powser)
/usr/lib/gcc/avr/4.6.2/../../../avr/lib/avrxmega2/libm.a(fp_pscA.o)
                              /usr/lib/gcc/avr/4.6.2/../../../avr/lib/avrxmega2/libm.a(addsf3x.o) (__fp_pscA)
/usr/lib/gcc/avr/4.6.2/../../../avr/lib/avrxmega2/libm.a(fp_pscB.o)
                              /usr/lib/gcc/avr/4.6.2/../../../avr/lib/avrxmega2/libm.a(addsf3x.o) (__fp_pscB)
/usr/lib/gcc/avr/4.6.2/../../../avr/lib/avrxmega2/libm.a(fp_rempio2.o)
                              /usr/lib/gcc/avr/4.6.2/../../../avr/lib/avrxmega2/libm.a(cos.o) (__fp_rempio2)
/usr/lib/gcc/avr/4.6.2/../../../avr/lib/avrxmega2/libm.a(fp_round.o)
                              /usr/lib/gcc/avr/4.6.2/../../../avr/lib/avrxmega2/libm.a(addsf3.o) (__fp_round)
/usr/lib/gcc/avr/4.6.2/../../../avr/lib/avrxmega2/libm.a(fp_sinus.o)
                              /usr/lib/gcc/avr/4.6.2/../../../avr/lib/avrxmega2/libm.a(cos.o) (__fp_sinus)
/usr/lib/gcc/avr/4.6.2/../../../avr/lib/avrxmega2/libm.a(fp_split3.o)
                              /usr/lib/gcc/avr/4.6.2/../../../avr/lib/avrxmega2/libm.a(addsf3x.o) (__fp_split3)
/usr/lib/gcc/avr/4.6.2/../../../avr/lib/avrxmega2/libm.a(fp_zero.o)
                              /usr/lib/gcc/avr/4.6.2/../../../avr/lib/avrxmega2/libm.a(addsf3x.o) (__fp_zero)
/usr/lib/gcc/avr/4.6.2/../../../avr/lib/avrxmega2/libm.a(gesf2.o)
                              main.o (__gtsf2)
/usr/lib/gcc/avr/4.6.2/../../../avr/lib/avrxmega2/libm.a(inverse.o)
                              /usr/lib/gcc/avr/4.6.2/../../../avr/lib/avrxmega2/libm.a(atan.o) (inverse)
/usr/lib/gcc/avr/4.6.2/../../../avr/lib/avrxmega2/libm.a(mulsf3.o)
                              main.o (__mulsf3)
/usr/lib/gcc/avr/4.6.2/../../../avr/lib/avrxmega2/libm.a(mulsf3x.o)
                              /usr/lib/gcc/avr/4.6.2/../../../avr/lib/avrxmega2/libm.a(atan.o) (__mulsf3x)
/usr/lib/gcc/avr/4.6.2/../../../avr/lib/avrxmega2/libm.a(sin.o)
                              main.o (sin)
/usr/lib/gcc/avr/4.6.2/../../../avr/lib/avrxmega2/libm.a(sqrt.o)
                              main.o (sqrt)
/usr/lib/gcc/avr/4.6.2/../../../avr/lib/avrxmega2/libm.a(square.o)
                              /usr/lib/gcc/avr/4.6.2/../../../avr/lib/avrxmega2/libm.a(atan.o) (square)
/usr/lib/gcc/avr/4.6.2/../../../avr/lib/avrxmega2/libm.a(fp_mpack.o)
                              /usr/lib/gcc/avr/4.6.2/../../../avr/lib/avrxmega2/libm.a(sqrt.o) (__fp_mpack)
/usr/lib/gcc/avr/4.6.2/../../../avr/lib/avrxmega2/libm.a(fp_norm2.o)
                              /usr/lib/gcc/avr/4.6.2/../../../avr/lib/avrxmega2/libm.a(sqrt.o) (__fp_norm2)
/usr/lib/gcc/avr/4.6.2/../../../avr/lib/avrxmega2/libm.a(fp_powsodd.o)
                              /usr/lib/gcc/avr/4.6.2/../../../avr/lib/avrxmega2/libm.a(fp_sinus.o) (__fp_powsodd)
/usr/lib/gcc/avr/4.6.2/avrxmega2/libgcc.a(_prologue.o)
                              /usr/lib/gcc/avr/4.6.2/../../../avr/lib/avrxmega2/libprintf_flt.a(vfprintf_flt.o) (__prologue_saves__)
/usr/lib/gcc/avr/4.6.2/avrxmega2/libgcc.a(_epilogue.o)
[...]
Memory Configuration

Name             Origin             Length             Attributes
text             0x0000000000000000 0x0000000000100000 xr
data             0x0000000000802000 0x000000000000ffa0 rw !x
eeprom           0x0000000000810000 0x0000000000010000 rw !x
fuse             0x0000000000820000 0x0000000000000400 rw !x
lock             0x0000000000830000 0x0000000000000400 rw !x
signature        0x0000000000840000 0x0000000000000400 rw !x
*default*        0x0000000000000000 0xffffffffffffffff

Linker script and memory map

LOAD /usr/lib/gcc/avr/4.6.2/../../../avr/lib/avrxmega2/crtx32a4u.o
LOAD usb/usb_xmega.o
LOAD usb/usb_requests.o
LOAD main.o
LOAD Descriptors.o
LOAD nmea/nmea.o
LOAD /usr/lib/gcc/avr/4.6.2/../../../avr/lib/avrxmega2/libprintf_flt.a
LOAD /usr/lib/gcc/avr/4.6.2/../../../avr/lib/avrxmega2/libm.a
LOAD /usr/lib/gcc/avr/4.6.2/avrxmega2/libgcc.a
LOAD /usr/lib/gcc/avr/4.6.2/../../../avr/lib/avrxmega2/libc.a
LOAD /usr/lib/gcc/avr/4.6.2/avrxmega2/libgcc.a

.hash
 *(.hash)

.dynsym
 *(.dynsym)

.dynstr
 *(.dynstr)

.gnu.version
 *(.gnu.version)

.gnu.version_d
 *(.gnu.version_d)

.gnu.version_r
 *(.gnu.version_r)

.rel.init
 *(.rel.init)

.rela.init
 *(.rela.init)

.rel.text
 *(.rel.text)
 *(.rel.text.*)
 *(.rel.gnu.linkonce.t*)

.rela.text
 *(.rela.text)
 *(.rela.text.*)
 *(.rela.gnu.linkonce.t*)

.rel.fini
 *(.rel.fini)

.rela.fini
 *(.rela.fini)

.rel.rodata
 *(.rel.rodata)
 *(.rel.rodata.*)
 *(.rel.gnu.linkonce.r*)

.rela.rodata
 *(.rela.rodata)
 *(.rela.rodata.*)
 *(.rela.gnu.linkonce.r*)

.rel.data
 *(.rel.data)
 *(.rel.data.*)
 *(.rel.gnu.linkonce.d*)

.rela.data
 *(.rela.data)
 *(.rela.data.*)
 *(.rela.gnu.linkonce.d*)

.rel.ctors
 *(.rel.ctors)

.rela.ctors
 *(.rela.ctors)

.rel.dtors
 *(.rel.dtors)

.rela.dtors
 *(.rela.dtors)

.rel.got
 *(.rel.got)

.rela.got
 *(.rela.got)

.rel.bss
 *(.rel.bss)

.rela.bss
 *(.rela.bss)

.rel.plt
 *(.rel.plt)

.rela.plt
 *(.rela.plt)

.text           0x0000000000000000     0x4b1e
 *(.vectors)
 .vectors       0x0000000000000000      0x1fc /usr/lib/gcc/avr/4.6.2/../../../avr/lib/avrxmega2/crtx32a4u.o
                0x0000000000000000                __vectors
                0x0000000000000000                __vector_default
 *(.vectors)
 *(.progmem.gcc*)
 .progmem.gcc_fplib
                0x00000000000001fc       0x2d /usr/lib/gcc/avr/4.6.2/../../../avr/lib/avrxmega2/libm.a(atan.o)
 .progmem.gcc_fplib
                0x0000000000000229       0x1e /usr/lib/gcc/avr/4.6.2/../../../avr/lib/avrxmega2/libm.a(fp_sinus.o)
 *(.progmem*)
 .progmem.data  0x0000000000000247       0x16 main.o
                0x0000000000000247                fwversion
                0x0000000000000252                hwversion
 .progmem.data  0x000000000000025d       0x6a Descriptors.o
                0x000000000000025d                XmegaExample_ProductString
                0x0000000000000273                XmegaExample_ManufacturerString
                0x0000000000000291                XmegaExample_LanguageString
                0x0000000000000295                XmegaExample_ConfigurationDescriptor
                0x00000000000002b5                XmegaExample_DeviceDescriptor
 .progmem.data  0x00000000000002c7        0x8 /usr/lib/gcc/avr/4.6.2/../../../avr/lib/avrxmega2/libprintf_flt.a(vfprintf_flt.o)
 .progmem.data  0x00000000000002cf       0xfa /usr/lib/gcc/avr/4.6.2/../../../avr/lib/avrxmega2/libc.a(ftoa_engine.o)
 .progmem.data  0x00000000000003c9       0x3b /usr/lib/gcc/avr/4.6.2/../../../avr/lib/avrxmega2/libc.a(strtod.o)
                0x0000000000000404                . = ALIGN (0x2)
                0x0000000000000404                __trampolines_start = .
 *(.trampolines)
 .trampolines   0x0000000000000404        0x0 linker stubs
 *(.trampolines*)
                0x0000000000000404                __trampolines_end = .
 *(.jumptables)
 *(.jumptables*)
 *(.lowtext)
 *(.lowtext*)
                0x0000000000000404                __ctors_start = .
 *(.ctors)
                0x0000000000000404                __ctors_end = .
                0x0000000000000404                __dtors_start = .
 *(.dtors)
                0x0000000000000404                __dtors_end = .
 SORT(*)(.ctors)
 SORT(*)(.dtors)
 *(.init0)
 .init0         0x0000000000000404        0x0 /usr/lib/gcc/avr/4.6.2/../../../avr/lib/avrxmega2/crtx32a4u.o
                0x0000000000000404                __init
 *(.init0)
 *(.init1)
 *(.init1)
 *(.init2)
 .init2         0x0000000000000404        0xc /usr/lib/gcc/avr/4.6.2/../../../avr/lib/avrxmega2/crtx32a4u.o
 *(.init2)
 *(.init3)
 *(.init3)
 *(.init4)
 .init4         0x0000000000000410       0x16 /usr/lib/gcc/avr/4.6.2/avrxmega2/libgcc.a(_copy_data.o)
                0x0000000000000410                __do_copy_data
 .init4         0x0000000000000426       0x10 /usr/lib/gcc/avr/4.6.2/avrxmega2/libgcc.a(_clear_bss.o)
                0x0000000000000426                __do_clear_bss
 *(.init4)
 *(.init5)
 *(.init5)
 *(.init6)
 *(.init6)
 *(.init7)
 *(.init7)
 *(.init8)
 *(.init8)
 *(.init9)
 .init9         0x0000000000000436        0x8 /usr/lib/gcc/avr/4.6.2/../../../avr/lib/avrxmega2/crtx32a4u.o
 *(.init9)
 *(.text)
 .text          0x000000000000043e        0x2 /usr/lib/gcc/avr/4.6.2/../../../avr/lib/avrxmega2/crtx32a4u.o
                0x000000000000043e                __vector_38
                0x000000000000043e                __vector_104
                0x000000000000043e                __vector_22
                0x000000000000043e                __vector_63
                0x000000000000043e                __vector_28
                0x000000000000043e                __vector_67
                0x000000000000043e                __vector_1
                0x000000000000043e                __vector_119
                0x000000000000043e                __vector_32
                0x000000000000043e                __vector_75
                0x000000000000043e                __vector_71
                0x000000000000043e                __vector_91
                0x000000000000043e                __vector_34
                0x000000000000043e                __vector_62
                0x000000000000043e                __vector_77
                0x000000000000043e                __vector_102
                0x000000000000043e                __vector_24
                0x000000000000043e                __vector_12
                0x000000000000043e                __vector_55
                0x000000000000043e                __vector_69
                0x000000000000043e                __vector_81
                0x000000000000043e                __vector_90
                0x000000000000043e                __vector_46
                0x000000000000043e                __bad_interrupt
                0x000000000000043e                __vector_122
                0x000000000000043e                __vector_72
                0x000000000000043e                __vector_114
                0x000000000000043e                __vector_6
                0x000000000000043e                __vector_110
                0x000000000000043e                __vector_31
                0x000000000000043e                __vector_92
                0x000000000000043e                __vector_35
                0x000000000000043e                __vector_78
                0x000000000000043e                __vector_74
                0x000000000000043e                __vector_117
                0x000000000000043e                __vector_39
                0x000000000000043e                __vector_107
                0x000000000000043e                __vector_3
                0x000000000000043e                __vector_105
                0x000000000000043e                __vector_98
                0x000000000000043e                __vector_23
                0x000000000000043e                __vector_68
                0x000000000000043e                __vector_30
                0x000000000000043e                __vector_73
                0x000000000000043e                __vector_45
                0x000000000000043e                __vector_25
                0x000000000000043e                __vector_93
                0x000000000000043e                __vector_61
                0x000000000000043e                __vector_11
                0x000000000000043e                __vector_54
                0x000000000000043e                __vector_99
                0x000000000000043e                __vector_13
                0x000000000000043e                __vector_17
                0x000000000000043e                __vector_19
                0x000000000000043e                __vector_56
                0x000000000000043e                __vector_7
                0x000000000000043e                __vector_49
                0x000000000000043e                __vector_123
                0x000000000000043e                __vector_41
                0x000000000000043e                __vector_86
                0x000000000000043e                __vector_100
                0x000000000000043e                __vector_101
                0x000000000000043e                __vector_64
                0x000000000000043e                __vector_88
                0x000000000000043e                __vector_109
                0x000000000000043e                __vector_43
                0x000000000000043e                __vector_27
                0x000000000000043e                __vector_5
                0x000000000000043e                __vector_113
                0x000000000000043e                __vector_33
                0x000000000000043e                __vector_76
                0x000000000000043e                __vector_115
                0x000000000000043e                __vector_47
                0x000000000000043e                __vector_52
                0x000000000000043e                __vector_37
                0x000000000000043e                __vector_95
                0x000000000000043e                __vector_103
                0x000000000000043e                __vector_96
                0x000000000000043e                __vector_89
                0x000000000000043e                __vector_108
                0x000000000000043e                __vector_4
                0x000000000000043e                __vector_44
                0x000000000000043e                __vector_82
                0x000000000000043e                __vector_106
                0x000000000000043e                __vector_118
                0x000000000000043e                __vector_51
                0x000000000000043e                __vector_9
                0x000000000000043e                __vector_2
                0x000000000000043e                __vector_21
                0x000000000000043e                __vector_15
                0x000000000000043e                __vector_66
                0x000000000000043e                __vector_36
                0x000000000000043e                __vector_79
                0x000000000000043e                __vector_58
                0x000000000000043e                __vector_70
                0x000000000000043e                __vector_83
                0x000000000000043e                __vector_29
                0x000000000000043e                __vector_60
                0x000000000000043e                __vector_121
                0x000000000000043e                __vector_40
                0x000000000000043e                __vector_85
                0x000000000000043e                __vector_94
                0x000000000000043e                __vector_8
                0x000000000000043e                __vector_26
                0x000000000000043e                __vector_48
                0x000000000000043e                __vector_124
                0x000000000000043e                __vector_116
                0x000000000000043e                __vector_112
                0x000000000000043e                __vector_111
                0x000000000000043e                __vector_80
                0x000000000000043e                __vector_14
                0x000000000000043e                __vector_84
                0x000000000000043e                __vector_57
                0x000000000000043e                __vector_53
                0x000000000000043e                __vector_10
                0x000000000000043e                __vector_50
                0x000000000000043e                __vector_16
                0x000000000000043e                __vector_59
                0x000000000000043e                __vector_18
                0x000000000000043e                __vector_97
                0x000000000000043e                __vector_20
                0x000000000000043e                __vector_42
                0x000000000000043e                __vector_87
                0x000000000000043e                __vector_65
                0x000000000000043e                __vector_120
 .text          0x0000000000000440      0x19e usb/usb_xmega.o
                0x0000000000000440                EVENT_USB_Device_WakeUp
                0x0000000000000440                USB_Event_Stub
                0x0000000000000440                EVENT_USB_Device_Suspend
                0x0000000000000440                EVENT_USB_Device_StartOfFrame
                0x0000000000000440                EVENT_USB_Device_Reset
                0x0000000000000442                USB_Event_Stub_Bool
                0x0000000000000442                EVENT_USB_Device_SetInterface
                0x0000000000000446                USB_Init
                0x00000000000004cc                USB_ResetInterface
                0x000000000000051a                USB_ep0_send_progmem
                0x0000000000000564                USB_ConfigureClock
 .text          0x00000000000005de      0x292 usb/usb_requests.o
                0x00000000000005de                USB_HandleSetup
 .text          0x0000000000000870     0x28c0 main.o
                0x0000000000000896                EVENT_USB_Device_ConfigurationChanged
                0x00000000000008e4                __vector_125
                0x000000000000096c                __vector_126
                0x0000000000000b7c                send_string
                0x0000000000000db2                turn_on_gps
                0x0000000000000dd0                wake_up_gps
                0x0000000000000dd2                gps_init
                0x0000000000000e10                wake_up_gprs
                0x0000000000000e12                gprs_init
                0x0000000000000e36                concat
                0x0000000000000ea2                parse_nmea_string
                0x0000000000000f3e                distance
                0x00000000000010fe                parse_nmea
                0x0000000000001f80                uart_putchar
                0x0000000000001fa0                uart_getchar
                0x0000000000001fac                send_message
                0x0000000000002ebc                EVENT_USB_Device_ControlRequest
                0x0000000000003104                EVENT_USB_Device_ControlOUT
 .text          0x0000000000003130       0x6c Descriptors.o
                0x0000000000003130                CALLBACK_USB_GetDescriptor
                0x000000000000319c                . = ALIGN (0x2)
 *(.text.*)
 .text.startup  0x000000000000319c      0x224 main.o
                0x000000000000319c                main
 .text.avr-libc
                0x00000000000033c0      0x6de /usr/lib/gcc/avr/4.6.2/../../../avr/lib/avrxmega2/libprintf_flt.a(vfprintf_flt.o)
                0x00000000000033c0                vfprintf
 .text.avr-libc.fplib
                0x0000000000003a9e        0xa /usr/lib/gcc/avr/4.6.2/../../../avr/lib/avrxmega2/libm.a(addsf3.o)
                0x0000000000003a9e                __subsf3
                0x0000000000003aa0                __addsf3
 .text.avr-libc.fplib
                0x0000000000003aa8       0xc0 /usr/lib/gcc/avr/4.6.2/../../../avr/lib/avrxmega2/libm.a(addsf3x.o)
                0x0000000000003ac2                __addsf3x
 .text.avr-libc.fplib
                0x0000000000003b68       0x74 /usr/lib/gcc/avr/4.6.2/../../../avr/lib/avrxmega2/libm.a(atan2.o)
                0x0000000000003b86                atan2
 .text.avr-libc.fplib
                0x0000000000003bdc       0x50 /usr/lib/gcc/avr/4.6.2/../../../avr/lib/avrxmega2/libm.a(atan.o)
                0x0000000000003bdc                atan
 .text.avr-libc.fplib
                0x0000000000003c2c        0x8 /usr/lib/gcc/avr/4.6.2/../../../avr/lib/avrxmega2/libm.a(cmpsf2.o)
                0x0000000000003c2c                __lesf2
                0x0000000000003c2c                __nesf2
                0x0000000000003c2c                __eqsf2
                0x0000000000003c2c                __cmpsf2
                0x0000000000003c2c                __ltsf2
 .text.avr-libc.fplib
                0x0000000000003c34        0x6 /usr/lib/gcc/avr/4.6.2/../../../avr/lib/avrxmega2/libm.a(cos.o)
                0x0000000000003c34                cos
 .text.avr-libc.fplib
                0x0000000000003c3a        0x4 /usr/lib/gcc/avr/4.6.2/../../../avr/lib/avrxmega2/libm.a(divsf3.o)
                0x0000000000003c3a                __divsf3
 .text.avr-libc.fplib
                0x0000000000003c3e       0xcc /usr/lib/gcc/avr/4.6.2/../../../avr/lib/avrxmega2/libm.a(divsf3x.o)
                0x0000000000003c54                __divsf3x
                0x0000000000003c58                __divsf3_pse
 .text.avr-libc.fplib
                0x0000000000003d0a       0x48 /usr/lib/gcc/avr/4.6.2/../../../avr/lib/avrxmega2/libm.a(fp_cmp.o)
                0x0000000000003d0a                __fp_cmp
 .text.avr-libc.fplib
                0x0000000000003d52        0xc /usr/lib/gcc/avr/4.6.2/../../../avr/lib/avrxmega2/libm.a(fp_inf.o)
                0x0000000000003d52                __fp_inf
 .text.avr-libc.fplib
                0x0000000000003d5e        0x6 /usr/lib/gcc/avr/4.6.2/../../../avr/lib/avrxmega2/libm.a(fp_nan.o)
                0x0000000000003d5e                __fp_nan
 .text.avr-libc.fplib
                0x0000000000003d64       0x4a /usr/lib/gcc/avr/4.6.2/../../../avr/lib/avrxmega2/libm.a(fp_powser.o)
                0x0000000000003d64                __fp_powser
 .text.avr-libc.fplib
                0x0000000000003dae        0xe /usr/lib/gcc/avr/4.6.2/../../../avr/lib/avrxmega2/libm.a(fp_pscA.o)
                0x0000000000003dae                __fp_pscA
 .text.avr-libc.fplib
                0x0000000000003dbc        0xe /usr/lib/gcc/avr/4.6.2/../../../avr/lib/avrxmega2/libm.a(fp_pscB.o)
                0x0000000000003dbc                __fp_pscB
 .text.avr-libc.fplib
                0x0000000000003dca       0x50 /usr/lib/gcc/avr/4.6.2/../../../avr/lib/avrxmega2/libm.a(fp_rempio2.o)
                0x0000000000003dcc                __fp_rempio2
 .text.avr-libc.fplib
                0x0000000000003e1a       0x22 /usr/lib/gcc/avr/4.6.2/../../../avr/lib/avrxmega2/libm.a(fp_round.o)
                0x0000000000003e1a                __fp_round
 .text.avr-libc.fplib
                0x0000000000003e3c       0x22 /usr/lib/gcc/avr/4.6.2/../../../avr/lib/avrxmega2/libm.a(fp_sinus.o)
                0x0000000000003e3c                __fp_sinus
 .text.avr-libc.fplib
                0x0000000000003e5e       0x44 /usr/lib/gcc/avr/4.6.2/../../../avr/lib/avrxmega2/libm.a(fp_split3.o)
                0x0000000000003e5e                __fp_split3
                0x0000000000003e6e                __fp_splitA
 .text.avr-libc.fplib
                0x0000000000003ea2        0xe /usr/lib/gcc/avr/4.6.2/../../../avr/lib/avrxmega2/libm.a(fp_zero.o)
                0x0000000000003ea2                __fp_zero
                0x0000000000003ea4                __fp_szero
 .text.avr-libc.fplib
                0x0000000000003eb0        0x8 /usr/lib/gcc/avr/4.6.2/../../../avr/lib/avrxmega2/libm.a(gesf2.o)
                0x0000000000003eb0                __gtsf2
                0x0000000000003eb0                __gesf2
 .text.avr-libc.fplib
                0x0000000000003eb8        0xe /usr/lib/gcc/avr/4.6.2/../../../avr/lib/avrxmega2/libm.a(inverse.o)
                0x0000000000003eb8                inverse
 .text.avr-libc.fplib
                0x0000000000003ec6        0x4 /usr/lib/gcc/avr/4.6.2/../../../avr/lib/avrxmega2/libm.a(mulsf3.o)
                0x0000000000003ec6                __mulsf3
 .text.avr-libc.fplib
                0x0000000000003eca       0xc2 /usr/lib/gcc/avr/4.6.2/../../../avr/lib/avrxmega2/libm.a(mulsf3x.o)
                0x0000000000003ede                __mulsf3x
                0x0000000000003ee2                __mulsf3_pse
 .text.avr-libc.fplib
                0x0000000000003f8c        0xc /usr/lib/gcc/avr/4.6.2/../../../avr/lib/avrxmega2/libm.a(sin.o)
                0x0000000000003f8c                sin
 .text.avr-libc.fplib
                0x0000000000003f98       0x84 /usr/lib/gcc/avr/4.6.2/../../../avr/lib/avrxmega2/libm.a(sqrt.o)
                0x0000000000003fa0                sqrt
 .text.avr-libc.fplib
                0x000000000000401c        0x6 /usr/lib/gcc/avr/4.6.2/../../../avr/lib/avrxmega2/libm.a(square.o)
                0x000000000000401c                square
 .text.avr-libc.fplib
                0x0000000000004022       0x1c /usr/lib/gcc/avr/4.6.2/../../../avr/lib/avrxmega2/libm.a(fp_mpack.o)
                0x0000000000004022                __fp_mpack
                0x0000000000004026                __fp_mpack_finite
 .text.avr-libc.fplib
                0x000000000000403e        0xe /usr/lib/gcc/avr/4.6.2/../../../avr/lib/avrxmega2/libm.a(fp_norm2.o)
                0x000000000000403e                __fp_norm2
 .text.avr-libc.fplib
                0x000000000000404c       0x22 /usr/lib/gcc/avr/4.6.2/../../../avr/lib/avrxmega2/libm.a(fp_powsodd.o)
                0x000000000000404c                __fp_powsodd
 .text.libgcc   0x000000000000406e       0x32 /usr/lib/gcc/avr/4.6.2/avrxmega2/libgcc.a(_prologue.o)
                0x000000000000406e                __prologue_saves__
 .text.libgcc   0x00000000000040a0       0x30 /usr/lib/gcc/avr/4.6.2/avrxmega2/libgcc.a(_epilogue.o)
                0x00000000000040a0                __epilogue_restores__
 .text.avr-libc
                0x00000000000040d0      0x25e /usr/lib/gcc/avr/4.6.2/../../../avr/lib/avrxmega2/libc.a(malloc.o)
                0x00000000000040d0                malloc
                0x00000000000041fc                free
 .text.avr-libc
                0x000000000000432e        0x6 /usr/lib/gcc/avr/4.6.2/../../../avr/lib/avrxmega2/libc.a(atof.o)
                0x000000000000432e                atof
 .text.avr-libc
                0x0000000000004334      0x1b0 /usr/lib/gcc/avr/4.6.2/../../../avr/lib/avrxmega2/libc.a(ftoa_engine.o)
                0x0000000000004334                __ftoa_engine
 .text.avr-libc
                0x00000000000044e4       0x10 /usr/lib/gcc/avr/4.6.2/../../../avr/lib/avrxmega2/libc.a(isspace.o)
                0x00000000000044e4                isspace
 .text.avr-libc
                0x00000000000044f4       0x16 /usr/lib/gcc/avr/4.6.2/../../../avr/lib/avrxmega2/libc.a(strnlen_P.o)
                0x00000000000044f4                strnlen_P
 .text.avr-libc
                0x000000000000450a        0x6 /usr/lib/gcc/avr/4.6.2/../../../avr/lib/avrxmega2/libc.a(strtok.o)
                0x000000000000450a                strtok
 .text.avr-libc
                0x0000000000004510       0x16 /usr/lib/gcc/avr/4.6.2/../../../avr/lib/avrxmega2/libc.a(strcat.o)
                0x0000000000004510                strcat
 .text.avr-libc
                0x0000000000004526        0xe /usr/lib/gcc/avr/4.6.2/../../../avr/lib/avrxmega2/libc.a(strcpy.o)
                0x0000000000004526                strcpy
 .text.avr-libc
                0x0000000000004534       0x16 /usr/lib/gcc/avr/4.6.2/../../../avr/lib/avrxmega2/libc.a(strnlen.o)
                0x0000000000004534                strnlen
 .text.avr-libc
                0x000000000000454a       0x4e /usr/lib/gcc/avr/4.6.2/../../../avr/lib/avrxmega2/libc.a(strtok_r.o)
                0x000000000000454a                strtok_r
 .text.avr-libc
                0x0000000000004598       0x58 /usr/lib/gcc/avr/4.6.2/../../../avr/lib/avrxmega2/libc.a(fputc.o)
                0x0000000000004598                fputc
 .text.avr-libc
                0x00000000000045f0       0x40 /usr/lib/gcc/avr/4.6.2/../../../avr/lib/avrxmega2/libc.a(sprintf.o)
                0x00000000000045f0                sprintf
 .text.avr-libc
                0x0000000000004630       0xbc /usr/lib/gcc/avr/4.6.2/../../../avr/lib/avrxmega2/libc.a(ultoa_invert.o)
                0x0000000000004630                __ultoa_invert
 .text.avr-libc
                0x00000000000046ec       0x16 /usr/lib/gcc/avr/4.6.2/../../../avr/lib/avrxmega2/libc.a(eerd_block_atxmega32a4u.o)
                0x00000000000046ec                __eerd_block_x32a4u
 .text.avr-libc
                0x0000000000004702       0x1e /usr/lib/gcc/avr/4.6.2/../../../avr/lib/avrxmega2/libc.a(eeupd_block_atxmega32a4u.o)
                0x0000000000004702                __eeupd_block_x32a4u
 .text.avr-libc
                0x0000000000004720       0x12 /usr/lib/gcc/avr/4.6.2/../../../avr/lib/avrxmega2/libc.a(eeupd_byte_atxmega32a4u.o)
                0x0000000000004720                __eeupd_byte_x32a4u
                0x0000000000004722                __eeupd_r18_x32a4u
 .text.avr-libc
                0x0000000000004732       0x46 /usr/lib/gcc/avr/4.6.2/../../../avr/lib/avrxmega2/libc.a(eewr_byte_atxmega32a4u.o)
                0x0000000000004732                __eewr_byte_x32a4u
                0x0000000000004734                __eewr_r18_x32a4u
 .text.avr-libc
                0x0000000000004778       0x20 /usr/lib/gcc/avr/4.6.2/../../../avr/lib/avrxmega2/libc.a(eerd_byte_atxmega32c4.o)
                0x0000000000004778                __eerd_byte_x32c4
                0x0000000000004780                eeprom_mapen
 .text.avr-libc
                0x0000000000004798      0x2c0 /usr/lib/gcc/avr/4.6.2/../../../avr/lib/avrxmega2/libc.a(strtod.o)
                0x0000000000004798                strtod
 .text.avr-libc
                0x0000000000004a58        0x6 /usr/lib/gcc/avr/4.6.2/../../../avr/lib/avrxmega2/libc.a(cty_isfalse.o)
                0x0000000000004a58                __ctype_isfalse
                0x0000000000004a5c                __ctype_istrue
 .text.avr-libc
                0x0000000000004a5e       0x30 /usr/lib/gcc/avr/4.6.2/../../../avr/lib/avrxmega2/libc.a(strncasecmp_P.o)
                0x0000000000004a5e                strncasecmp_P
 .text.avr-libc
                0x0000000000004a8e       0x12 /usr/lib/gcc/avr/4.6.2/../../../avr/lib/avrxmega2/libc.a(memcpy.o)
                0x0000000000004a8e                memcpy
 .text.avr-libc.fplib
                0x0000000000004aa0       0x7a /usr/lib/gcc/avr/4.6.2/../../../avr/lib/avrxmega2/libc.a(floatsisf.o)
                0x0000000000004aa0                __floatunsisf
                0x0000000000004aa4                __floatsisf
                0x0000000000004b1a                . = ALIGN (0x2)
 *(.fini9)
 .fini9         0x0000000000004b1a        0x0 /usr/lib/gcc/avr/4.6.2/avrxmega2/libgcc.a(_exit.o)
                0x0000000000004b1a                exit
                0x0000000000004b1a                _exit
 *(.fini9)
 *(.fini8)
 *(.fini8)
 *(.fini7)
 *(.fini7)
 *(.fini6)
 *(.fini6)
 *(.fini5)
 *(.fini5)
 *(.fini4)
 *(.fini4)
 *(.fini3)
 *(.fini3)
 *(.fini2)
 *(.fini2)
 *(.fini1)
 *(.fini1)
 *(.fini0)
 .fini0         0x0000000000004b1a        0x4 /usr/lib/gcc/avr/4.6.2/avrxmega2/libgcc.a(_exit.o)
 *(.fini0)
                0x0000000000004b1e                _etext = .

.data           0x0000000000802000       0xc2 load address 0x0000000000004b1e
                0x0000000000802000                PROVIDE (__data_start, .)
 *(.data)
 .data          0x0000000000802000        0x0 /usr/lib/gcc/avr/4.6.2/../../../avr/lib/avrxmega2/crtx32a4u.o
 .data          0x0000000000802000       0x30 usb/usb_xmega.o
                0x0000000000802000                endpoints
 .data          0x0000000000802030        0x0 usb/usb_requests.o
 .data          0x0000000000802030       0x8a main.o
                0x00000000008020a7                twilio_number
                0x00000000008020a9                max_dist
                0x00000000008020ad                lng
                0x00000000008020b1                lat
                0x00000000008020b5                ep_in_pipe_data
 .data          0x00000000008020ba        0x0 Descriptors.o
 .data          0x00000000008020ba        0x2 nmea/nmea.o
 .data          0x00000000008020bc        0x0 /usr/lib/gcc/avr/4.6.2/../../../avr/lib/avrxmega2/libprintf_flt.a(vfprintf_flt.o)
 .data          0x00000000008020bc        0x0 /usr/lib/gcc/avr/4.6.2/../../../avr/lib/avrxmega2/libm.a(addsf3.o)
 .data          0x00000000008020bc        0x0 /usr/lib/gcc/avr/4.6.2/../../../avr/lib/avrxmega2/libm.a(addsf3x.o)
 .data          0x00000000008020bc        0x0 /usr/lib/gcc/avr/4.6.2/../../../avr/lib/avrxmega2/libm.a(atan2.o)
 .data          0x00000000008020bc        0x0 /usr/lib/gcc/avr/4.6.2/../../../avr/lib/avrxmega2/libm.a(atan.o)
 .data          0x00000000008020bc        0x0 /usr/lib/gcc/avr/4.6.2/../../../avr/lib/avrxmega2/libm.a(cmpsf2.o)
 .data          0x00000000008020bc        0x0 /usr/lib/gcc/avr/4.6.2/../../../avr/lib/avrxmega2/libm.a(cos.o)
 .data          0x00000000008020bc        0x0 /usr/lib/gcc/avr/4.6.2/../../../avr/lib/avrxmega2/libm.a(divsf3.o)
 .data          0x00000000008020bc        0x0 /usr/lib/gcc/avr/4.6.2/../../../avr/lib/avrxmega2/libm.a(divsf3x.o)
 .data          0x00000000008020bc        0x0 /usr/lib/gcc/avr/4.6.2/../../../avr/lib/avrxmega2/libm.a(fp_cmp.o)
 .data          0x00000000008020bc        0x0 /usr/lib/gcc/avr/4.6.2/../../../avr/lib/avrxmega2/libm.a(fp_inf.o)
 .data          0x00000000008020bc        0x0 /usr/lib/gcc/avr/4.6.2/../../../avr/lib/avrxmega2/libm.a(fp_nan.o)
 .data          0x00000000008020bc        0x0 /usr/lib/gcc/avr/4.6.2/../../../avr/lib/avrxmega2/libm.a(fp_powser.o)
 .data          0x00000000008020bc        0x0 /usr/lib/gcc/avr/4.6.2/../../../avr/lib/avrxmega2/libm.a(fp_pscA.o)
 .data          0x00000000008020bc        0x0 /usr/lib/gcc/avr/4.6.2/../../../avr/lib/avrxmega2/libm.a(fp_pscB.o)
 .data          0x00000000008020bc        0x0 /usr/lib/gcc/avr/4.6.2/../../../avr/lib/avrxmega2/libm.a(fp_rempio2.o)
 .data          0x00000000008020bc        0x0 /usr/lib/gcc/avr/4.6.2/../../../avr/lib/avrxmega2/libm.a(fp_round.o)
 .data          0x00000000008020bc        0x0 /usr/lib/gcc/avr/4.6.2/../../../avr/lib/avrxmega2/libm.a(fp_sinus.o)
 .data          0x00000000008020bc        0x0 /usr/lib/gcc/avr/4.6.2/../../../avr/lib/avrxmega2/libm.a(fp_split3.o)
 .data          0x00000000008020bc        0x0 /usr/lib/gcc/avr/4.6.2/../../../avr/lib/avrxmega2/libm.a(fp_zero.o)
 .data          0x00000000008020bc        0x0 /usr/lib/gcc/avr/4.6.2/../../../avr/lib/avrxmega2/libm.a(gesf2.o)
 .data          0x00000000008020bc        0x0 /usr/lib/gcc/avr/4.6.2/../../../avr/lib/avrxmega2/libm.a(inverse.o)
 .data          0x00000000008020bc        0x0 /usr/lib/gcc/avr/4.6.2/../../../avr/lib/avrxmega2/libm.a(mulsf3.o)
 .data          0x00000000008020bc        0x0 /usr/lib/gcc/avr/4.6.2/../../../avr/lib/avrxmega2/libm.a(mulsf3x.o)
 .data          0x00000000008020bc        0x0 /usr/lib/gcc/avr/4.6.2/../../../avr/lib/avrxmega2/libm.a(sin.o)
 .data          0x00000000008020bc        0x0 /usr/lib/gcc/avr/4.6.2/../../../avr/lib/avrxmega2/libm.a(sqrt.o)
 .data          0x00000000008020bc        0x0 /usr/lib/gcc/avr/4.6.2/../../../avr/lib/avrxmega2/libm.a(square.o)
 .data          0x00000000008020bc        0x0 /usr/lib/gcc/avr/4.6.2/../../../avr/lib/avrxmega2/libm.a(fp_mpack.o)
 .data          0x00000000008020bc        0x0 /usr/lib/gcc/avr/4.6.2/../../../avr/lib/avrxmega2/libm.a(fp_norm2.o)
 .data          0x00000000008020bc        0x0 /usr/lib/gcc/avr/4.6.2/../../../avr/lib/avrxmega2/libm.a(fp_powsodd.o)
 .data          0x00000000008020bc        0x0 /usr/lib/gcc/avr/4.6.2/avrxmega2/libgcc.a(_prologue.o)
 .data          0x00000000008020bc        0x0 /usr/lib/gcc/avr/4.6.2/avrxmega2/libgcc.a(_epilogue.o)
 .data          0x00000000008020bc        0x0 /usr/lib/gcc/avr/4.6.2/avrxmega2/libgcc.a(_exit.o)
 .data          0x00000000008020bc        0x0 /usr/lib/gcc/avr/4.6.2/avrxmega2/libgcc.a(_copy_data.o)
 .data          0x00000000008020bc        0x0 /usr/lib/gcc/avr/4.6.2/avrxmega2/libgcc.a(_clear_bss.o)
 .data          0x00000000008020bc        0x6 /usr/lib/gcc/avr/4.6.2/../../../avr/lib/avrxmega2/libc.a(malloc.o)
                0x00000000008020bc                __malloc_heap_end
                0x00000000008020be                __malloc_heap_start
                0x00000000008020c0                __malloc_margin
 .data          0x00000000008020c2        0x0 /usr/lib/gcc/avr/4.6.2/../../../avr/lib/avrxmega2/libc.a(strtoul.o)
 .data          0x00000000008020c2        0x0 /usr/lib/gcc/avr/4.6.2/../../../avr/lib/avrxmega2/libc.a(atof.o)
 .data          0x00000000008020c2        0x0 /usr/lib/gcc/avr/4.6.2/../../../avr/lib/avrxmega2/libc.a(ftoa_engine.o)
 .data          0x00000000008020c2        0x0 /usr/lib/gcc/avr/4.6.2/../../../avr/lib/avrxmega2/libc.a(isspace.o)
 .data          0x00000000008020c2        0x0 /usr/lib/gcc/avr/4.6.2/../../../avr/lib/avrxmega2/libc.a(strncmp_P.o)
 .data          0x00000000008020c2        0x0 /usr/lib/gcc/avr/4.6.2/../../../avr/lib/avrxmega2/libc.a(strnlen_P.o)
 .data          0x00000000008020c2        0x0 /usr/lib/gcc/avr/4.6.2/../../../avr/lib/avrxmega2/libc.a(strtok.o)
 .data          0x00000000008020c2        0x0 /usr/lib/gcc/avr/4.6.2/../../../avr/lib/avrxmega2/libc.a(strcat.o)
 .data          0x00000000008020c2        0x0 /usr/lib/gcc/avr/4.6.2/../../../avr/lib/avrxmega2/libc.a(strcpy.o)
 .data          0x00000000008020c2        0x0 /usr/lib/gcc/avr/4.6.2/../../../avr/lib/avrxmega2/libc.a(strnlen.o)
 .data          0x00000000008020c2        0x0 /usr/lib/gcc/avr/4.6.2/../../../avr/lib/avrxmega2/libc.a(strsep.o)
 .data          0x00000000008020c2        0x0 /usr/lib/gcc/avr/4.6.2/../../../avr/lib/avrxmega2/libc.a(strtok_r.o)
 .data          0x00000000008020c2        0x0 /usr/lib/gcc/avr/4.6.2/../../../avr/lib/avrxmega2/libc.a(fputc.o)
 .data          0x00000000008020c2        0x0 /usr/lib/gcc/avr/4.6.2/../../../avr/lib/avrxmega2/libc.a(sprintf.o)
 .data          0x00000000008020c2        0x0 /usr/lib/gcc/avr/4.6.2/../../../avr/lib/avrxmega2/libc.a(sscanf_p.o)
 .data          0x00000000008020c2        0x0 /usr/lib/gcc/avr/4.6.2/../../../avr/lib/avrxmega2/libc.a(ultoa_invert.o)
 .data          0x00000000008020c2        0x0 /usr/lib/gcc/avr/4.6.2/../../../avr/lib/avrxmega2/libc.a(vfscanf_std.o)
 .data          0x00000000008020c2        0x0 /usr/lib/gcc/avr/4.6.2/../../../avr/lib/avrxmega2/libc.a(eerd_block_atxmega32a4u.o)
 .data          0x00000000008020c2        0x0 /usr/lib/gcc/avr/4.6.2/../../../avr/lib/avrxmega2/libc.a(eeupd_block_atxmega32a4u.o)
 .data          0x00000000008020c2        0x0 /usr/lib/gcc/avr/4.6.2/../../../avr/lib/avrxmega2/libc.a(eeupd_byte_atxmega32a4u.o)
 .data          0x00000000008020c2        0x0 /usr/lib/gcc/avr/4.6.2/../../../avr/lib/avrxmega2/libc.a(eewr_byte_atxmega32a4u.o)
 .data          0x00000000008020c2        0x0 /usr/lib/gcc/avr/4.6.2/../../../avr/lib/avrxmega2/libc.a(eerd_byte_atxmega32c4.o)
 .data          0x00000000008020c2        0x0 /usr/lib/gcc/avr/4.6.2/../../../avr/lib/avrxmega2/libc.a(errno.o)
 .data          0x00000000008020c2        0x0 /usr/lib/gcc/avr/4.6.2/../../../avr/lib/avrxmega2/libc.a(strtod.o)
 .data          0x00000000008020c2        0x0 /usr/lib/gcc/avr/4.6.2/../../../avr/lib/avrxmega2/libc.a(cty_isfalse.o)
 .data          0x00000000008020c2        0x0 /usr/lib/gcc/avr/4.6.2/../../../avr/lib/avrxmega2/libc.a(strchr_P.o)
 .data          0x00000000008020c2        0x0 /usr/lib/gcc/avr/4.6.2/../../../avr/lib/avrxmega2/libc.a(strncasecmp_P.o)
 .data          0x00000000008020c2        0x0 /usr/lib/gcc/avr/4.6.2/../../../avr/lib/avrxmega2/libc.a(memcpy.o)
 .data          0x00000000008020c2        0x0 /usr/lib/gcc/avr/4.6.2/../../../avr/lib/avrxmega2/libc.a(fgetc.o)
 .data          0x00000000008020c2        0x0 /usr/lib/gcc/avr/4.6.2/../../../avr/lib/avrxmega2/libc.a(ungetc.o)
 .data          0x00000000008020c2        0x0 /usr/lib/gcc/avr/4.6.2/../../../avr/lib/avrxmega2/libc.a(floatsisf.o)
 .data          0x00000000008020c2        0x0 /usr/lib/gcc/avr/4.6.2/avrxmega2/libgcc.a(_mulsi3.o)
 .data          0x00000000008020c2        0x0 /usr/lib/gcc/avr/4.6.2/avrxmega2/libgcc.a(_udivmodsi4.o)
 *(.data*)
 *(.rodata)
 *(.rodata*)
 *(.gnu.linkonce.d*)
                0x00000000008020c2                . = ALIGN (0x2)
                0x00000000008020c2                _edata = .
                0x00000000008020c2                PROVIDE (__data_end, .)

.bss            0x00000000008020c2      0x294
                0x00000000008020c2                PROVIDE (__bss_start, .)
 *(.bss)
 .bss           0x00000000008020c2        0x8 main.o
                0x00000000008020c2                cmd_data
                0x00000000008020c3                usb_cmd
                0x00000000008020c4                updating
                0x00000000008020c5                timeout_or_sampling_no_longer_enabled
                0x00000000008020c6                ep_in_data
 .bss           0x00000000008020ca        0x2 /usr/lib/gcc/avr/4.6.2/../../../avr/lib/avrxmega2/libc.a(strtok.o)
 *(.bss*)
 *(COMMON)
 COMMON         0x00000000008020cc       0x82 usb/usb_xmega.o
                0x00000000008020cc                ep0_buf_in
                0x000000000080210c                USB_DeviceState
                0x000000000080210d                USB_Device_ConfigurationNumber
                0x000000000080210e                ep0_buf_out
 COMMON         0x000000000080214e      0x202 main.o
                0x000000000080214e                ep_in_pipe_buffer
                0x000000000080234e                message
 COMMON         0x0000000000802350        0x4 /usr/lib/gcc/avr/4.6.2/../../../avr/lib/avrxmega2/libc.a(malloc.o)
                0x0000000000802350                __brkval
                0x0000000000802352                __flp
 COMMON         0x0000000000802354        0x2 /usr/lib/gcc/avr/4.6.2/../../../avr/lib/avrxmega2/libc.a(errno.o)
                0x0000000000802354                errno
                0x0000000000802356                PROVIDE (__bss_end, .)
                0x0000000000004b1e                __data_load_start = LOADADDR (.data)
                0x0000000000004be0                __data_load_end = (__data_load_start + SIZEOF (.data))

.noinit         0x0000000000802356        0x0
                0x0000000000802356                PROVIDE (__noinit_start, .)
 *(.noinit*)
                0x0000000000802356                PROVIDE (__noinit_end, .)
                0x0000000000802356                _end = .
                0x0000000000802356                PROVIDE (__heap_start, .)

.eeprom         0x0000000000810000        0x0
 *(.eeprom*)
                0x0000000000810000                __eeprom_end = .

.fuse
 *(.fuse)
 *(.lfuse)
 *(.hfuse)
 *(.efuse)

.lock
 *(.lock*)

.signature
 *(.signature*)

.stab           0x0000000000000000     0x50a0
 *(.stab)
 .stab          0x0000000000000000      0x6cc /usr/lib/gcc/avr/4.6.2/../../../avr/lib/avrxmega2/crtx32a4u.o
 .stab          0x00000000000006cc       0x78 /usr/lib/gcc/avr/4.6.2/../../../avr/lib/avrxmega2/libm.a(addsf3.o)
                                         0x84 (size before relaxing)
 .stab          0x0000000000000744      0x4bc /usr/lib/gcc/avr/4.6.2/../../../avr/lib/avrxmega2/libm.a(addsf3x.o)
                                        0x4c8 (size before relaxing)
 .stab          0x0000000000000c00      0x2f4 /usr/lib/gcc/avr/4.6.2/../../../avr/lib/avrxmega2/libm.a(atan2.o)
                                        0x300 (size before relaxing)
 .stab          0x0000000000000ef4      0x210 /usr/lib/gcc/avr/4.6.2/../../../avr/lib/avrxmega2/libm.a(atan.o)
                                        0x21c (size before relaxing)
 .stab          0x0000000000001104       0x90 /usr/lib/gcc/avr/4.6.2/../../../avr/lib/avrxmega2/libm.a(cmpsf2.o)
                                         0x9c (size before relaxing)
 .stab          0x0000000000001194       0x54 /usr/lib/gcc/avr/4.6.2/../../../avr/lib/avrxmega2/libm.a(cos.o)
                                         0x60 (size before relaxing)
 .stab          0x00000000000011e8       0x48 /usr/lib/gcc/avr/4.6.2/../../../avr/lib/avrxmega2/libm.a(divsf3.o)
                                         0x54 (size before relaxing)
 .stab          0x0000000000001230      0x510 /usr/lib/gcc/avr/4.6.2/../../../avr/lib/avrxmega2/libm.a(divsf3x.o)
                                        0x51c (size before relaxing)
 .stab          0x0000000000001740      0x1e0 /usr/lib/gcc/avr/4.6.2/../../../avr/lib/avrxmega2/libm.a(fp_cmp.o)
                                        0x1ec (size before relaxing)
 .stab          0x0000000000001920       0x78 /usr/lib/gcc/avr/4.6.2/../../../avr/lib/avrxmega2/libm.a(fp_inf.o)
                                         0x84 (size before relaxing)
 .stab          0x0000000000001998       0x54 /usr/lib/gcc/avr/4.6.2/../../../avr/lib/avrxmega2/libm.a(fp_nan.o)
                                         0x60 (size before relaxing)
 .stab          0x00000000000019ec      0x1ec /usr/lib/gcc/avr/4.6.2/../../../avr/lib/avrxmega2/libm.a(fp_powser.o)
                                        0x1f8 (size before relaxing)
 .stab          0x0000000000001bd8       0x84 /usr/lib/gcc/avr/4.6.2/../../../avr/lib/avrxmega2/libm.a(fp_pscA.o)
                                         0x90 (size before relaxing)
 .stab          0x0000000000001c5c       0x84 /usr/lib/gcc/avr/4.6.2/../../../avr/lib/avrxmega2/libm.a(fp_pscB.o)
                                         0x90 (size before relaxing)
 .stab          0x0000000000001ce0      0x21c /usr/lib/gcc/avr/4.6.2/../../../avr/lib/avrxmega2/libm.a(fp_rempio2.o)
                                        0x228 (size before relaxing)
 .stab          0x0000000000001efc       0xfc /usr/lib/gcc/avr/4.6.2/../../../avr/lib/avrxmega2/libm.a(fp_round.o)
                                        0x108 (size before relaxing)
 .stab          0x0000000000001ff8       0xfc /usr/lib/gcc/avr/4.6.2/../../../avr/lib/avrxmega2/libm.a(fp_sinus.o)
                                        0x108 (size before relaxing)
 .stab          0x00000000000020f4      0x1d4 /usr/lib/gcc/avr/4.6.2/../../../avr/lib/avrxmega2/libm.a(fp_split3.o)
                                        0x1e0 (size before relaxing)
 .stab          0x00000000000022c8       0x90 /usr/lib/gcc/avr/4.6.2/../../../avr/lib/avrxmega2/libm.a(fp_zero.o)
                                         0x9c (size before relaxing)
 .stab          0x0000000000002358       0x6c /usr/lib/gcc/avr/4.6.2/../../../avr/lib/avrxmega2/libm.a(gesf2.o)
                                         0x78 (size before relaxing)
 .stab          0x00000000000023c4       0x84 /usr/lib/gcc/avr/4.6.2/../../../avr/lib/avrxmega2/libm.a(inverse.o)
                                         0x90 (size before relaxing)
 .stab          0x0000000000002448       0x48 /usr/lib/gcc/avr/4.6.2/../../../avr/lib/avrxmega2/libm.a(mulsf3.o)
                                         0x54 (size before relaxing)
 .stab          0x0000000000002490      0x4d4 /usr/lib/gcc/avr/4.6.2/../../../avr/lib/avrxmega2/libm.a(mulsf3x.o)
                                        0x4e0 (size before relaxing)
 .stab          0x0000000000002964       0x78 /usr/lib/gcc/avr/4.6.2/../../../avr/lib/avrxmega2/libm.a(sin.o)
                                         0x84 (size before relaxing)
 .stab          0x00000000000029dc      0x354 /usr/lib/gcc/avr/4.6.2/../../../avr/lib/avrxmega2/libm.a(sqrt.o)
                                        0x360 (size before relaxing)
 .stab          0x0000000000002d30       0x54 /usr/lib/gcc/avr/4.6.2/../../../avr/lib/avrxmega2/libm.a(square.o)
                                         0x60 (size before relaxing)
 .stab          0x0000000000002d84       0xe4 /usr/lib/gcc/avr/4.6.2/../../../avr/lib/avrxmega2/libm.a(fp_mpack.o)
                                         0xf0 (size before relaxing)
 .stab          0x0000000000002e68       0x84 /usr/lib/gcc/avr/4.6.2/../../../avr/lib/avrxmega2/libm.a(fp_norm2.o)
                                         0x90 (size before relaxing)
 .stab          0x0000000000002eec       0xfc /usr/lib/gcc/avr/4.6.2/../../../avr/lib/avrxmega2/libm.a(fp_powsodd.o)
                                        0x108 (size before relaxing)
 .stab          0x0000000000002fe8       0x3c /usr/lib/gcc/avr/4.6.2/../../../avr/lib/avrxmega2/libc.a(atof.o)
                                         0x48 (size before relaxing)
 .stab          0x0000000000003024      0xa38 /usr/lib/gcc/avr/4.6.2/../../../avr/lib/avrxmega2/libc.a(ftoa_engine.o)
                                        0xa44 (size before relaxing)
 .stab          0x0000000000003a5c       0x9c /usr/lib/gcc/avr/4.6.2/../../../avr/lib/avrxmega2/libc.a(isspace.o)
                                         0xa8 (size before relaxing)
 .stab          0x0000000000003af8       0xc0 /usr/lib/gcc/avr/4.6.2/../../../avr/lib/avrxmega2/libc.a(strncmp_P.o)
                                         0xcc (size before relaxing)
 .stab          0x0000000000003bb8       0x9c /usr/lib/gcc/avr/4.6.2/../../../avr/lib/avrxmega2/libc.a(strnlen_P.o)
                                         0xa8 (size before relaxing)
 .stab          0x0000000000003c54       0x9c /usr/lib/gcc/avr/4.6.2/../../../avr/lib/avrxmega2/libc.a(strcat.o)
                                         0xa8 (size before relaxing)
 .stab          0x0000000000003cf0       0x6c /usr/lib/gcc/avr/4.6.2/../../../avr/lib/avrxmega2/libc.a(strcpy.o)
                                         0x78 (size before relaxing)
 .stab          0x0000000000003d5c       0x9c /usr/lib/gcc/avr/4.6.2/../../../avr/lib/avrxmega2/libc.a(strnlen.o)
                                         0xa8 (size before relaxing)
 .stab          0x0000000000003df8      0x138 /usr/lib/gcc/avr/4.6.2/../../../avr/lib/avrxmega2/libc.a(strsep.o)
                                        0x144 (size before relaxing)
 .stab          0x0000000000003f30      0x204 /usr/lib/gcc/avr/4.6.2/../../../avr/lib/avrxmega2/libc.a(strtok_r.o)
                                        0x210 (size before relaxing)
 .stab          0x0000000000004134      0x480 /usr/lib/gcc/avr/4.6.2/../../../avr/lib/avrxmega2/libc.a(ultoa_invert.o)
                                        0x48c (size before relaxing)
 .stab          0x00000000000045b4       0xb4 /usr/lib/gcc/avr/4.6.2/../../../avr/lib/avrxmega2/libc.a(eerd_block_atxmega32a4u.o)
                                         0xc0 (size before relaxing)
 .stab          0x0000000000004668       0xe4 /usr/lib/gcc/avr/4.6.2/../../../avr/lib/avrxmega2/libc.a(eeupd_block_atxmega32a4u.o)
                                         0xf0 (size before relaxing)
 .stab          0x000000000000474c       0xa8 /usr/lib/gcc/avr/4.6.2/../../../avr/lib/avrxmega2/libc.a(eeupd_byte_atxmega32a4u.o)
                                         0xb4 (size before relaxing)
 .stab          0x00000000000047f4      0x1e0 /usr/lib/gcc/avr/4.6.2/../../../avr/lib/avrxmega2/libc.a(eewr_byte_atxmega32a4u.o)
                                        0x1ec (size before relaxing)
 .stab          0x00000000000049d4       0xfc /usr/lib/gcc/avr/4.6.2/../../../avr/lib/avrxmega2/libc.a(eerd_byte_atxmega32c4.o)
                                        0x108 (size before relaxing)
 .stab          0x0000000000004ad0       0x60 /usr/lib/gcc/avr/4.6.2/../../../avr/lib/avrxmega2/libc.a(cty_isfalse.o)
                                         0x6c (size before relaxing)
 .stab          0x0000000000004b30       0x9c /usr/lib/gcc/avr/4.6.2/../../../avr/lib/avrxmega2/libc.a(strchr_P.o)
                                         0xa8 (size before relaxing)
 .stab          0x0000000000004bcc      0x138 /usr/lib/gcc/avr/4.6.2/../../../avr/lib/avrxmega2/libc.a(strncasecmp_P.o)
                                        0x144 (size before relaxing)
 .stab          0x0000000000004d04       0x84 /usr/lib/gcc/avr/4.6.2/../../../avr/lib/avrxmega2/libc.a(memcpy.o)
                                         0x90 (size before relaxing)
 .stab          0x0000000000004d88      0x318 /usr/lib/gcc/avr/4.6.2/../../../avr/lib/avrxmega2/libc.a(floatsisf.o)
                                        0x324 (size before relaxing)

.stabstr        0x0000000000000000      0xa06
 *(.stabstr)
 .stabstr       0x0000000000000000      0xa06 /usr/lib/gcc/avr/4.6.2/../../../avr/lib/avrxmega2/crtx32a4u.o

.stab.excl
 *(.stab.excl)

.stab.exclstr
 *(.stab.exclstr)

.stab.index
 *(.stab.index)

.stab.indexstr
 *(.stab.indexstr)

.comment
 *(.comment)

.debug
 *(.debug)

.line
 *(.line)

.debug_srcinfo
 *(.debug_srcinfo)

.debug_sfnames
 *(.debug_sfnames)

.debug_aranges  0x0000000000000000      0x318
 *(.debug_aranges)
 .debug_aranges
                0x0000000000000000       0x20 usb/usb_xmega.o
 .debug_aranges
                0x0000000000000020       0x20 usb/usb_requests.o
 .debug_aranges
                0x0000000000000040       0x28 main.o
 .debug_aranges
                0x0000000000000068       0x20 Descriptors.o
 .debug_aranges
                0x0000000000000088       0x20 nmea/nmea.o
 .debug_aranges
                0x00000000000000a8       0x20 /usr/lib/gcc/avr/4.6.2/../../../avr/lib/avrxmega2/libprintf_flt.a(vfprintf_flt.o)
 .debug_aranges
                0x00000000000000c8       0x20 /usr/lib/gcc/avr/4.6.2/avrxmega2/libgcc.a(_prologue.o)
 .debug_aranges
                0x00000000000000e8       0x20 /usr/lib/gcc/avr/4.6.2/avrxmega2/libgcc.a(_epilogue.o)
 .debug_aranges
                0x0000000000000108       0x20 /usr/lib/gcc/avr/4.6.2/avrxmega2/libgcc.a(_exit.o)
 .debug_aranges
                0x0000000000000128       0x20 /usr/lib/gcc/avr/4.6.2/avrxmega2/libgcc.a(_copy_data.o)
 .debug_aranges
                0x0000000000000148       0x20 /usr/lib/gcc/avr/4.6.2/avrxmega2/libgcc.a(_clear_bss.o)
 .debug_aranges
                0x0000000000000168       0x28 /usr/lib/gcc/avr/4.6.2/../../../avr/lib/avrxmega2/libc.a(malloc.o)
 .debug_aranges
                0x0000000000000190       0x20 /usr/lib/gcc/avr/4.6.2/../../../avr/lib/avrxmega2/libc.a(strtoul.o)
 .debug_aranges
                0x00000000000001b0       0x20 /usr/lib/gcc/avr/4.6.2/../../../avr/lib/avrxmega2/libc.a(strtok.o)
 .debug_aranges
                0x00000000000001d0       0x20 /usr/lib/gcc/avr/4.6.2/../../../avr/lib/avrxmega2/libc.a(fputc.o)
 .debug_aranges
                0x00000000000001f0       0x20 /usr/lib/gcc/avr/4.6.2/../../../avr/lib/avrxmega2/libc.a(sprintf.o)
 .debug_aranges
                0x0000000000000210       0x20 /usr/lib/gcc/avr/4.6.2/../../../avr/lib/avrxmega2/libc.a(sscanf_p.o)
 .debug_aranges
                0x0000000000000230       0x48 /usr/lib/gcc/avr/4.6.2/../../../avr/lib/avrxmega2/libc.a(vfscanf_std.o)
 .debug_aranges
                0x0000000000000278       0x20 /usr/lib/gcc/avr/4.6.2/../../../avr/lib/avrxmega2/libc.a(strtod.o)
 .debug_aranges
                0x0000000000000298       0x20 /usr/lib/gcc/avr/4.6.2/../../../avr/lib/avrxmega2/libc.a(fgetc.o)
 .debug_aranges
                0x00000000000002b8       0x20 /usr/lib/gcc/avr/4.6.2/../../../avr/lib/avrxmega2/libc.a(ungetc.o)
 .debug_aranges
                0x00000000000002d8       0x20 /usr/lib/gcc/avr/4.6.2/avrxmega2/libgcc.a(_mulsi3.o)
 .debug_aranges
                0x00000000000002f8       0x20 /usr/lib/gcc/avr/4.6.2/avrxmega2/libgcc.a(_udivmodsi4.o)

.debug_pubnames
 *(.debug_pubnames)

.debug_info     0x0000000000000000     0xa8ab
 *(.debug_info)
 .debug_info    0x0000000000000000      0xde8 usb/usb_xmega.o
 .debug_info    0x0000000000000de8     0x1228 usb/usb_requests.o
 .debug_info    0x0000000000002010     0x6125 main.o
 .debug_info    0x0000000000008135      0x7e1 Descriptors.o
 .debug_info    0x0000000000008916      0x2d3 nmea/nmea.o
 .debug_info    0x0000000000008be9      0x3df /usr/lib/gcc/avr/4.6.2/../../../avr/lib/avrxmega2/libprintf_flt.a(vfprintf_flt.o)
 .debug_info    0x0000000000008fc8       0x9b /usr/lib/gcc/avr/4.6.2/avrxmega2/libgcc.a(_prologue.o)
 .debug_info    0x0000000000009063       0x9b /usr/lib/gcc/avr/4.6.2/avrxmega2/libgcc.a(_epilogue.o)
 .debug_info    0x00000000000090fe       0x9b /usr/lib/gcc/avr/4.6.2/avrxmega2/libgcc.a(_exit.o)
 .debug_info    0x0000000000009199       0x9b /usr/lib/gcc/avr/4.6.2/avrxmega2/libgcc.a(_copy_data.o)
 .debug_info    0x0000000000009234       0x9b /usr/lib/gcc/avr/4.6.2/avrxmega2/libgcc.a(_clear_bss.o)
 .debug_info    0x00000000000092cf      0x29a /usr/lib/gcc/avr/4.6.2/../../../avr/lib/avrxmega2/libc.a(malloc.o)
 .debug_info    0x0000000000009569      0x120 /usr/lib/gcc/avr/4.6.2/../../../avr/lib/avrxmega2/libc.a(strtoul.o)
 .debug_info    0x0000000000009689       0x92 /usr/lib/gcc/avr/4.6.2/../../../avr/lib/avrxmega2/libc.a(strtok.o)
 .debug_info    0x000000000000971b      0x16b /usr/lib/gcc/avr/4.6.2/../../../avr/lib/avrxmega2/libc.a(fputc.o)
 .debug_info    0x0000000000009886      0x1bb /usr/lib/gcc/avr/4.6.2/../../../avr/lib/avrxmega2/libc.a(sprintf.o)
 .debug_info    0x0000000000009a41      0x1bb /usr/lib/gcc/avr/4.6.2/../../../avr/lib/avrxmega2/libc.a(sscanf_p.o)
 .debug_info    0x0000000000009bfc      0x58c /usr/lib/gcc/avr/4.6.2/../../../avr/lib/avrxmega2/libc.a(vfscanf_std.o)
 .debug_info    0x000000000000a188       0x3f /usr/lib/gcc/avr/4.6.2/../../../avr/lib/avrxmega2/libc.a(errno.o)
 .debug_info    0x000000000000a1c7      0x2d4 /usr/lib/gcc/avr/4.6.2/../../../avr/lib/avrxmega2/libc.a(strtod.o)
 .debug_info    0x000000000000a49b      0x16c /usr/lib/gcc/avr/4.6.2/../../../avr/lib/avrxmega2/libc.a(fgetc.o)
 .debug_info    0x000000000000a607      0x16e /usr/lib/gcc/avr/4.6.2/../../../avr/lib/avrxmega2/libc.a(ungetc.o)
 .debug_info    0x000000000000a775       0x9b /usr/lib/gcc/avr/4.6.2/avrxmega2/libgcc.a(_mulsi3.o)
 .debug_info    0x000000000000a810       0x9b /usr/lib/gcc/avr/4.6.2/avrxmega2/libgcc.a(_udivmodsi4.o)
 *(.gnu.linkonce.wi.*)

.debug_abbrev   0x0000000000000000     0x1a69
 *(.debug_abbrev)
 .debug_abbrev  0x0000000000000000      0x2ee usb/usb_xmega.o
 .debug_abbrev  0x00000000000002ee      0x293 usb/usb_requests.o
 .debug_abbrev  0x0000000000000581      0x5e1 main.o
 .debug_abbrev  0x0000000000000b62      0x1df Descriptors.o
 .debug_abbrev  0x0000000000000d41      0x121 nmea/nmea.o
 .debug_abbrev  0x0000000000000e62      0x161 /usr/lib/gcc/avr/4.6.2/../../../avr/lib/avrxmega2/libprintf_flt.a(vfprintf_flt.o)
 .debug_abbrev  0x0000000000000fc3       0x14 /usr/lib/gcc/avr/4.6.2/avrxmega2/libgcc.a(_prologue.o)
 .debug_abbrev  0x0000000000000fd7       0x14 /usr/lib/gcc/avr/4.6.2/avrxmega2/libgcc.a(_epilogue.o)
 .debug_abbrev  0x0000000000000feb       0x14 /usr/lib/gcc/avr/4.6.2/avrxmega2/libgcc.a(_exit.o)
 .debug_abbrev  0x0000000000000fff       0x14 /usr/lib/gcc/avr/4.6.2/avrxmega2/libgcc.a(_copy_data.o)
 .debug_abbrev  0x0000000000001013       0x14 /usr/lib/gcc/avr/4.6.2/avrxmega2/libgcc.a(_clear_bss.o)
 .debug_abbrev  0x0000000000001027       0xf7 /usr/lib/gcc/avr/4.6.2/../../../avr/lib/avrxmega2/libc.a(malloc.o)
 .debug_abbrev  0x000000000000111e       0x93 /usr/lib/gcc/avr/4.6.2/../../../avr/lib/avrxmega2/libc.a(strtoul.o)
 .debug_abbrev  0x00000000000011b1       0x77 /usr/lib/gcc/avr/4.6.2/../../../avr/lib/avrxmega2/libc.a(strtok.o)
 .debug_abbrev  0x0000000000001228       0xdb /usr/lib/gcc/avr/4.6.2/../../../avr/lib/avrxmega2/libc.a(fputc.o)
 .debug_abbrev  0x0000000000001303       0xff /usr/lib/gcc/avr/4.6.2/../../../avr/lib/avrxmega2/libc.a(sprintf.o)
 .debug_abbrev  0x0000000000001402       0xff /usr/lib/gcc/avr/4.6.2/../../../avr/lib/avrxmega2/libc.a(sscanf_p.o)
 .debug_abbrev  0x0000000000001501      0x203 /usr/lib/gcc/avr/4.6.2/../../../avr/lib/avrxmega2/libc.a(vfscanf_std.o)
 .debug_abbrev  0x0000000000001704       0x30 /usr/lib/gcc/avr/4.6.2/../../../avr/lib/avrxmega2/libc.a(errno.o)
 .debug_abbrev  0x0000000000001734      0x157 /usr/lib/gcc/avr/4.6.2/../../../avr/lib/avrxmega2/libc.a(strtod.o)
 .debug_abbrev  0x000000000000188b       0xdb /usr/lib/gcc/avr/4.6.2/../../../avr/lib/avrxmega2/libc.a(fgetc.o)
 .debug_abbrev  0x0000000000001966       0xdb /usr/lib/gcc/avr/4.6.2/../../../avr/lib/avrxmega2/libc.a(ungetc.o)
 .debug_abbrev  0x0000000000001a41       0x14 /usr/lib/gcc/avr/4.6.2/avrxmega2/libgcc.a(_mulsi3.o)
 .debug_abbrev  0x0000000000001a55       0x14 /usr/lib/gcc/avr/4.6.2/avrxmega2/libgcc.a(_udivmodsi4.o)

.debug_line     0x0000000000000000     0x26c4
 *(.debug_line)
 .debug_line    0x0000000000000000      0x135 usb/usb_xmega.o
 .debug_line    0x0000000000000135      0x19d usb/usb_requests.o
 .debug_line    0x00000000000002d2     0x1294 main.o
 .debug_line    0x0000000000001566      0x135 Descriptors.o
 .debug_line    0x000000000000169b      0x140 nmea/nmea.o
 .debug_line    0x00000000000017db      0x31b /usr/lib/gcc/avr/4.6.2/../../../avr/lib/avrxmega2/libprintf_flt.a(vfprintf_flt.o)
 .debug_line    0x0000000000001af6       0x75 /usr/lib/gcc/avr/4.6.2/avrxmega2/libgcc.a(_prologue.o)
 .debug_line    0x0000000000001b6b       0x72 /usr/lib/gcc/avr/4.6.2/avrxmega2/libgcc.a(_epilogue.o)
 .debug_line    0x0000000000001bdd       0x5c /usr/lib/gcc/avr/4.6.2/avrxmega2/libgcc.a(_exit.o)
 .debug_line    0x0000000000001c39       0x65 /usr/lib/gcc/avr/4.6.2/avrxmega2/libgcc.a(_copy_data.o)
 .debug_line    0x0000000000001c9e       0x62 /usr/lib/gcc/avr/4.6.2/avrxmega2/libgcc.a(_clear_bss.o)
 .debug_line    0x0000000000001d00      0x126 /usr/lib/gcc/avr/4.6.2/../../../avr/lib/avrxmega2/libc.a(malloc.o)
 .debug_line    0x0000000000001e26       0xda /usr/lib/gcc/avr/4.6.2/../../../avr/lib/avrxmega2/libc.a(strtoul.o)
 .debug_line    0x0000000000001f00       0x4f /usr/lib/gcc/avr/4.6.2/../../../avr/lib/avrxmega2/libc.a(strtok.o)
 .debug_line    0x0000000000001f4f       0x7f /usr/lib/gcc/avr/4.6.2/../../../avr/lib/avrxmega2/libc.a(fputc.o)
 .debug_line    0x0000000000001fce       0xaa /usr/lib/gcc/avr/4.6.2/../../../avr/lib/avrxmega2/libc.a(sprintf.o)
 .debug_line    0x0000000000002078       0xab /usr/lib/gcc/avr/4.6.2/../../../avr/lib/avrxmega2/libc.a(sscanf_p.o)
 .debug_line    0x0000000000002123      0x213 /usr/lib/gcc/avr/4.6.2/../../../avr/lib/avrxmega2/libc.a(vfscanf_std.o)
 .debug_line    0x0000000000002336       0x3d /usr/lib/gcc/avr/4.6.2/../../../avr/lib/avrxmega2/libc.a(errno.o)
 .debug_line    0x0000000000002373      0x141 /usr/lib/gcc/avr/4.6.2/../../../avr/lib/avrxmega2/libc.a(strtod.o)
 .debug_line    0x00000000000024b4       0x92 /usr/lib/gcc/avr/4.6.2/../../../avr/lib/avrxmega2/libc.a(fgetc.o)
 .debug_line    0x0000000000002546       0x89 /usr/lib/gcc/avr/4.6.2/../../../avr/lib/avrxmega2/libc.a(ungetc.o)
 .debug_line    0x00000000000025cf       0x79 /usr/lib/gcc/avr/4.6.2/avrxmega2/libgcc.a(_mulsi3.o)
 .debug_line    0x0000000000002648       0x7c /usr/lib/gcc/avr/4.6.2/avrxmega2/libgcc.a(_udivmodsi4.o)

.debug_frame    0x0000000000000000      0x914
 *(.debug_frame)
 .debug_frame   0x0000000000000000       0x88 usb/usb_xmega.o
 .debug_frame   0x0000000000000088       0x3c usb/usb_requests.o
 .debug_frame   0x00000000000000c4      0x410 main.o
 .debug_frame   0x00000000000004d4       0x24 Descriptors.o
 .debug_frame   0x00000000000004f8       0xe4 nmea/nmea.o
 .debug_frame   0x00000000000005dc       0x4c /usr/lib/gcc/avr/4.6.2/../../../avr/lib/avrxmega2/libprintf_flt.a(vfprintf_flt.o)
 .debug_frame   0x0000000000000628       0x54 /usr/lib/gcc/avr/4.6.2/../../../avr/lib/avrxmega2/libc.a(malloc.o)
 .debug_frame   0x000000000000067c       0x4c /usr/lib/gcc/avr/4.6.2/../../../avr/lib/avrxmega2/libc.a(strtoul.o)
 .debug_frame   0x00000000000006c8       0x24 /usr/lib/gcc/avr/4.6.2/../../../avr/lib/avrxmega2/libc.a(strtok.o)
 .debug_frame   0x00000000000006ec       0x38 /usr/lib/gcc/avr/4.6.2/../../../avr/lib/avrxmega2/libc.a(fputc.o)
 .debug_frame   0x0000000000000724       0x30 /usr/lib/gcc/avr/4.6.2/../../../avr/lib/avrxmega2/libc.a(sprintf.o)
 .debug_frame   0x0000000000000754       0x2c /usr/lib/gcc/avr/4.6.2/../../../avr/lib/avrxmega2/libc.a(sscanf_p.o)
 .debug_frame   0x0000000000000780       0xfc /usr/lib/gcc/avr/4.6.2/../../../avr/lib/avrxmega2/libc.a(vfscanf_std.o)
 .debug_frame   0x000000000000087c       0x44 /usr/lib/gcc/avr/4.6.2/../../../avr/lib/avrxmega2/libc.a(strtod.o)
 .debug_frame   0x00000000000008c0       0x30 /usr/lib/gcc/avr/4.6.2/../../../avr/lib/avrxmega2/libc.a(fgetc.o)
 .debug_frame   0x00000000000008f0       0x24 /usr/lib/gcc/avr/4.6.2/../../../avr/lib/avrxmega2/libc.a(ungetc.o)

.debug_str      0x0000000000000000     0x2024
 *(.debug_str)
 .debug_str     0x0000000000000000      0xc72 usb/usb_xmega.o
                                        0xccc (size before relaxing)
 .debug_str     0x0000000000000c72      0x4cf usb/usb_requests.o
                                        0xde8 (size before relaxing)
 .debug_str     0x0000000000001141      0x624 main.o
                                        0xcd2 (size before relaxing)
 .debug_str     0x0000000000001765      0x3c5 Descriptors.o
                                        0x73a (size before relaxing)
 .debug_str     0x0000000000001b2a      0x10c nmea/nmea.o
                                        0x217 (size before relaxing)
 .debug_str     0x0000000000001c36       0xf7 /usr/lib/gcc/avr/4.6.2/../../../avr/lib/avrxmega2/libprintf_flt.a(vfprintf_flt.o)
                                        0x1a5 (size before relaxing)
 .debug_str     0x0000000000001d2d       0xb1 /usr/lib/gcc/avr/4.6.2/../../../avr/lib/avrxmega2/libc.a(malloc.o)
                                        0x17e (size before relaxing)
 .debug_str     0x0000000000001dde       0x48 /usr/lib/gcc/avr/4.6.2/../../../avr/lib/avrxmega2/libc.a(strtoul.o)
                                         0xe5 (size before relaxing)
 .debug_str     0x0000000000001e26       0x2e /usr/lib/gcc/avr/4.6.2/../../../avr/lib/avrxmega2/libc.a(strtok.o)
                                         0x91 (size before relaxing)
 .debug_str     0x0000000000001e54       0x25 /usr/lib/gcc/avr/4.6.2/../../../avr/lib/avrxmega2/libc.a(fputc.o)
                                        0x10f (size before relaxing)
 .debug_str     0x0000000000001e79       0x29 /usr/lib/gcc/avr/4.6.2/../../../avr/lib/avrxmega2/libc.a(sprintf.o)
                                        0x135 (size before relaxing)
 .debug_str     0x0000000000001ea2       0x2b /usr/lib/gcc/avr/4.6.2/../../../avr/lib/avrxmega2/libc.a(sscanf_p.o)
                                        0x137 (size before relaxing)
 .debug_str     0x0000000000001ecd       0x87 /usr/lib/gcc/avr/4.6.2/../../../avr/lib/avrxmega2/libc.a(vfscanf_std.o)
                                        0x1a5 (size before relaxing)
 .debug_str     0x0000000000001f54       0x20 /usr/lib/gcc/avr/4.6.2/../../../avr/lib/avrxmega2/libc.a(errno.o)
                                         0x77 (size before relaxing)
 .debug_str     0x0000000000001f74       0x64 /usr/lib/gcc/avr/4.6.2/../../../avr/lib/avrxmega2/libc.a(strtod.o)
                                        0x169 (size before relaxing)
 .debug_str     0x0000000000001fd8       0x25 /usr/lib/gcc/avr/4.6.2/../../../avr/lib/avrxmega2/libc.a(fgetc.o)
                                        0x10f (size before relaxing)
 .debug_str     0x0000000000001ffd       0x27 /usr/lib/gcc/avr/4.6.2/../../../avr/lib/avrxmega2/libc.a(ungetc.o)
                                        0x111 (size before relaxing)

.debug_loc      0x0000000000000000     0x78b0
 *(.debug_loc)
 .debug_loc     0x0000000000000000      0x1bc usb/usb_xmega.o
 .debug_loc     0x00000000000001bc      0x3db usb/usb_requests.o
 .debug_loc     0x0000000000000597     0x4da7 main.o
 .debug_loc     0x000000000000533e      0x225 Descriptors.o
 .debug_loc     0x0000000000005563      0x4f8 nmea/nmea.o
 .debug_loc     0x0000000000005a5b      0x863 /usr/lib/gcc/avr/4.6.2/../../../avr/lib/avrxmega2/libprintf_flt.a(vfprintf_flt.o)
 .debug_loc     0x00000000000062be      0x421 /usr/lib/gcc/avr/4.6.2/../../../avr/lib/avrxmega2/libc.a(malloc.o)
 .debug_loc     0x00000000000066df      0x307 /usr/lib/gcc/avr/4.6.2/../../../avr/lib/avrxmega2/libc.a(strtoul.o)
 .debug_loc     0x00000000000069e6       0x30 /usr/lib/gcc/avr/4.6.2/../../../avr/lib/avrxmega2/libc.a(strtok.o)
 .debug_loc     0x0000000000006a16       0x99 /usr/lib/gcc/avr/4.6.2/../../../avr/lib/avrxmega2/libc.a(fputc.o)
 .debug_loc     0x0000000000006aaf       0x21 /usr/lib/gcc/avr/4.6.2/../../../avr/lib/avrxmega2/libc.a(sprintf.o)
 .debug_loc     0x0000000000006ad0       0x21 /usr/lib/gcc/avr/4.6.2/../../../avr/lib/avrxmega2/libc.a(sscanf_p.o)
 .debug_loc     0x0000000000006af1      0x955 /usr/lib/gcc/avr/4.6.2/../../../avr/lib/avrxmega2/libc.a(vfscanf_std.o)
 .debug_loc     0x0000000000007446      0x3b3 /usr/lib/gcc/avr/4.6.2/../../../avr/lib/avrxmega2/libc.a(strtod.o)
 .debug_loc     0x00000000000077f9       0x8f /usr/lib/gcc/avr/4.6.2/../../../avr/lib/avrxmega2/libc.a(fgetc.o)
 .debug_loc     0x0000000000007888       0x28 /usr/lib/gcc/avr/4.6.2/../../../avr/lib/avrxmega2/libc.a(ungetc.o)

.debug_macinfo
 *(.debug_macinfo)
OUTPUT(framework.elf elf32-avr)
LOAD linker stubs

.debug_ranges   0x0000000000000000     0x2578
 .debug_ranges  0x0000000000000000      0x170 usb/usb_requests.o
 .debug_ranges  0x0000000000000170     0x22a0 main.o
 .debug_ranges  0x0000000000002410       0x40 nmea/nmea.o
 .debug_ranges  0x0000000000002450       0x28 /usr/lib/gcc/avr/4.6.2/../../../avr/lib/avrxmega2/libprintf_flt.a(vfprintf_flt.o)
 .debug_ranges  0x0000000000002478       0x18 /usr/lib/gcc/avr/4.6.2/../../../avr/lib/avrxmega2/libc.a(malloc.o)
 .debug_ranges  0x0000000000002490       0x10 /usr/lib/gcc/avr/4.6.2/../../../avr/lib/avrxmega2/libc.a(strtoul.o)
 .debug_ranges  0x00000000000024a0       0x10 /usr/lib/gcc/avr/4.6.2/../../../avr/lib/avrxmega2/libc.a(strtok.o)
 .debug_ranges  0x00000000000024b0       0x10 /usr/lib/gcc/avr/4.6.2/../../../avr/lib/avrxmega2/libc.a(fputc.o)
 .debug_ranges  0x00000000000024c0       0x10 /usr/lib/gcc/avr/4.6.2/../../../avr/lib/avrxmega2/libc.a(sprintf.o)
 .debug_ranges  0x00000000000024d0       0x10 /usr/lib/gcc/avr/4.6.2/../../../avr/lib/avrxmega2/libc.a(sscanf_p.o)
 .debug_ranges  0x00000000000024e0       0x68 /usr/lib/gcc/avr/4.6.2/../../../avr/lib/avrxmega2/libc.a(vfscanf_std.o)
 .debug_ranges  0x0000000000002548       0x10 /usr/lib/gcc/avr/4.6.2/../../../avr/lib/avrxmega2/libc.a(strtod.o)
 .debug_ranges  0x0000000000002558       0x10 /usr/lib/gcc/avr/4.6.2/../../../avr/lib/avrxmega2/libc.a(fgetc.o)
 .debug_ranges  0x0000000000002568       0x10 /usr/lib/gcc/avr/4.6.2/../../../avr/lib/avrxmega2/libc.a(ungetc.o)

Cross Reference Table

Symbol                                            File
CALLBACK_USB_GetDescriptor                        Descriptors.o
                                                  usb/usb_requests.o
EVENT_USB_Device_ConfigurationChanged             main.o
                                                  usb/usb_xmega.o
                                                  usb/usb_requests.o
EVENT_USB_Device_ControlOUT                       main.o
                                                  usb/usb_xmega.o
EVENT_USB_Device_ControlRequest                   main.o
                                                  usb/usb_xmega.o
                                                  usb/usb_requests.o
EVENT_USB_Device_Reset                            usb/usb_xmega.o
EVENT_USB_Device_SetInterface                     usb/usb_xmega.o
                                                  usb/usb_requests.o
EVENT_USB_Device_StartOfFrame                     usb/usb_xmega.o
EVENT_USB_Device_Suspend                          usb/usb_xmega.o
EVENT_USB_Device_WakeUp                           usb/usb_xmega.o
USB_ConfigureClock                                usb/usb_xmega.o
                                                  main.o
USB_DeviceState                                   usb/usb_requests.o
                                                  usb/usb_xmega.o
USB_Device_ConfigurationNumber                    usb/usb_requests.o
                                                  usb/usb_xmega.o
USB_Event_Stub                                    usb/usb_xmega.o
USB_Event_Stub_Bool                               usb/usb_xmega.o
USB_HandleSetup                                   usb/usb_requests.o
                                                  main.o
USB_Init                                          usb/usb_xmega.o
                                                  main.o
USB_ResetInterface                                usb/usb_xmega.o
USB_ep0_send_progmem                              usb/usb_xmega.o
                                                  main.o
                                                  usb/usb_requests.o
XmegaExample_ConfigurationDescriptor              Descriptors.o
XmegaExample_DeviceDescriptor                     Descriptors.o
XmegaExample_LanguageString                       Descriptors.o
XmegaExample_ManufacturerString                   Descriptors.o
XmegaExample_ProductString                        Descriptors.o
__addsf3                                          /usr/lib/gcc/avr/4.6.2/../../../avr/lib/avrxmega2/libm.a(addsf3.o)
                                                  /usr/lib/gcc/avr/4.6.2/../../../avr/lib/avrxmega2/libm.a(atan2.o)
                                                  nmea/nmea.o
                                                  main.o
__addsf3x                                         /usr/lib/gcc/avr/4.6.2/../../../avr/lib/avrxmega2/libm.a(addsf3x.o)
                                                  /usr/lib/gcc/avr/4.6.2/../../../avr/lib/avrxmega2/libm.a(fp_sinus.o)
                                                  /usr/lib/gcc/avr/4.6.2/../../../avr/lib/avrxmega2/libm.a(fp_powser.o)
                                                  /usr/lib/gcc/avr/4.6.2/../../../avr/lib/avrxmega2/libm.a(atan.o)
                                                  /usr/lib/gcc/avr/4.6.2/../../../avr/lib/avrxmega2/libm.a(addsf3.o)
__bad_interrupt                                   /usr/lib/gcc/avr/4.6.2/../../../avr/lib/avrxmega2/crtx32a4u.o
__brkval                                          /usr/lib/gcc/avr/4.6.2/../../../avr/lib/avrxmega2/libc.a(malloc.o)
__bss_end                                         /usr/lib/gcc/avr/4.6.2/avrxmega2/libgcc.a(_clear_bss.o)
__bss_start                                       /usr/lib/gcc/avr/4.6.2/avrxmega2/libgcc.a(_clear_bss.o)
__cmpsf2                                          /usr/lib/gcc/avr/4.6.2/../../../avr/lib/avrxmega2/libm.a(cmpsf2.o)
__ctype_isfalse                                   /usr/lib/gcc/avr/4.6.2/../../../avr/lib/avrxmega2/libc.a(cty_isfalse.o)
                                                  /usr/lib/gcc/avr/4.6.2/../../../avr/lib/avrxmega2/libc.a(isspace.o)
__ctype_istrue                                    /usr/lib/gcc/avr/4.6.2/../../../avr/lib/avrxmega2/libc.a(cty_isfalse.o)
__data_end                                        /usr/lib/gcc/avr/4.6.2/avrxmega2/libgcc.a(_copy_data.o)
__data_load_start                                 /usr/lib/gcc/avr/4.6.2/avrxmega2/libgcc.a(_copy_data.o)
__data_start                                      /usr/lib/gcc/avr/4.6.2/avrxmega2/libgcc.a(_copy_data.o)
__divsf3                                          /usr/lib/gcc/avr/4.6.2/../../../avr/lib/avrxmega2/libm.a(divsf3.o)
                                                  /usr/lib/gcc/avr/4.6.2/../../../avr/lib/avrxmega2/libm.a(inverse.o)
                                                  nmea/nmea.o
                                                  main.o
__divsf3_pse                                      /usr/lib/gcc/avr/4.6.2/../../../avr/lib/avrxmega2/libm.a(divsf3x.o)
                                                  /usr/lib/gcc/avr/4.6.2/../../../avr/lib/avrxmega2/libm.a(atan2.o)
__divsf3x                                         /usr/lib/gcc/avr/4.6.2/../../../avr/lib/avrxmega2/libm.a(divsf3x.o)
                                                  /usr/lib/gcc/avr/4.6.2/../../../avr/lib/avrxmega2/libm.a(divsf3.o)
__do_clear_bss                                    /usr/lib/gcc/avr/4.6.2/avrxmega2/libgcc.a(_clear_bss.o)
                                                  /usr/lib/gcc/avr/4.6.2/../../../avr/lib/avrxmega2/libc.a(ungetc.o)
                                                  /usr/lib/gcc/avr/4.6.2/../../../avr/lib/avrxmega2/libc.a(fgetc.o)
                                                  /usr/lib/gcc/avr/4.6.2/../../../avr/lib/avrxmega2/libc.a(strtod.o)
                                                  /usr/lib/gcc/avr/4.6.2/../../../avr/lib/avrxmega2/libc.a(errno.o)
                                                  /usr/lib/gcc/avr/4.6.2/../../../avr/lib/avrxmega2/libc.a(vfscanf_std.o)
                                                  /usr/lib/gcc/avr/4.6.2/../../../avr/lib/avrxmega2/libc.a(sscanf_p.o)
                                                  /usr/lib/gcc/avr/4.6.2/../../../avr/lib/avrxmega2/libc.a(sprintf.o)
                                                  /usr/lib/gcc/avr/4.6.2/../../../avr/lib/avrxmega2/libc.a(fputc.o)
                                                  /usr/lib/gcc/avr/4.6.2/../../../avr/lib/avrxmega2/libc.a(strtok.o)
                                                  /usr/lib/gcc/avr/4.6.2/../../../avr/lib/avrxmega2/libc.a(strtoul.o)
                                                  /usr/lib/gcc/avr/4.6.2/../../../avr/lib/avrxmega2/libc.a(malloc.o)
                                                  /usr/lib/gcc/avr/4.6.2/../../../avr/lib/avrxmega2/libprintf_flt.a(vfprintf_flt.o)
                                                  nmea/nmea.o
                                                  Descriptors.o
                                                  main.o
                                                  usb/usb_requests.o
                                                  usb/usb_xmega.o
__do_copy_data                                    /usr/lib/gcc/avr/4.6.2/avrxmega2/libgcc.a(_copy_data.o)
                                                  /usr/lib/gcc/avr/4.6.2/../../../avr/lib/avrxmega2/libc.a(ungetc.o)
                                                  /usr/lib/gcc/avr/4.6.2/../../../avr/lib/avrxmega2/libc.a(fgetc.o)
                                                  /usr/lib/gcc/avr/4.6.2/../../../avr/lib/avrxmega2/libc.a(strtod.o)
                                                  /usr/lib/gcc/avr/4.6.2/../../../avr/lib/avrxmega2/libc.a(errno.o)
                                                  /usr/lib/gcc/avr/4.6.2/../../../avr/lib/avrxmega2/libc.a(vfscanf_std.o)
                                                  /usr/lib/gcc/avr/4.6.2/../../../avr/lib/avrxmega2/libc.a(sscanf_p.o)
                                                  /usr/lib/gcc/avr/4.6.2/../../../avr/lib/avrxmega2/libc.a(sprintf.o)
                                                  /usr/lib/gcc/avr/4.6.2/../../../avr/lib/avrxmega2/libc.a(fputc.o)
                                                  /usr/lib/gcc/avr/4.6.2/../../../avr/lib/avrxmega2/libc.a(strtok.o)
                                                  /usr/lib/gcc/avr/4.6.2/../../../avr/lib/avrxmega2/libc.a(strtoul.o)
                                                  /usr/lib/gcc/avr/4.6.2/../../../avr/lib/avrxmega2/libc.a(malloc.o)
                                                  /usr/lib/gcc/avr/4.6.2/../../../avr/lib/avrxmega2/libprintf_flt.a(vfprintf_flt.o)
                                                  nmea/nmea.o
                                                  Descriptors.o
                                                  main.o
                                                  usb/usb_requests.o
                                                  usb/usb_xmega.o
__eerd_block_x32a4u                               /usr/lib/gcc/avr/4.6.2/../../../avr/lib/avrxmega2/libc.a(eerd_block_atxmega32a4u.o)
                                                  main.o
__eerd_byte_x32c4                                 /usr/lib/gcc/avr/4.6.2/../../../avr/lib/avrxmega2/libc.a(eerd_byte_atxmega32c4.o)
__eeupd_block_x32a4u                              /usr/lib/gcc/avr/4.6.2/../../../avr/lib/avrxmega2/libc.a(eeupd_block_atxmega32a4u.o)
                                                  main.o
__eeupd_byte_x32a4u                               /usr/lib/gcc/avr/4.6.2/../../../avr/lib/avrxmega2/libc.a(eeupd_byte_atxmega32a4u.o)
__eeupd_r18_x32a4u                                /usr/lib/gcc/avr/4.6.2/../../../avr/lib/avrxmega2/libc.a(eeupd_byte_atxmega32a4u.o)
                                                  /usr/lib/gcc/avr/4.6.2/../../../avr/lib/avrxmega2/libc.a(eeupd_block_atxmega32a4u.o)
__eewr_byte_x32a4u                                /usr/lib/gcc/avr/4.6.2/../../../avr/lib/avrxmega2/libc.a(eewr_byte_atxmega32a4u.o)
__eewr_r18_x32a4u                                 /usr/lib/gcc/avr/4.6.2/../../../avr/lib/avrxmega2/libc.a(eewr_byte_atxmega32a4u.o)
                                                  /usr/lib/gcc/avr/4.6.2/../../../avr/lib/avrxmega2/libc.a(eeupd_byte_atxmega32a4u.o)
__epilogue_restores__                             /usr/lib/gcc/avr/4.6.2/avrxmega2/libgcc.a(_epilogue.o)
                                                  /usr/lib/gcc/avr/4.6.2/../../../avr/lib/avrxmega2/libc.a(strtod.o)
                                                  /usr/lib/gcc/avr/4.6.2/../../../avr/lib/avrxmega2/libc.a(vfscanf_std.o)
                                                  /usr/lib/gcc/avr/4.6.2/../../../avr/lib/avrxmega2/libc.a(sscanf_p.o)
                                                  /usr/lib/gcc/avr/4.6.2/../../../avr/lib/avrxmega2/libc.a(sprintf.o)
                                                  /usr/lib/gcc/avr/4.6.2/../../../avr/lib/avrxmega2/libc.a(strtoul.o)
                                                  /usr/lib/gcc/avr/4.6.2/../../../avr/lib/avrxmega2/libprintf_flt.a(vfprintf_flt.o)
__eqsf2                                           /usr/lib/gcc/avr/4.6.2/../../../avr/lib/avrxmega2/libm.a(cmpsf2.o)
                                                  /usr/lib/gcc/avr/4.6.2/../../../avr/lib/avrxmega2/libc.a(strtod.o)
__floatsisf                                       /usr/lib/gcc/avr/4.6.2/../../../avr/lib/avrxmega2/libc.a(floatsisf.o)
__floatunsisf                                     /usr/lib/gcc/avr/4.6.2/../../../avr/lib/avrxmega2/libc.a(floatsisf.o)
                                                  /usr/lib/gcc/avr/4.6.2/../../../avr/lib/avrxmega2/libc.a(strtod.o)
__flp                                             /usr/lib/gcc/avr/4.6.2/../../../avr/lib/avrxmega2/libc.a(malloc.o)
__fp_cmp                                          /usr/lib/gcc/avr/4.6.2/../../../avr/lib/avrxmega2/libm.a(fp_cmp.o)
                                                  /usr/lib/gcc/avr/4.6.2/../../../avr/lib/avrxmega2/libm.a(gesf2.o)
                                                  /usr/lib/gcc/avr/4.6.2/../../../avr/lib/avrxmega2/libm.a(cmpsf2.o)
__fp_inf                                          /usr/lib/gcc/avr/4.6.2/../../../avr/lib/avrxmega2/libm.a(fp_inf.o)
                                                  /usr/lib/gcc/avr/4.6.2/../../../avr/lib/avrxmega2/libm.a(mulsf3x.o)
                                                  /usr/lib/gcc/avr/4.6.2/../../../avr/lib/avrxmega2/libm.a(divsf3x.o)
                                                  /usr/lib/gcc/avr/4.6.2/../../../avr/lib/avrxmega2/libm.a(addsf3x.o)
__fp_mpack                                        /usr/lib/gcc/avr/4.6.2/../../../avr/lib/avrxmega2/libm.a(fp_mpack.o)
                                                  /usr/lib/gcc/avr/4.6.2/../../../avr/lib/avrxmega2/libm.a(sqrt.o)
__fp_mpack_finite                                 /usr/lib/gcc/avr/4.6.2/../../../avr/lib/avrxmega2/libm.a(fp_mpack.o)
                                                  /usr/lib/gcc/avr/4.6.2/../../../avr/lib/avrxmega2/libm.a(fp_rempio2.o)
__fp_nan                                          /usr/lib/gcc/avr/4.6.2/../../../avr/lib/avrxmega2/libm.a(fp_nan.o)
                                                  /usr/lib/gcc/avr/4.6.2/../../../avr/lib/avrxmega2/libm.a(sqrt.o)
                                                  /usr/lib/gcc/avr/4.6.2/../../../avr/lib/avrxmega2/libm.a(mulsf3x.o)
                                                  /usr/lib/gcc/avr/4.6.2/../../../avr/lib/avrxmega2/libm.a(fp_rempio2.o)
                                                  /usr/lib/gcc/avr/4.6.2/../../../avr/lib/avrxmega2/libm.a(divsf3x.o)
                                                  /usr/lib/gcc/avr/4.6.2/../../../avr/lib/avrxmega2/libm.a(atan2.o)
                                                  /usr/lib/gcc/avr/4.6.2/../../../avr/lib/avrxmega2/libm.a(addsf3x.o)
__fp_norm2                                        /usr/lib/gcc/avr/4.6.2/../../../avr/lib/avrxmega2/libm.a(fp_norm2.o)
                                                  /usr/lib/gcc/avr/4.6.2/../../../avr/lib/avrxmega2/libm.a(sqrt.o)
__fp_powser                                       /usr/lib/gcc/avr/4.6.2/../../../avr/lib/avrxmega2/libm.a(fp_powser.o)
                                                  /usr/lib/gcc/avr/4.6.2/../../../avr/lib/avrxmega2/libm.a(fp_powsodd.o)
                                                  /usr/lib/gcc/avr/4.6.2/../../../avr/lib/avrxmega2/libm.a(atan.o)
__fp_powsodd                                      /usr/lib/gcc/avr/4.6.2/../../../avr/lib/avrxmega2/libm.a(fp_powsodd.o)
                                                  /usr/lib/gcc/avr/4.6.2/../../../avr/lib/avrxmega2/libm.a(fp_sinus.o)
__fp_pscA                                         /usr/lib/gcc/avr/4.6.2/../../../avr/lib/avrxmega2/libm.a(fp_pscA.o)
                                                  /usr/lib/gcc/avr/4.6.2/../../../avr/lib/avrxmega2/libm.a(mulsf3x.o)
                                                  /usr/lib/gcc/avr/4.6.2/../../../avr/lib/avrxmega2/libm.a(divsf3x.o)
                                                  /usr/lib/gcc/avr/4.6.2/../../../avr/lib/avrxmega2/libm.a(atan2.o)
                                                  /usr/lib/gcc/avr/4.6.2/../../../avr/lib/avrxmega2/libm.a(addsf3x.o)
__fp_pscB                                         /usr/lib/gcc/avr/4.6.2/../../../avr/lib/avrxmega2/libm.a(fp_pscB.o)
                                                  /usr/lib/gcc/avr/4.6.2/../../../avr/lib/avrxmega2/libm.a(mulsf3x.o)
                                                  /usr/lib/gcc/avr/4.6.2/../../../avr/lib/avrxmega2/libm.a(divsf3x.o)
                                                  /usr/lib/gcc/avr/4.6.2/../../../avr/lib/avrxmega2/libm.a(atan2.o)
                                                  /usr/lib/gcc/avr/4.6.2/../../../avr/lib/avrxmega2/libm.a(addsf3x.o)
__fp_rempio2                                      /usr/lib/gcc/avr/4.6.2/../../../avr/lib/avrxmega2/libm.a(fp_rempio2.o)
                                                  /usr/lib/gcc/avr/4.6.2/../../../avr/lib/avrxmega2/libm.a(sin.o)
                                                  /usr/lib/gcc/avr/4.6.2/../../../avr/lib/avrxmega2/libm.a(cos.o)
__fp_round                                        /usr/lib/gcc/avr/4.6.2/../../../avr/lib/avrxmega2/libm.a(fp_round.o)
                                                  /usr/lib/gcc/avr/4.6.2/../../../avr/lib/avrxmega2/libm.a(mulsf3.o)
                                                  /usr/lib/gcc/avr/4.6.2/../../../avr/lib/avrxmega2/libm.a(fp_sinus.o)
                                                  /usr/lib/gcc/avr/4.6.2/../../../avr/lib/avrxmega2/libm.a(divsf3.o)
                                                  /usr/lib/gcc/avr/4.6.2/../../../avr/lib/avrxmega2/libm.a(atan.o)
                                                  /usr/lib/gcc/avr/4.6.2/../../../avr/lib/avrxmega2/libm.a(atan2.o)
                                                  /usr/lib/gcc/avr/4.6.2/../../../avr/lib/avrxmega2/libm.a(addsf3.o)
__fp_sinus                                        /usr/lib/gcc/avr/4.6.2/../../../avr/lib/avrxmega2/libm.a(fp_sinus.o)
                                                  /usr/lib/gcc/avr/4.6.2/../../../avr/lib/avrxmega2/libm.a(sin.o)
                                                  /usr/lib/gcc/avr/4.6.2/../../../avr/lib/avrxmega2/libm.a(cos.o)
__fp_split3                                       /usr/lib/gcc/avr/4.6.2/../../../avr/lib/avrxmega2/libm.a(fp_split3.o)
                                                  /usr/lib/gcc/avr/4.6.2/../../../avr/lib/avrxmega2/libm.a(mulsf3x.o)
                                                  /usr/lib/gcc/avr/4.6.2/../../../avr/lib/avrxmega2/libm.a(divsf3x.o)
                                                  /usr/lib/gcc/avr/4.6.2/../../../avr/lib/avrxmega2/libm.a(atan2.o)
                                                  /usr/lib/gcc/avr/4.6.2/../../../avr/lib/avrxmega2/libm.a(addsf3x.o)
__fp_splitA                                       /usr/lib/gcc/avr/4.6.2/../../../avr/lib/avrxmega2/libm.a(fp_split3.o)
                                                  /usr/lib/gcc/avr/4.6.2/../../../avr/lib/avrxmega2/libm.a(sqrt.o)
                                                  /usr/lib/gcc/avr/4.6.2/../../../avr/lib/avrxmega2/libm.a(fp_rempio2.o)
__fp_szero                                        /usr/lib/gcc/avr/4.6.2/../../../avr/lib/avrxmega2/libm.a(fp_zero.o)
                                                  /usr/lib/gcc/avr/4.6.2/../../../avr/lib/avrxmega2/libm.a(mulsf3x.o)
                                                  /usr/lib/gcc/avr/4.6.2/../../../avr/lib/avrxmega2/libm.a(divsf3x.o)
__fp_zero                                         /usr/lib/gcc/avr/4.6.2/../../../avr/lib/avrxmega2/libm.a(fp_zero.o)
                                                  /usr/lib/gcc/avr/4.6.2/../../../avr/lib/avrxmega2/libm.a(atan2.o)
                                                  /usr/lib/gcc/avr/4.6.2/../../../avr/lib/avrxmega2/libm.a(addsf3x.o)
__ftoa_engine                                     /usr/lib/gcc/avr/4.6.2/../../../avr/lib/avrxmega2/libc.a(ftoa_engine.o)
                                                  /usr/lib/gcc/avr/4.6.2/../../../avr/lib/avrxmega2/libprintf_flt.a(vfprintf_flt.o)
__gesf2                                           /usr/lib/gcc/avr/4.6.2/../../../avr/lib/avrxmega2/libm.a(gesf2.o)
__gtsf2                                           /usr/lib/gcc/avr/4.6.2/../../../avr/lib/avrxmega2/libm.a(gesf2.o)
                                                  nmea/nmea.o
                                                  main.o
__heap_end                                        /usr/lib/gcc/avr/4.6.2/../../../avr/lib/avrxmega2/crtx32a4u.o
                                                  /usr/lib/gcc/avr/4.6.2/../../../avr/lib/avrxmega2/libc.a(malloc.o)
__heap_start                                      /usr/lib/gcc/avr/4.6.2/../../../avr/lib/avrxmega2/libc.a(malloc.o)
__init                                            /usr/lib/gcc/avr/4.6.2/../../../avr/lib/avrxmega2/crtx32a4u.o
__lesf2                                           /usr/lib/gcc/avr/4.6.2/../../../avr/lib/avrxmega2/libm.a(cmpsf2.o)
__ltsf2                                           /usr/lib/gcc/avr/4.6.2/../../../avr/lib/avrxmega2/libm.a(cmpsf2.o)
                                                  nmea/nmea.o
__malloc_heap_end                                 /usr/lib/gcc/avr/4.6.2/../../../avr/lib/avrxmega2/libc.a(malloc.o)
__malloc_heap_start                               /usr/lib/gcc/avr/4.6.2/../../../avr/lib/avrxmega2/libc.a(malloc.o)
__malloc_margin                                   /usr/lib/gcc/avr/4.6.2/../../../avr/lib/avrxmega2/libc.a(malloc.o)
__mulsf3                                          /usr/lib/gcc/avr/4.6.2/../../../avr/lib/avrxmega2/libm.a(mulsf3.o)
                                                  /usr/lib/gcc/avr/4.6.2/../../../avr/lib/avrxmega2/libc.a(strtod.o)
                                                  /usr/lib/gcc/avr/4.6.2/../../../avr/lib/avrxmega2/libm.a(fp_powsodd.o)
                                                  /usr/lib/gcc/avr/4.6.2/../../../avr/lib/avrxmega2/libm.a(square.o)
                                                  nmea/nmea.o
                                                  main.o
__mulsf3_pse                                      /usr/lib/gcc/avr/4.6.2/../../../avr/lib/avrxmega2/libm.a(mulsf3x.o)
__mulsf3x                                         /usr/lib/gcc/avr/4.6.2/../../../avr/lib/avrxmega2/libm.a(mulsf3x.o)
                                                  /usr/lib/gcc/avr/4.6.2/../../../avr/lib/avrxmega2/libm.a(mulsf3.o)
                                                  /usr/lib/gcc/avr/4.6.2/../../../avr/lib/avrxmega2/libm.a(fp_powser.o)
                                                  /usr/lib/gcc/avr/4.6.2/../../../avr/lib/avrxmega2/libm.a(atan.o)
__mulsi3                                          /usr/lib/gcc/avr/4.6.2/avrxmega2/libgcc.a(_mulsi3.o)
                                                  /usr/lib/gcc/avr/4.6.2/../../../avr/lib/avrxmega2/libc.a(strtoul.o)
__nesf2                                           /usr/lib/gcc/avr/4.6.2/../../../avr/lib/avrxmega2/libm.a(cmpsf2.o)
                                                  /usr/lib/gcc/avr/4.6.2/../../../avr/lib/avrxmega2/libc.a(strtod.o)
__prologue_saves__                                /usr/lib/gcc/avr/4.6.2/avrxmega2/libgcc.a(_prologue.o)
                                                  /usr/lib/gcc/avr/4.6.2/../../../avr/lib/avrxmega2/libc.a(strtod.o)
                                                  /usr/lib/gcc/avr/4.6.2/../../../avr/lib/avrxmega2/libc.a(vfscanf_std.o)
                                                  /usr/lib/gcc/avr/4.6.2/../../../avr/lib/avrxmega2/libc.a(sscanf_p.o)
                                                  /usr/lib/gcc/avr/4.6.2/../../../avr/lib/avrxmega2/libc.a(sprintf.o)
                                                  /usr/lib/gcc/avr/4.6.2/../../../avr/lib/avrxmega2/libc.a(strtoul.o)
                                                  /usr/lib/gcc/avr/4.6.2/../../../avr/lib/avrxmega2/libprintf_flt.a(vfprintf_flt.o)
__stack                                           /usr/lib/gcc/avr/4.6.2/../../../avr/lib/avrxmega2/crtx32a4u.o
__subsf3                                          /usr/lib/gcc/avr/4.6.2/../../../avr/lib/avrxmega2/libm.a(addsf3.o)
                                                  main.o
__udivmodsi4                                      /usr/lib/gcc/avr/4.6.2/avrxmega2/libgcc.a(_udivmodsi4.o)
                                                  /usr/lib/gcc/avr/4.6.2/../../../avr/lib/avrxmega2/libc.a(strtoul.o)
__ultoa_invert                                    /usr/lib/gcc/avr/4.6.2/../../../avr/lib/avrxmega2/libc.a(ultoa_invert.o)
                                                  /usr/lib/gcc/avr/4.6.2/../../../avr/lib/avrxmega2/libprintf_flt.a(vfprintf_flt.o)
__vector_1                                        /usr/lib/gcc/avr/4.6.2/../../../avr/lib/avrxmega2/crtx32a4u.o
__vector_10                                       /usr/lib/gcc/avr/4.6.2/../../../avr/lib/avrxmega2/crtx32a4u.o
__vector_100                                      /usr/lib/gcc/avr/4.6.2/../../../avr/lib/avrxmega2/crtx32a4u.o
__vector_101                                      /usr/lib/gcc/avr/4.6.2/../../../avr/lib/avrxmega2/crtx32a4u.o
__vector_102                                      /usr/lib/gcc/avr/4.6.2/../../../avr/lib/avrxmega2/crtx32a4u.o
__vector_103                                      /usr/lib/gcc/avr/4.6.2/../../../avr/lib/avrxmega2/crtx32a4u.o
__vector_104                                      /usr/lib/gcc/avr/4.6.2/../../../avr/lib/avrxmega2/crtx32a4u.o
__vector_105                                      /usr/lib/gcc/avr/4.6.2/../../../avr/lib/avrxmega2/crtx32a4u.o
__vector_106                                      /usr/lib/gcc/avr/4.6.2/../../../avr/lib/avrxmega2/crtx32a4u.o
__vector_107                                      /usr/lib/gcc/avr/4.6.2/../../../avr/lib/avrxmega2/crtx32a4u.o
__vector_108                                      /usr/lib/gcc/avr/4.6.2/../../../avr/lib/avrxmega2/crtx32a4u.o
__vector_109                                      /usr/lib/gcc/avr/4.6.2/../../../avr/lib/avrxmega2/crtx32a4u.o
__vector_11                                       /usr/lib/gcc/avr/4.6.2/../../../avr/lib/avrxmega2/crtx32a4u.o
__vector_110                                      /usr/lib/gcc/avr/4.6.2/../../../avr/lib/avrxmega2/crtx32a4u.o
__vector_111                                      /usr/lib/gcc/avr/4.6.2/../../../avr/lib/avrxmega2/crtx32a4u.o
__vector_112                                      /usr/lib/gcc/avr/4.6.2/../../../avr/lib/avrxmega2/crtx32a4u.o
__vector_113                                      /usr/lib/gcc/avr/4.6.2/../../../avr/lib/avrxmega2/crtx32a4u.o
__vector_114                                      /usr/lib/gcc/avr/4.6.2/../../../avr/lib/avrxmega2/crtx32a4u.o
__vector_115                                      /usr/lib/gcc/avr/4.6.2/../../../avr/lib/avrxmega2/crtx32a4u.o
__vector_116                                      /usr/lib/gcc/avr/4.6.2/../../../avr/lib/avrxmega2/crtx32a4u.o
__vector_117                                      /usr/lib/gcc/avr/4.6.2/../../../avr/lib/avrxmega2/crtx32a4u.o
__vector_118                                      /usr/lib/gcc/avr/4.6.2/../../../avr/lib/avrxmega2/crtx32a4u.o
__vector_119                                      /usr/lib/gcc/avr/4.6.2/../../../avr/lib/avrxmega2/crtx32a4u.o
__vector_12                                       /usr/lib/gcc/avr/4.6.2/../../../avr/lib/avrxmega2/crtx32a4u.o
__vector_120                                      /usr/lib/gcc/avr/4.6.2/../../../avr/lib/avrxmega2/crtx32a4u.o
__vector_121                                      /usr/lib/gcc/avr/4.6.2/../../../avr/lib/avrxmega2/crtx32a4u.o
__vector_122                                      /usr/lib/gcc/avr/4.6.2/../../../avr/lib/avrxmega2/crtx32a4u.o
__vector_123                                      /usr/lib/gcc/avr/4.6.2/../../../avr/lib/avrxmega2/crtx32a4u.o
__vector_124                                      /usr/lib/gcc/avr/4.6.2/../../../avr/lib/avrxmega2/crtx32a4u.o
__vector_125                                      main.o
                                                  /usr/lib/gcc/avr/4.6.2/../../../avr/lib/avrxmega2/crtx32a4u.o
__vector_126                                      main.o