Archive member included because of file (symbol)

/usr/lib/gcc/avr/4.6.2/../../../avr/lib/avrxmega2/libprintf_flt.a(vfprintf_flt.o)
                              (vfprintf)
/usr/lib/gcc/avr/4.6.2/../../../avr/lib/avrxmega2/libm.a(addsf3.o)
                              main.o (__subsf3)
/usr/lib/gcc/avr/4.6.2/../../../avr/lib/avrxmega2/libm.a(addsf3x.o)
                              /usr/lib/gcc/avr/4.6.2/../../../avr/lib/avrxmega2/libm.a(addsf3.o) (__addsf3x)
/usr/lib/gcc/avr/4.6.2/../../../avr/lib/avrxmega2/libm.a(atan2.o)
                              main.o (atan2)
/usr/lib/gcc/avr/4.6.2/../../../avr/lib/avrxmega2/libm.a(atan.o)
                              /usr/lib/gcc/avr/4.6.2/../../../avr/lib/avrxmega2/libm.a(atan2.o) (atan)
/usr/lib/gcc/avr/4.6.2/../../../avr/lib/avrxmega2/libm.a(cos.o)
                              main.o (cos)
/usr/lib/gcc/avr/4.6.2/../../../avr/lib/avrxmega2/libm.a(divsf3.o)
                              main.o (__divsf3)
/usr/lib/gcc/avr/4.6.2/../../../avr/lib/avrxmega2/libm.a(divsf3x.o)
                              /usr/lib/gcc/avr/4.6.2/../../../avr/lib/avrxmega2/libm.a(divsf3.o) (__divsf3x)
/usr/lib/gcc/avr/4.6.2/../../../avr/lib/avrxmega2/libm.a(fp_inf.o)
                              /usr/lib/gcc/avr/4.6.2/../../../avr/lib/avrxmega2/libm.a(addsf3x.o) (__fp_inf)
/usr/lib/gcc/avr/4.6.2/../../../avr/lib/avrxmega2/libm.a(fp_nan.o)
                              /usr/lib/gcc/avr/4.6.2/../../../avr/lib/avrxmega2/libm.a(addsf3x.o) (__fp_nan)
/usr/lib/gcc/avr/4.6.2/../../../avr/lib/avrxmega2/libm.a(fp_powser.o)
                              /usr/lib/gcc/avr/4.6.2/../../../avr/lib/avrxmega2/libm.a(atan.o) (__fp_powser)
/usr/lib/gcc/avr/4.6.2/../../../avr/lib/avrxmega2/libm.a(fp_pscA.o)
                              /usr/lib/gcc/avr/4.6.2/../../../avr/lib/avrxmega2/libm.a(addsf3x.o) (__fp_pscA)
/usr/lib/gcc/avr/4.6.2/../../../avr/lib/avrxmega2/libm.a(fp_pscB.o)
                              /usr/lib/gcc/avr/4.6.2/../../../avr/lib/avrxmega2/libm.a(addsf3x.o) (__fp_pscB)
/usr/lib/gcc/avr/4.6.2/../../../avr/lib/avrxmega2/libm.a(fp_rempio2.o)
                              /usr/lib/gcc/avr/4.6.2/../../../avr/lib/avrxmega2/libm.a(cos.o) (__fp_rempio2)
/usr/lib/gcc/avr/4.6.2/../../../avr/lib/avrxmega2/libm.a(fp_round.o)
                              /usr/lib/gcc/avr/4.6.2/../../../avr/lib/avrxmega2/libm.a(addsf3.o) (__fp_round)
/usr/lib/gcc/avr/4.6.2/../../../avr/lib/avrxmega2/libm.a(fp_sinus.o)
                              /usr/lib/gcc/avr/4.6.2/../../../avr/lib/avrxmega2/libm.a(cos.o) (__fp_sinus)
/usr/lib/gcc/avr/4.6.2/../../../avr/lib/avrxmega2/libm.a(fp_split3.o)
                              /usr/lib/gcc/avr/4.6.2/../../../avr/lib/avrxmega2/libm.a(addsf3x.o) (__fp_split3)
/usr/lib/gcc/avr/4.6.2/../../../avr/lib/avrxmega2/libm.a(fp_zero.o)
                              /usr/lib/gcc/avr/4.6.2/../../../avr/lib/avrxmega2/libm.a(addsf3x.o) (__fp_zero)
/usr/lib/gcc/avr/4.6.2/../../../avr/lib/avrxmega2/libm.a(gesf2.o)
                              main.o (__gtsf2)
/usr/lib/gcc/avr/4.6.2/../../../avr/lib/avrxmega2/libm.a(inverse.o)
                              /usr/lib/gcc/avr/4.6.2/../../../avr/lib/avrxmega2/libm.a(atan.o) (inverse)
/usr/lib/gcc/avr/4.6.2/../../../avr/lib/avrxmega2/libm.a(mulsf3.o)
                              main.o (__mulsf3)
/usr/lib/gcc/avr/4.6.2/../../../avr/lib/avrxmega2/libm.a(mulsf3x.o)
                              /usr/lib/gcc/avr/4.6.2/../../../avr/lib/avrxmega2/libm.a(atan.o) (__mulsf3x)
/usr/lib/gcc/avr/4.6.2/../../../avr/lib/avrxmega2/libm.a(sin.o)
                              main.o (sin)
/usr/lib/gcc/avr/4.6.2/../../../avr/lib/avrxmega2/libm.a(sqrt.o)
                              main.o (sqrt)
/usr/lib/gcc/avr/4.6.2/../../../avr/lib/avrxmega2/libm.a(square.o)
                              /usr/lib/gcc/avr/4.6.2/../../../avr/lib/avrxmega2/libm.a(atan.o) (square)
/usr/lib/gcc/avr/4.6.2/../../../avr/lib/avrxmega2/libm.a(fp_cmp.o)
                              /usr/lib/gcc/avr/4.6.2/../../../avr/lib/avrxmega2/libm.a(gesf2.o) (__fp_cmp)
/usr/lib/gcc/avr/4.6.2/../../../avr/lib/avrxmega2/libm.a(fp_mpack.o)
                              /usr/lib/gcc/avr/4.6.2/../../../avr/lib/avrxmega2/libm.a(sqrt.o) (__fp_mpack)
/usr/lib/gcc/avr/4.6.2/../../../avr/lib/avrxmega2/libm.a(fp_norm2.o)
                              /usr/lib/gcc/avr/4.6.2/../../../avr/lib/avrxmega2/libm.a(sqrt.o) (__fp_norm2)
/usr/lib/gcc/avr/4.6.2/../../../avr/lib/avrxmega2/libm.a(fp_powsodd.o)
                              /usr/lib/gcc/avr/4.6.2/../../../avr/lib/avrxmega2/libm.a(fp_sinus.o) (__fp_powsodd)
/usr/lib/gcc/avr/4.6.2/avrxmega2/libgcc.a(_prologue.o)
                              /usr/lib/gcc/avr/4.6.2/../../../avr/lib/avrxmega2/libprintf_flt.a(vfprintf_flt.o) (__prologue_saves__)
/usr/lib/gcc/avr/4.6.2/avrxmega2/libgcc.a(_epilogue.o)
                              /usr/lib/gcc/avr/4.6.2/../../../avr/lib/avrxmega2/libprintf_flt.a(vfprintf_flt.o) (__epilogue_restores__)
[...]
Memory Configuration

Name             Origin             Length             Attributes
text             0x0000000000000000 0x0000000000100000 xr
data             0x0000000000802000 0x000000000000ffa0 rw !x
eeprom           0x0000000000810000 0x0000000000010000 rw !x
fuse             0x0000000000820000 0x0000000000000400 rw !x
lock             0x0000000000830000 0x0000000000000400 rw !x
signature        0x0000000000840000 0x0000000000000400 rw !x
*default*        0x0000000000000000 0xffffffffffffffff

Linker script and memory map

LOAD /usr/lib/gcc/avr/4.6.2/../../../avr/lib/avrxmega2/crtx32a4u.o
LOAD usb/usb_xmega.o
LOAD usb/usb_requests.o
LOAD main.o
LOAD Descriptors.o
LOAD /usr/lib/gcc/avr/4.6.2/../../../avr/lib/avrxmega2/libprintf_flt.a
LOAD /usr/lib/gcc/avr/4.6.2/../../../avr/lib/avrxmega2/libm.a
LOAD /usr/lib/gcc/avr/4.6.2/avrxmega2/libgcc.a
LOAD /usr/lib/gcc/avr/4.6.2/../../../avr/lib/avrxmega2/libc.a
LOAD /usr/lib/gcc/avr/4.6.2/avrxmega2/libgcc.a

.hash
 *(.hash)

.dynsym
 *(.dynsym)

.dynstr
 *(.dynstr)

.gnu.version
 *(.gnu.version)

.gnu.version_d
 *(.gnu.version_d)

.gnu.version_r
 *(.gnu.version_r)

.rel.init
 *(.rel.init)

.rela.init
 *(.rela.init)

.rel.text
 *(.rel.text)
 *(.rel.text.*)
 *(.rel.gnu.linkonce.t*)

.rela.text
 *(.rela.text)
 *(.rela.text.*)
 *(.rela.gnu.linkonce.t*)

.rel.fini
 *(.rel.fini)

.rela.fini
 *(.rela.fini)

.rel.rodata
 *(.rel.rodata)
 *(.rel.rodata.*)
 *(.rel.gnu.linkonce.r*)

.rela.rodata
 *(.rela.rodata)
 *(.rela.rodata.*)
 *(.rela.gnu.linkonce.r*)

.rel.data
 *(.rel.data)
 *(.rel.data.*)
 *(.rel.gnu.linkonce.d*)

.rela.data
 *(.rela.data)
 *(.rela.data.*)
 *(.rela.gnu.linkonce.d*)

.rel.ctors
 *(.rel.ctors)

.rela.ctors
 *(.rela.ctors)

.rel.dtors
 *(.rel.dtors)

.rela.dtors
 *(.rela.dtors)

.rel.got
 *(.rel.got)

.rela.got
 *(.rela.got)

.rel.bss
 *(.rel.bss)

.rela.bss
 *(.rela.bss)

.rel.plt
 *(.rel.plt)

.rela.plt
 *(.rela.plt)

.text           0x0000000000000000     0x4fe4
 *(.vectors)
 .vectors       0x0000000000000000      0x1fc /usr/lib/gcc/avr/4.6.2/../../../avr/lib/avrxmega2/crtx32a4u.o
                0x0000000000000000                __vectors
                0x0000000000000000                __vector_default
 *(.vectors)
 *(.progmem.gcc*)
 .progmem.gcc_fplib
                0x00000000000001fc       0x2d /usr/lib/gcc/avr/4.6.2/../../../avr/lib/avrxmega2/libm.a(atan.o)
 .progmem.gcc_fplib
                0x0000000000000229       0x1e /usr/lib/gcc/avr/4.6.2/../../../avr/lib/avrxmega2/libm.a(fp_sinus.o)
 *(.progmem*)
 .progmem.data  0x0000000000000247       0x16 main.o
                0x0000000000000247                fwversion
                0x0000000000000252                hwversion
 .progmem.data  0x000000000000025d       0x6a Descriptors.o
                0x000000000000025d                XmegaExample_ProductString
                0x0000000000000273                XmegaExample_ManufacturerString
                0x0000000000000291                XmegaExample_LanguageString
                0x0000000000000295                XmegaExample_ConfigurationDescriptor
                0x00000000000002b5                XmegaExample_DeviceDescriptor
 .progmem.data  0x00000000000002c7        0x8 /usr/lib/gcc/avr/4.6.2/../../../avr/lib/avrxmega2/libprintf_flt.a(vfprintf_flt.o)
 .progmem.data  0x00000000000002cf       0xfa /usr/lib/gcc/avr/4.6.2/../../../avr/lib/avrxmega2/libc.a(ftoa_engine.o)
 .progmem.data  0x00000000000003c9       0x3b /usr/lib/gcc/avr/4.6.2/../../../avr/lib/avrxmega2/libc.a(strtod.o)
                0x0000000000000404                . = ALIGN (0x2)
                0x0000000000000404                __trampolines_start = .
 *(.trampolines)
 .trampolines   0x0000000000000404        0x0 linker stubs
 *(.trampolines*)
                0x0000000000000404                __trampolines_end = .
 *(.jumptables)
 *(.jumptables*)
 *(.lowtext)
 *(.lowtext*)
                0x0000000000000404                __ctors_start = .
 *(.ctors)
                0x0000000000000404                __ctors_end = .
                0x0000000000000404                __dtors_start = .
 *(.dtors)
                0x0000000000000404                __dtors_end = .
 SORT(*)(.ctors)
 SORT(*)(.dtors)
 *(.init0)
 .init0         0x0000000000000404        0x0 /usr/lib/gcc/avr/4.6.2/../../../avr/lib/avrxmega2/crtx32a4u.o
                0x0000000000000404                __init
 *(.init0)
 *(.init1)
 *(.init1)
 *(.init2)
 .init2         0x0000000000000404        0xc /usr/lib/gcc/avr/4.6.2/../../../avr/lib/avrxmega2/crtx32a4u.o
 *(.init2)
 *(.init3)
 *(.init3)
 *(.init4)
 .init4         0x0000000000000410       0x16 /usr/lib/gcc/avr/4.6.2/avrxmega2/libgcc.a(_copy_data.o)
                0x0000000000000410                __do_copy_data
 .init4         0x0000000000000426       0x10 /usr/lib/gcc/avr/4.6.2/avrxmega2/libgcc.a(_clear_bss.o)
                0x0000000000000426                __do_clear_bss
 *(.init4)
 *(.init5)
 *(.init5)
 *(.init6)
 *(.init6)
 *(.init7)
 *(.init7)
 *(.init8)
 *(.init8)
 *(.init9)
 .init9         0x0000000000000436        0x8 /usr/lib/gcc/avr/4.6.2/../../../avr/lib/avrxmega2/crtx32a4u.o
 *(.init9)
 *(.text)
 .text          0x000000000000043e        0x2 /usr/lib/gcc/avr/4.6.2/../../../avr/lib/avrxmega2/crtx32a4u.o
                0x000000000000043e                __vector_38
                0x000000000000043e                __vector_104
                0x000000000000043e                __vector_22
                0x000000000000043e                __vector_63
                0x000000000000043e                __vector_28
                0x000000000000043e                __vector_67
                0x000000000000043e                __vector_1
                0x000000000000043e                __vector_119
                0x000000000000043e                __vector_32
                0x000000000000043e                __vector_75
                0x000000000000043e                __vector_71
                0x000000000000043e                __vector_91
                0x000000000000043e                __vector_34
                0x000000000000043e                __vector_62
                0x000000000000043e                __vector_77
                0x000000000000043e                __vector_102
                0x000000000000043e                __vector_24
                0x000000000000043e                __vector_12
                0x000000000000043e                __vector_55
                0x000000000000043e                __vector_69
                0x000000000000043e                __vector_81
                0x000000000000043e                __vector_90
                0x000000000000043e                __vector_46
                0x000000000000043e                __bad_interrupt
                0x000000000000043e                __vector_122
                0x000000000000043e                __vector_72
                0x000000000000043e                __vector_114
                0x000000000000043e                __vector_6
                0x000000000000043e                __vector_110
                0x000000000000043e                __vector_31
                0x000000000000043e                __vector_92
                0x000000000000043e                __vector_35
                0x000000000000043e                __vector_78
                0x000000000000043e                __vector_74
                0x000000000000043e                __vector_117
                0x000000000000043e                __vector_39
                0x000000000000043e                __vector_107
                0x000000000000043e                __vector_3
                0x000000000000043e                __vector_105
                0x000000000000043e                __vector_98
                0x000000000000043e                __vector_23
                0x000000000000043e                __vector_68
                0x000000000000043e                __vector_30
                0x000000000000043e                __vector_73
                0x000000000000043e                __vector_45
                0x000000000000043e                __vector_25
                0x000000000000043e                __vector_93
                0x000000000000043e                __vector_61
                0x000000000000043e                __vector_11
                0x000000000000043e                __vector_54
                0x000000000000043e                __vector_99
                0x000000000000043e                __vector_13
                0x000000000000043e                __vector_17
                0x000000000000043e                __vector_19
                0x000000000000043e                __vector_56
                0x000000000000043e                __vector_7
                0x000000000000043e                __vector_49
                0x000000000000043e                __vector_123
                0x000000000000043e                __vector_41
                0x000000000000043e                __vector_86
                0x000000000000043e                __vector_100
                0x000000000000043e                __vector_101
                0x000000000000043e                __vector_64
                0x000000000000043e                __vector_88
                0x000000000000043e                __vector_109
                0x000000000000043e                __vector_43
                0x000000000000043e                __vector_27
                0x000000000000043e                __vector_5
                0x000000000000043e                __vector_113
                0x000000000000043e                __vector_33
                0x000000000000043e                __vector_76
                0x000000000000043e                __vector_115
                0x000000000000043e                __vector_47
                0x000000000000043e                __vector_52
                0x000000000000043e                __vector_37
                0x000000000000043e                __vector_95
                0x000000000000043e                __vector_103
                0x000000000000043e                __vector_96
                0x000000000000043e                __vector_89
                0x000000000000043e                __vector_108
                0x000000000000043e                __vector_4
                0x000000000000043e                __vector_44
                0x000000000000043e                __vector_82
                0x000000000000043e                __vector_106
                0x000000000000043e                __vector_118
                0x000000000000043e                __vector_51
                0x000000000000043e                __vector_9
                0x000000000000043e                __vector_2
                0x000000000000043e                __vector_21
                0x000000000000043e                __vector_15
                0x000000000000043e                __vector_66
                0x000000000000043e                __vector_36
                0x000000000000043e                __vector_79
                0x000000000000043e                __vector_58
                0x000000000000043e                __vector_70
                0x000000000000043e                __vector_83
                0x000000000000043e                __vector_29
                0x000000000000043e                __vector_60
                0x000000000000043e                __vector_121
                0x000000000000043e                __vector_40
                0x000000000000043e                __vector_85
                0x000000000000043e                __vector_94
                0x000000000000043e                __vector_8
                0x000000000000043e                __vector_26
                0x000000000000043e                __vector_48
                0x000000000000043e                __vector_124
                0x000000000000043e                __vector_116
                0x000000000000043e                __vector_112
                0x000000000000043e                __vector_111
                0x000000000000043e                __vector_80
                0x000000000000043e                __vector_14
                0x000000000000043e                __vector_84
                0x000000000000043e                __vector_57
                0x000000000000043e                __vector_53
                0x000000000000043e                __vector_10
                0x000000000000043e                __vector_50
                0x000000000000043e                __vector_16
                0x000000000000043e                __vector_59
                0x000000000000043e                __vector_18
                0x000000000000043e                __vector_97
                0x000000000000043e                __vector_20
                0x000000000000043e                __vector_42
                0x000000000000043e                __vector_87
                0x000000000000043e                __vector_65
                0x000000000000043e                __vector_120
 .text          0x0000000000000440      0x19e usb/usb_xmega.o
                0x0000000000000440                EVENT_USB_Device_WakeUp
                0x0000000000000440                USB_Event_Stub
                0x0000000000000440                EVENT_USB_Device_Suspend
                0x0000000000000440                EVENT_USB_Device_StartOfFrame
                0x0000000000000440                EVENT_USB_Device_Reset
                0x0000000000000442                USB_Event_Stub_Bool
                0x0000000000000442                EVENT_USB_Device_SetInterface
                0x0000000000000446                USB_Init
                0x00000000000004cc                USB_ResetInterface
                0x000000000000051a                USB_ep0_send_progmem
                0x0000000000000564                USB_ConfigureClock
 .text          0x00000000000005de      0x292 usb/usb_requests.o
                0x00000000000005de                USB_HandleSetup
 .text          0x0000000000000870     0x2d4c main.o
                0x0000000000000870                EVENT_USB_Device_ConfigurationChanged
                0x00000000000008be                __vector_125
                0x0000000000000946                __vector_126
                0x0000000000000b56                send_string
                0x0000000000000f4e                concat
                0x0000000000000fba                distance
                0x000000000000117a                parse_nmea_string
                0x0000000000001216                parse_nmea
                0x0000000000002098                uart_putchar
                0x00000000000020b8                uart_getchar
                0x00000000000020c4                send_uart
                0x0000000000002538                turn_on_gps
                0x0000000000002556                wake_up_gps
                0x0000000000002558                gps_init
                0x0000000000002596                wake_up_gprs
                0x0000000000002598                gprs_init
                0x00000000000025bc                send_message
                0x00000000000028a4                delSMS
                0x0000000000002902                GprsTextModeSMS
                0x000000000000290a                ClearGprsMsg
                0x0000000000002918                GprsReadSmsStore
                0x0000000000002972                ProcessSms
                0x0000000000002974                ProcessGprsMsg
                0x0000000000002e82                ReceiveTextMessage
                0x0000000000002f02                SimpleReceive
                0x0000000000003348                EVENT_USB_Device_ControlRequest
                0x0000000000003590                EVENT_USB_Device_ControlOUT
 .text          0x00000000000035bc       0x6c Descriptors.o
                0x00000000000035bc                CALLBACK_USB_GetDescriptor
                0x0000000000003628                . = ALIGN (0x2)
 *(.text.*)
 .text.startup  0x0000000000003628      0x212 main.o
                0x0000000000003628                main
 .text.avr-libc
                0x000000000000383a      0x6e0 /usr/lib/gcc/avr/4.6.2/../../../avr/lib/avrxmega2/libprintf_flt.a(vfprintf_flt.o)
                0x000000000000383a                vfprintf
 .text.avr-libc.fplib
                0x0000000000003f1a        0xa /usr/lib/gcc/avr/4.6.2/../../../avr/lib/avrxmega2/libm.a(addsf3.o)
                0x0000000000003f1a                __subsf3
                0x0000000000003f1c                __addsf3
 .text.avr-libc.fplib
                0x0000000000003f24       0xc0 /usr/lib/gcc/avr/4.6.2/../../../avr/lib/avrxmega2/libm.a(addsf3x.o)
                0x0000000000003f3e                __addsf3x
 .text.avr-libc.fplib
                0x0000000000003fe4       0x74 /usr/lib/gcc/avr/4.6.2/../../../avr/lib/avrxmega2/libm.a(atan2.o)
                0x0000000000004002                atan2
 .text.avr-libc.fplib
                0x0000000000004058       0x50 /usr/lib/gcc/avr/4.6.2/../../../avr/lib/avrxmega2/libm.a(atan.o)
                0x0000000000004058                atan
 .text.avr-libc.fplib
                0x00000000000040a8        0x6 /usr/lib/gcc/avr/4.6.2/../../../avr/lib/avrxmega2/libm.a(cos.o)
                0x00000000000040a8                cos
 .text.avr-libc.fplib
                0x00000000000040ae        0x4 /usr/lib/gcc/avr/4.6.2/../../../avr/lib/avrxmega2/libm.a(divsf3.o)
                0x00000000000040ae                __divsf3
 .text.avr-libc.fplib
                0x00000000000040b2       0xcc /usr/lib/gcc/avr/4.6.2/../../../avr/lib/avrxmega2/libm.a(divsf3x.o)
                0x00000000000040c8                __divsf3x
                0x00000000000040cc                __divsf3_pse
 .text.avr-libc.fplib
                0x000000000000417e        0xc /usr/lib/gcc/avr/4.6.2/../../../avr/lib/avrxmega2/libm.a(fp_inf.o)
                0x000000000000417e                __fp_inf
 .text.avr-libc.fplib
                0x000000000000418a        0x6 /usr/lib/gcc/avr/4.6.2/../../../avr/lib/avrxmega2/libm.a(fp_nan.o)
                0x000000000000418a                __fp_nan
 .text.avr-libc.fplib
                0x0000000000004190       0x4a /usr/lib/gcc/avr/4.6.2/../../../avr/lib/avrxmega2/libm.a(fp_powser.o)
                0x0000000000004190                __fp_powser
 .text.avr-libc.fplib
                0x00000000000041da        0xe /usr/lib/gcc/avr/4.6.2/../../../avr/lib/avrxmega2/libm.a(fp_pscA.o)
                0x00000000000041da                __fp_pscA
 .text.avr-libc.fplib
                0x00000000000041e8        0xe /usr/lib/gcc/avr/4.6.2/../../../avr/lib/avrxmega2/libm.a(fp_pscB.o)
                0x00000000000041e8                __fp_pscB
 .text.avr-libc.fplib
                0x00000000000041f6       0x50 /usr/lib/gcc/avr/4.6.2/../../../avr/lib/avrxmega2/libm.a(fp_rempio2.o)
                0x00000000000041f8                __fp_rempio2
 .text.avr-libc.fplib
                0x0000000000004246       0x22 /usr/lib/gcc/avr/4.6.2/../../../avr/lib/avrxmega2/libm.a(fp_round.o)
                0x0000000000004246                __fp_round
 .text.avr-libc.fplib
                0x0000000000004268       0x22 /usr/lib/gcc/avr/4.6.2/../../../avr/lib/avrxmega2/libm.a(fp_sinus.o)
                0x0000000000004268                __fp_sinus
 .text.avr-libc.fplib
                0x000000000000428a       0x44 /usr/lib/gcc/avr/4.6.2/../../../avr/lib/avrxmega2/libm.a(fp_split3.o)
                0x000000000000428a                __fp_split3
                0x000000000000429a                __fp_splitA
 .text.avr-libc.fplib
                0x00000000000042ce        0xe /usr/lib/gcc/avr/4.6.2/../../../avr/lib/avrxmega2/libm.a(fp_zero.o)
                0x00000000000042ce                __fp_zero
                0x00000000000042d0                __fp_szero
 .text.avr-libc.fplib
                0x00000000000042dc        0x8 /usr/lib/gcc/avr/4.6.2/../../../avr/lib/avrxmega2/libm.a(gesf2.o)
                0x00000000000042dc                __gtsf2
                0x00000000000042dc                __gesf2
 .text.avr-libc.fplib
                0x00000000000042e4        0xe /usr/lib/gcc/avr/4.6.2/../../../avr/lib/avrxmega2/libm.a(inverse.o)
                0x00000000000042e4                inverse
 .text.avr-libc.fplib
                0x00000000000042f2        0x4 /usr/lib/gcc/avr/4.6.2/../../../avr/lib/avrxmega2/libm.a(mulsf3.o)
                0x00000000000042f2                __mulsf3
 .text.avr-libc.fplib
                0x00000000000042f6       0xc2 /usr/lib/gcc/avr/4.6.2/../../../avr/lib/avrxmega2/libm.a(mulsf3x.o)
                0x000000000000430a                __mulsf3x
                0x000000000000430e                __mulsf3_pse
 .text.avr-libc.fplib
                0x00000000000043b8        0xc /usr/lib/gcc/avr/4.6.2/../../../avr/lib/avrxmega2/libm.a(sin.o)
                0x00000000000043b8                sin
 .text.avr-libc.fplib
                0x00000000000043c4       0x84 /usr/lib/gcc/avr/4.6.2/../../../avr/lib/avrxmega2/libm.a(sqrt.o)
                0x00000000000043cc                sqrt
 .text.avr-libc.fplib
                0x0000000000004448        0x6 /usr/lib/gcc/avr/4.6.2/../../../avr/lib/avrxmega2/libm.a(square.o)
                0x0000000000004448                square
 .text.avr-libc.fplib
                0x000000000000444e       0x48 /usr/lib/gcc/avr/4.6.2/../../../avr/lib/avrxmega2/libm.a(fp_cmp.o)
                0x000000000000444e                __fp_cmp
 .text.avr-libc.fplib
                0x0000000000004496       0x1c /usr/lib/gcc/avr/4.6.2/../../../avr/lib/avrxmega2/libm.a(fp_mpack.o)
                0x0000000000004496                __fp_mpack
                0x000000000000449a                __fp_mpack_finite
 .text.avr-libc.fplib
                0x00000000000044b2        0xe /usr/lib/gcc/avr/4.6.2/../../../avr/lib/avrxmega2/libm.a(fp_norm2.o)
                0x00000000000044b2                __fp_norm2
 .text.avr-libc.fplib
                0x00000000000044c0       0x22 /usr/lib/gcc/avr/4.6.2/../../../avr/lib/avrxmega2/libm.a(fp_powsodd.o)
                0x00000000000044c0                __fp_powsodd
 .text.libgcc   0x00000000000044e2       0x32 /usr/lib/gcc/avr/4.6.2/avrxmega2/libgcc.a(_prologue.o)
                0x00000000000044e2                __prologue_saves__
 .text.libgcc   0x0000000000004514       0x30 /usr/lib/gcc/avr/4.6.2/avrxmega2/libgcc.a(_epilogue.o)
                0x0000000000004514                __epilogue_restores__
 .text.avr-libc
                0x0000000000004544      0x25e /usr/lib/gcc/avr/4.6.2/../../../avr/lib/avrxmega2/libc.a(malloc.o)
                0x0000000000004544                malloc
                0x0000000000004670                free
 .text.avr-libc
                0x00000000000047a2        0x6 /usr/lib/gcc/avr/4.6.2/../../../avr/lib/avrxmega2/libc.a(atof.o)
                0x00000000000047a2                atof
 .text.avr-libc
                0x00000000000047a8      0x1b0 /usr/lib/gcc/avr/4.6.2/../../../avr/lib/avrxmega2/libc.a(ftoa_engine.o)
                0x00000000000047a8                __ftoa_engine
 .text.avr-libc
                0x0000000000004958       0x16 /usr/lib/gcc/avr/4.6.2/../../../avr/lib/avrxmega2/libc.a(strnlen_P.o)
                0x0000000000004958                strnlen_P
 .text.avr-libc
                0x000000000000496e        0x6 /usr/lib/gcc/avr/4.6.2/../../../avr/lib/avrxmega2/libc.a(strtok.o)
                0x000000000000496e                strtok
 .text.avr-libc
                0x0000000000004974       0x16 /usr/lib/gcc/avr/4.6.2/../../../avr/lib/avrxmega2/libc.a(strcat.o)
                0x0000000000004974                strcat
 .text.avr-libc
                0x000000000000498a       0x16 /usr/lib/gcc/avr/4.6.2/../../../avr/lib/avrxmega2/libc.a(strchr.o)
                0x000000000000498a                strchr
 .text.avr-libc
                0x00000000000049a0        0xe /usr/lib/gcc/avr/4.6.2/../../../avr/lib/avrxmega2/libc.a(strcpy.o)
                0x00000000000049a0                strcpy
 .text.avr-libc
                0x00000000000049ae       0x16 /usr/lib/gcc/avr/4.6.2/../../../avr/lib/avrxmega2/libc.a(strnlen.o)
                0x00000000000049ae                strnlen
 .text.avr-libc
                0x00000000000049c4       0x34 /usr/lib/gcc/avr/4.6.2/../../../avr/lib/avrxmega2/libc.a(strstr.o)
                0x00000000000049c4                strstr
 .text.avr-libc
                0x00000000000049f8       0x4e /usr/lib/gcc/avr/4.6.2/../../../avr/lib/avrxmega2/libc.a(strtok_r.o)
                0x00000000000049f8                strtok_r
 .text.avr-libc
                0x0000000000004a46       0x58 /usr/lib/gcc/avr/4.6.2/../../../avr/lib/avrxmega2/libc.a(fputc.o)
                0x0000000000004a46                fputc
 .text.avr-libc
                0x0000000000004a9e       0x40 /usr/lib/gcc/avr/4.6.2/../../../avr/lib/avrxmega2/libc.a(sprintf.o)
                0x0000000000004a9e                sprintf
 .text.avr-libc
                0x0000000000004ade       0xbc /usr/lib/gcc/avr/4.6.2/../../../avr/lib/avrxmega2/libc.a(ultoa_invert.o)
                0x0000000000004ade                __ultoa_invert
 .text.avr-libc
                0x0000000000004b9a       0x16 /usr/lib/gcc/avr/4.6.2/../../../avr/lib/avrxmega2/libc.a(eerd_block_atxmega32a4u.o)
                0x0000000000004b9a                __eerd_block_x32a4u
 .text.avr-libc
                0x0000000000004bb0       0x1e /usr/lib/gcc/avr/4.6.2/../../../avr/lib/avrxmega2/libc.a(eeupd_block_atxmega32a4u.o)
                0x0000000000004bb0                __eeupd_block_x32a4u
 .text.avr-libc
                0x0000000000004bce       0x12 /usr/lib/gcc/avr/4.6.2/../../../avr/lib/avrxmega2/libc.a(eeupd_byte_atxmega32a4u.o)
                0x0000000000004bce                __eeupd_byte_x32a4u
                0x0000000000004bd0                __eeupd_r18_x32a4u
 .text.avr-libc
                0x0000000000004be0       0x46 /usr/lib/gcc/avr/4.6.2/../../../avr/lib/avrxmega2/libc.a(eewr_byte_atxmega32a4u.o)
                0x0000000000004be0                __eewr_byte_x32a4u
                0x0000000000004be2                __eewr_r18_x32a4u
 .text.avr-libc
                0x0000000000004c26       0x20 /usr/lib/gcc/avr/4.6.2/../../../avr/lib/avrxmega2/libc.a(eerd_byte_atxmega32c4.o)
                0x0000000000004c26                __eerd_byte_x32c4
                0x0000000000004c2e                eeprom_mapen
 .text.avr-libc
                0x0000000000004c46      0x2c0 /usr/lib/gcc/avr/4.6.2/../../../avr/lib/avrxmega2/libc.a(strtod.o)
                0x0000000000004c46                strtod
 .text.avr-libc
                0x0000000000004f06       0x10 /usr/lib/gcc/avr/4.6.2/../../../avr/lib/avrxmega2/libc.a(isspace.o)
                0x0000000000004f06                isspace
 .text.avr-libc
                0x0000000000004f16       0x30 /usr/lib/gcc/avr/4.6.2/../../../avr/lib/avrxmega2/libc.a(strncasecmp_P.o)
                0x0000000000004f16                strncasecmp_P
 .text.avr-libc
                0x0000000000004f46       0x12 /usr/lib/gcc/avr/4.6.2/../../../avr/lib/avrxmega2/libc.a(memcpy.o)
                0x0000000000004f46                memcpy
 .text.avr-libc.fplib
                0x0000000000004f58        0x8 /usr/lib/gcc/avr/4.6.2/../../../avr/lib/avrxmega2/libc.a(cmpsf2.o)
                0x0000000000004f58                __lesf2
                0x0000000000004f58                __nesf2
                0x0000000000004f58                __eqsf2
                0x0000000000004f58                __cmpsf2
                0x0000000000004f58                __ltsf2
 .text.avr-libc.fplib
                0x0000000000004f60       0x7a /usr/lib/gcc/avr/4.6.2/../../../avr/lib/avrxmega2/libc.a(floatsisf.o)
                0x0000000000004f60                __floatunsisf
                0x0000000000004f64                __floatsisf
 .text.avr-libc
                0x0000000000004fda        0x6 /usr/lib/gcc/avr/4.6.2/../../../avr/lib/avrxmega2/libc.a(cty_isfalse.o)
                0x0000000000004fda                __ctype_isfalse
                0x0000000000004fde                __ctype_istrue
                0x0000000000004fe0                . = ALIGN (0x2)
 *(.fini9)
 .fini9         0x0000000000004fe0        0x0 /usr/lib/gcc/avr/4.6.2/avrxmega2/libgcc.a(_exit.o)
                0x0000000000004fe0                exit
                0x0000000000004fe0                _exit
 *(.fini9)
 *(.fini8)
 *(.fini8)
 *(.fini7)
 *(.fini7)
 *(.fini6)
 *(.fini6)
 *(.fini5)
 *(.fini5)
 *(.fini4)
 *(.fini4)
 *(.fini3)
 *(.fini3)
 *(.fini2)
 *(.fini2)
 *(.fini1)
 *(.fini1)
 *(.fini0)
 .fini0         0x0000000000004fe0        0x4 /usr/lib/gcc/avr/4.6.2/avrxmega2/libgcc.a(_exit.o)
 *(.fini0)
                0x0000000000004fe4                _etext = .

.data           0x0000000000802000      0x14e load address 0x0000000000004fe4
                0x0000000000802000                PROVIDE (__data_start, .)
 *(.data)
 .data          0x0000000000802000        0x0 /usr/lib/gcc/avr/4.6.2/../../../avr/lib/avrxmega2/crtx32a4u.o
 .data          0x0000000000802000       0x30 usb/usb_xmega.o
                0x0000000000802000                endpoints
 .data          0x0000000000802030        0x0 usb/usb_requests.o
 .data          0x0000000000802030      0x117 main.o
                0x000000000080212c                twilio_number
                0x000000000080212e                snFull
                0x0000000000802130                snTmp
                0x0000000000802132                msg
                0x0000000000802134                smsStorePos
                0x0000000000802136                max_dist
                0x000000000080213a                lng
                0x000000000080213e                lat
                0x0000000000802142                ep_in_pipe_data
 .data          0x0000000000802147        0x0 Descriptors.o
 .data          0x0000000000802147        0x0 /usr/lib/gcc/avr/4.6.2/../../../avr/lib/avrxmega2/libprintf_flt.a(vfprintf_flt.o)
 .data          0x0000000000802147        0x0 /usr/lib/gcc/avr/4.6.2/../../../avr/lib/avrxmega2/libm.a(addsf3.o)
 .data          0x0000000000802147        0x0 /usr/lib/gcc/avr/4.6.2/../../../avr/lib/avrxmega2/libm.a(addsf3x.o)
 .data          0x0000000000802147        0x0 /usr/lib/gcc/avr/4.6.2/../../../avr/lib/avrxmega2/libm.a(atan2.o)
 .data          0x0000000000802147        0x0 /usr/lib/gcc/avr/4.6.2/../../../avr/lib/avrxmega2/libm.a(atan.o)
 .data          0x0000000000802147        0x0 /usr/lib/gcc/avr/4.6.2/../../../avr/lib/avrxmega2/libm.a(cos.o)
 .data          0x0000000000802147        0x0 /usr/lib/gcc/avr/4.6.2/../../../avr/lib/avrxmega2/libm.a(divsf3.o)
 .data          0x0000000000802147        0x0 /usr/lib/gcc/avr/4.6.2/../../../avr/lib/avrxmega2/libm.a(divsf3x.o)
 .data          0x0000000000802147        0x0 /usr/lib/gcc/avr/4.6.2/../../../avr/lib/avrxmega2/libm.a(fp_inf.o)
 .data          0x0000000000802147        0x0 /usr/lib/gcc/avr/4.6.2/../../../avr/lib/avrxmega2/libm.a(fp_nan.o)
 .data          0x0000000000802147        0x0 /usr/lib/gcc/avr/4.6.2/../../../avr/lib/avrxmega2/libm.a(fp_powser.o)
 .data          0x0000000000802147        0x0 /usr/lib/gcc/avr/4.6.2/../../../avr/lib/avrxmega2/libm.a(fp_pscA.o)
 .data          0x0000000000802147        0x0 /usr/lib/gcc/avr/4.6.2/../../../avr/lib/avrxmega2/libm.a(fp_pscB.o)
 .data          0x0000000000802147        0x0 /usr/lib/gcc/avr/4.6.2/../../../avr/lib/avrxmega2/libm.a(fp_rempio2.o)
 .data          0x0000000000802147        0x0 /usr/lib/gcc/avr/4.6.2/../../../avr/lib/avrxmega2/libm.a(fp_round.o)
 .data          0x0000000000802147        0x0 /usr/lib/gcc/avr/4.6.2/../../../avr/lib/avrxmega2/libm.a(fp_sinus.o)
 .data          0x0000000000802147        0x0 /usr/lib/gcc/avr/4.6.2/../../../avr/lib/avrxmega2/libm.a(fp_split3.o)
 .data          0x0000000000802147        0x0 /usr/lib/gcc/avr/4.6.2/../../../avr/lib/avrxmega2/libm.a(fp_zero.o)
 .data          0x0000000000802147        0x0 /usr/lib/gcc/avr/4.6.2/../../../avr/lib/avrxmega2/libm.a(gesf2.o)
 .data          0x0000000000802147        0x0 /usr/lib/gcc/avr/4.6.2/../../../avr/lib/avrxmega2/libm.a(inverse.o)
 .data          0x0000000000802147        0x0 /usr/lib/gcc/avr/4.6.2/../../../avr/lib/avrxmega2/libm.a(mulsf3.o)
 .data          0x0000000000802147        0x0 /usr/lib/gcc/avr/4.6.2/../../../avr/lib/avrxmega2/libm.a(mulsf3x.o)
 .data          0x0000000000802147        0x0 /usr/lib/gcc/avr/4.6.2/../../../avr/lib/avrxmega2/libm.a(sin.o)
 .data          0x0000000000802147        0x0 /usr/lib/gcc/avr/4.6.2/../../../avr/lib/avrxmega2/libm.a(sqrt.o)
 .data          0x0000000000802147        0x0 /usr/lib/gcc/avr/4.6.2/../../../avr/lib/avrxmega2/libm.a(square.o)
 .data          0x0000000000802147        0x0 /usr/lib/gcc/avr/4.6.2/../../../avr/lib/avrxmega2/libm.a(fp_cmp.o)
 .data          0x0000000000802147        0x0 /usr/lib/gcc/avr/4.6.2/../../../avr/lib/avrxmega2/libm.a(fp_mpack.o)
 .data          0x0000000000802147        0x0 /usr/lib/gcc/avr/4.6.2/../../../avr/lib/avrxmega2/libm.a(fp_norm2.o)
 .data          0x0000000000802147        0x0 /usr/lib/gcc/avr/4.6.2/../../../avr/lib/avrxmega2/libm.a(fp_powsodd.o)
 .data          0x0000000000802147        0x0 /usr/lib/gcc/avr/4.6.2/avrxmega2/libgcc.a(_prologue.o)
 .data          0x0000000000802147        0x0 /usr/lib/gcc/avr/4.6.2/avrxmega2/libgcc.a(_epilogue.o)
 .data          0x0000000000802147        0x0 /usr/lib/gcc/avr/4.6.2/avrxmega2/libgcc.a(_exit.o)
 .data          0x0000000000802147        0x0 /usr/lib/gcc/avr/4.6.2/avrxmega2/libgcc.a(_copy_data.o)
 .data          0x0000000000802147        0x0 /usr/lib/gcc/avr/4.6.2/avrxmega2/libgcc.a(_clear_bss.o)
 .data          0x0000000000802147        0x6 /usr/lib/gcc/avr/4.6.2/../../../avr/lib/avrxmega2/libc.a(malloc.o)
                0x0000000000802147                __malloc_heap_end
                0x0000000000802149                __malloc_heap_start
                0x000000000080214b                __malloc_margin
 .data          0x000000000080214d        0x0 /usr/lib/gcc/avr/4.6.2/../../../avr/lib/avrxmega2/libc.a(atof.o)
 .data          0x000000000080214d        0x0 /usr/lib/gcc/avr/4.6.2/../../../avr/lib/avrxmega2/libc.a(ftoa_engine.o)
 .data          0x000000000080214d        0x0 /usr/lib/gcc/avr/4.6.2/../../../avr/lib/avrxmega2/libc.a(strnlen_P.o)
 .data          0x000000000080214d        0x0 /usr/lib/gcc/avr/4.6.2/../../../avr/lib/avrxmega2/libc.a(strtok.o)
 .data          0x000000000080214d        0x0 /usr/lib/gcc/avr/4.6.2/../../../avr/lib/avrxmega2/libc.a(strcat.o)
 .data          0x000000000080214d        0x0 /usr/lib/gcc/avr/4.6.2/../../../avr/lib/avrxmega2/libc.a(strchr.o)
 .data          0x000000000080214d        0x0 /usr/lib/gcc/avr/4.6.2/../../../avr/lib/avrxmega2/libc.a(strcpy.o)
 .data          0x000000000080214d        0x0 /usr/lib/gcc/avr/4.6.2/../../../avr/lib/avrxmega2/libc.a(strnlen.o)
 .data          0x000000000080214d        0x0 /usr/lib/gcc/avr/4.6.2/../../../avr/lib/avrxmega2/libc.a(strstr.o)
 .data          0x000000000080214d        0x0 /usr/lib/gcc/avr/4.6.2/../../../avr/lib/avrxmega2/libc.a(strtok_r.o)
 .data          0x000000000080214d        0x0 /usr/lib/gcc/avr/4.6.2/../../../avr/lib/avrxmega2/libc.a(fputc.o)
 .data          0x000000000080214d        0x0 /usr/lib/gcc/avr/4.6.2/../../../avr/lib/avrxmega2/libc.a(sprintf.o)
 .data          0x000000000080214d        0x0 /usr/lib/gcc/avr/4.6.2/../../../avr/lib/avrxmega2/libc.a(ultoa_invert.o)
 .data          0x000000000080214d        0x0 /usr/lib/gcc/avr/4.6.2/../../../avr/lib/avrxmega2/libc.a(eerd_block_atxmega32a4u.o)
 .data          0x000000000080214d        0x0 /usr/lib/gcc/avr/4.6.2/../../../avr/lib/avrxmega2/libc.a(eeupd_block_atxmega32a4u.o)
 .data          0x000000000080214d        0x0 /usr/lib/gcc/avr/4.6.2/../../../avr/lib/avrxmega2/libc.a(eeupd_byte_atxmega32a4u.o)
 .data          0x000000000080214d        0x0 /usr/lib/gcc/avr/4.6.2/../../../avr/lib/avrxmega2/libc.a(eewr_byte_atxmega32a4u.o)
 .data          0x000000000080214d        0x0 /usr/lib/gcc/avr/4.6.2/../../../avr/lib/avrxmega2/libc.a(eerd_byte_atxmega32c4.o)
 .data          0x000000000080214d        0x0 /usr/lib/gcc/avr/4.6.2/../../../avr/lib/avrxmega2/libc.a(strtod.o)
 .data          0x000000000080214d        0x0 /usr/lib/gcc/avr/4.6.2/../../../avr/lib/avrxmega2/libc.a(isspace.o)
 .data          0x000000000080214d        0x0 /usr/lib/gcc/avr/4.6.2/../../../avr/lib/avrxmega2/libc.a(strncasecmp_P.o)
 .data          0x000000000080214d        0x0 /usr/lib/gcc/avr/4.6.2/../../../avr/lib/avrxmega2/libc.a(memcpy.o)
 .data          0x000000000080214d        0x0 /usr/lib/gcc/avr/4.6.2/../../../avr/lib/avrxmega2/libc.a(cmpsf2.o)
 .data          0x000000000080214d        0x0 /usr/lib/gcc/avr/4.6.2/../../../avr/lib/avrxmega2/libc.a(floatsisf.o)
 .data          0x000000000080214d        0x0 /usr/lib/gcc/avr/4.6.2/../../../avr/lib/avrxmega2/libc.a(errno.o)
 .data          0x000000000080214d        0x0 /usr/lib/gcc/avr/4.6.2/../../../avr/lib/avrxmega2/libc.a(cty_isfalse.o)
 *(.data*)
 *(.rodata)
 *(.rodata*)
 *(.gnu.linkonce.d*)
                0x000000000080214e                . = ALIGN (0x2)
 *fill*         0x000000000080214d        0x1 00
                0x000000000080214e                _edata = .
                0x000000000080214e                PROVIDE (__data_end, .)

.bss            0x000000000080214e      0x298
                0x000000000080214e                PROVIDE (__bss_start, .)
 *(.bss)
 .bss           0x000000000080214e        0x9 main.o
                0x000000000080214e                cmd_data
                0x000000000080214f                usb_cmd
                0x0000000000802150                updating
                0x0000000000802151                debug
                0x0000000000802152                timeout_or_sampling_no_longer_enabled
                0x0000000000802153                ep_in_data
 .bss           0x0000000000802157        0x2 /usr/lib/gcc/avr/4.6.2/../../../avr/lib/avrxmega2/libc.a(strtok.o)
 *(.bss*)
 *(COMMON)
 COMMON         0x0000000000802159       0x82 usb/usb_xmega.o
                0x0000000000802159                ep0_buf_in
                0x0000000000802199                USB_DeviceState
                0x000000000080219a                USB_Device_ConfigurationNumber
                0x000000000080219b                ep0_buf_out
 COMMON         0x00000000008021db      0x205 main.o
                0x00000000008021db                ep_in_pipe_buffer
                0x00000000008023db                message
                0x00000000008023dd                SerialInByte
                0x00000000008023de                SmsContentFlag
 COMMON         0x00000000008023e0        0x4 /usr/lib/gcc/avr/4.6.2/../../../avr/lib/avrxmega2/libc.a(malloc.o)
                0x00000000008023e0                __brkval
                0x00000000008023e2                __flp
 COMMON         0x00000000008023e4        0x2 /usr/lib/gcc/avr/4.6.2/../../../avr/lib/avrxmega2/libc.a(errno.o)
                0x00000000008023e4                errno
                0x00000000008023e6                PROVIDE (__bss_end, .)
                0x0000000000004fe4                __data_load_start = LOADADDR (.data)
                0x0000000000005132                __data_load_end = (__data_load_start + SIZEOF (.data))

.noinit         0x00000000008023e6        0x0
                0x00000000008023e6                PROVIDE (__noinit_start, .)
 *(.noinit*)
                0x00000000008023e6                PROVIDE (__noinit_end, .)
                0x00000000008023e6                _end = .
                0x00000000008023e6                PROVIDE (__heap_start, .)

.eeprom         0x0000000000810000        0x0
 *(.eeprom*)
                0x0000000000810000                __eeprom_end = .

.fuse
 *(.fuse)
 *(.lfuse)
 *(.hfuse)
 *(.efuse)

.lock
 *(.lock*)

.signature
 *(.signature*)

.stab           0x0000000000000000     0x4ff8
 *(.stab)
 .stab          0x0000000000000000      0x6cc /usr/lib/gcc/avr/4.6.2/../../../avr/lib/avrxmega2/crtx32a4u.o
 .stab          0x00000000000006cc       0x78 /usr/lib/gcc/avr/4.6.2/../../../avr/lib/avrxmega2/libm.a(addsf3.o)
                                         0x84 (size before relaxing)
 .stab          0x0000000000000744      0x4bc /usr/lib/gcc/avr/4.6.2/../../../avr/lib/avrxmega2/libm.a(addsf3x.o)
                                        0x4c8 (size before relaxing)
 .stab          0x0000000000000c00      0x2f4 /usr/lib/gcc/avr/4.6.2/../../../avr/lib/avrxmega2/libm.a(atan2.o)
                                        0x300 (size before relaxing)
 .stab          0x0000000000000ef4      0x210 /usr/lib/gcc/avr/4.6.2/../../../avr/lib/avrxmega2/libm.a(atan.o)
                                        0x21c (size before relaxing)
 .stab          0x0000000000001104       0x54 /usr/lib/gcc/avr/4.6.2/../../../avr/lib/avrxmega2/libm.a(cos.o)
                                         0x60 (size before relaxing)
 .stab          0x0000000000001158       0x48 /usr/lib/gcc/avr/4.6.2/../../../avr/lib/avrxmega2/libm.a(divsf3.o)
                                         0x54 (size before relaxing)
 .stab          0x00000000000011a0      0x510 /usr/lib/gcc/avr/4.6.2/../../../avr/lib/avrxmega2/libm.a(divsf3x.o)
                                        0x51c (size before relaxing)
 .stab          0x00000000000016b0       0x78 /usr/lib/gcc/avr/4.6.2/../../../avr/lib/avrxmega2/libm.a(fp_inf.o)
                                         0x84 (size before relaxing)
 .stab          0x0000000000001728       0x54 /usr/lib/gcc/avr/4.6.2/../../../avr/lib/avrxmega2/libm.a(fp_nan.o)
                                         0x60 (size before relaxing)
 .stab          0x000000000000177c      0x1ec /usr/lib/gcc/avr/4.6.2/../../../avr/lib/avrxmega2/libm.a(fp_powser.o)
                                        0x1f8 (size before relaxing)
 .stab          0x0000000000001968       0x84 /usr/lib/gcc/avr/4.6.2/../../../avr/lib/avrxmega2/libm.a(fp_pscA.o)
                                         0x90 (size before relaxing)
 .stab          0x00000000000019ec       0x84 /usr/lib/gcc/avr/4.6.2/../../../avr/lib/avrxmega2/libm.a(fp_pscB.o)
                                         0x90 (size before relaxing)
 .stab          0x0000000000001a70      0x21c /usr/lib/gcc/avr/4.6.2/../../../avr/lib/avrxmega2/libm.a(fp_rempio2.o)
                                        0x228 (size before relaxing)
 .stab          0x0000000000001c8c       0xfc /usr/lib/gcc/avr/4.6.2/../../../avr/lib/avrxmega2/libm.a(fp_round.o)
                                        0x108 (size before relaxing)
 .stab          0x0000000000001d88       0xfc /usr/lib/gcc/avr/4.6.2/../../../avr/lib/avrxmega2/libm.a(fp_sinus.o)
                                        0x108 (size before relaxing)
 .stab          0x0000000000001e84      0x1d4 /usr/lib/gcc/avr/4.6.2/../../../avr/lib/avrxmega2/libm.a(fp_split3.o)
                                        0x1e0 (size before relaxing)
 .stab          0x0000000000002058       0x90 /usr/lib/gcc/avr/4.6.2/../../../avr/lib/avrxmega2/libm.a(fp_zero.o)
                                         0x9c (size before relaxing)
 .stab          0x00000000000020e8       0x6c /usr/lib/gcc/avr/4.6.2/../../../avr/lib/avrxmega2/libm.a(gesf2.o)
                                         0x78 (size before relaxing)
 .stab          0x0000000000002154       0x84 /usr/lib/gcc/avr/4.6.2/../../../avr/lib/avrxmega2/libm.a(inverse.o)
                                         0x90 (size before relaxing)
 .stab          0x00000000000021d8       0x48 /usr/lib/gcc/avr/4.6.2/../../../avr/lib/avrxmega2/libm.a(mulsf3.o)
                                         0x54 (size before relaxing)
 .stab          0x0000000000002220      0x4d4 /usr/lib/gcc/avr/4.6.2/../../../avr/lib/avrxmega2/libm.a(mulsf3x.o)
                                        0x4e0 (size before relaxing)
 .stab          0x00000000000026f4       0x78 /usr/lib/gcc/avr/4.6.2/../../../avr/lib/avrxmega2/libm.a(sin.o)
                                         0x84 (size before relaxing)
 .stab          0x000000000000276c      0x354 /usr/lib/gcc/avr/4.6.2/../../../avr/lib/avrxmega2/libm.a(sqrt.o)
                                        0x360 (size before relaxing)
 .stab          0x0000000000002ac0       0x54 /usr/lib/gcc/avr/4.6.2/../../../avr/lib/avrxmega2/libm.a(square.o)
                                         0x60 (size before relaxing)
 .stab          0x0000000000002b14      0x1e0 /usr/lib/gcc/avr/4.6.2/../../../avr/lib/avrxmega2/libm.a(fp_cmp.o)
                                        0x1ec (size before relaxing)
 .stab          0x0000000000002cf4       0xe4 /usr/lib/gcc/avr/4.6.2/../../../avr/lib/avrxmega2/libm.a(fp_mpack.o)
                                         0xf0 (size before relaxing)
 .stab          0x0000000000002dd8       0x84 /usr/lib/gcc/avr/4.6.2/../../../avr/lib/avrxmega2/libm.a(fp_norm2.o)
                                         0x90 (size before relaxing)
 .stab          0x0000000000002e5c       0xfc /usr/lib/gcc/avr/4.6.2/../../../avr/lib/avrxmega2/libm.a(fp_powsodd.o)
                                        0x108 (size before relaxing)
 .stab          0x0000000000002f58       0x3c /usr/lib/gcc/avr/4.6.2/../../../avr/lib/avrxmega2/libc.a(atof.o)
                                         0x48 (size before relaxing)
 .stab          0x0000000000002f94      0xa38 /usr/lib/gcc/avr/4.6.2/../../../avr/lib/avrxmega2/libc.a(ftoa_engine.o)
                                        0xa44 (size before relaxing)
 .stab          0x00000000000039cc       0x9c /usr/lib/gcc/avr/4.6.2/../../../avr/lib/avrxmega2/libc.a(strnlen_P.o)
                                         0xa8 (size before relaxing)
 .stab          0x0000000000003a68       0x9c /usr/lib/gcc/avr/4.6.2/../../../avr/lib/avrxmega2/libc.a(strcat.o)
                                         0xa8 (size before relaxing)
 .stab          0x0000000000003b04       0x9c /usr/lib/gcc/avr/4.6.2/../../../avr/lib/avrxmega2/libc.a(strchr.o)
                                         0xa8 (size before relaxing)
 .stab          0x0000000000003ba0       0x6c /usr/lib/gcc/avr/4.6.2/../../../avr/lib/avrxmega2/libc.a(strcpy.o)
                                         0x78 (size before relaxing)
 .stab          0x0000000000003c0c       0x9c /usr/lib/gcc/avr/4.6.2/../../../avr/lib/avrxmega2/libc.a(strnlen.o)
                                         0xa8 (size before relaxing)
 .stab          0x0000000000003ca8      0x150 /usr/lib/gcc/avr/4.6.2/../../../avr/lib/avrxmega2/libc.a(strstr.o)
                                        0x15c (size before relaxing)
 .stab          0x0000000000003df8      0x204 /usr/lib/gcc/avr/4.6.2/../../../avr/lib/avrxmega2/libc.a(strtok_r.o)
                                        0x210 (size before relaxing)
 .stab          0x0000000000003ffc      0x480 /usr/lib/gcc/avr/4.6.2/../../../avr/lib/avrxmega2/libc.a(ultoa_invert.o)
                                        0x48c (size before relaxing)
 .stab          0x000000000000447c       0xb4 /usr/lib/gcc/avr/4.6.2/../../../avr/lib/avrxmega2/libc.a(eerd_block_atxmega32a4u.o)
                                         0xc0 (size before relaxing)
 .stab          0x0000000000004530       0xe4 /usr/lib/gcc/avr/4.6.2/../../../avr/lib/avrxmega2/libc.a(eeupd_block_atxmega32a4u.o)
                                         0xf0 (size before relaxing)
 .stab          0x0000000000004614       0xa8 /usr/lib/gcc/avr/4.6.2/../../../avr/lib/avrxmega2/libc.a(eeupd_byte_atxmega32a4u.o)
                                         0xb4 (size before relaxing)
 .stab          0x00000000000046bc      0x1e0 /usr/lib/gcc/avr/4.6.2/../../../avr/lib/avrxmega2/libc.a(eewr_byte_atxmega32a4u.o)
                                        0x1ec (size before relaxing)
 .stab          0x000000000000489c       0xfc /usr/lib/gcc/avr/4.6.2/../../../avr/lib/avrxmega2/libc.a(eerd_byte_atxmega32c4.o)
                                        0x108 (size before relaxing)
 .stab          0x0000000000004998       0x9c /usr/lib/gcc/avr/4.6.2/../../../avr/lib/avrxmega2/libc.a(isspace.o)
                                         0xa8 (size before relaxing)
 .stab          0x0000000000004a34      0x138 /usr/lib/gcc/avr/4.6.2/../../../avr/lib/avrxmega2/libc.a(strncasecmp_P.o)
                                        0x144 (size before relaxing)
 .stab          0x0000000000004b6c       0x84 /usr/lib/gcc/avr/4.6.2/../../../avr/lib/avrxmega2/libc.a(memcpy.o)
                                         0x90 (size before relaxing)
 .stab          0x0000000000004bf0       0x90 /usr/lib/gcc/avr/4.6.2/../../../avr/lib/avrxmega2/libc.a(cmpsf2.o)
                                         0x9c (size before relaxing)
 .stab          0x0000000000004c80      0x318 /usr/lib/gcc/avr/4.6.2/../../../avr/lib/avrxmega2/libc.a(floatsisf.o)
                                        0x324 (size before relaxing)
 .stab          0x0000000000004f98       0x60 /usr/lib/gcc/avr/4.6.2/../../../avr/lib/avrxmega2/libc.a(cty_isfalse.o)
                                         0x6c (size before relaxing)

.stabstr        0x0000000000000000      0x9cc
 *(.stabstr)
 .stabstr       0x0000000000000000      0x9cc /usr/lib/gcc/avr/4.6.2/../../../avr/lib/avrxmega2/crtx32a4u.o

.stab.excl
 *(.stab.excl)

.stab.exclstr
 *(.stab.exclstr)

.stab.index
 *(.stab.index)

.stab.indexstr
 *(.stab.indexstr)

.comment
 *(.comment)

.debug
 *(.debug)

.line
 *(.line)

.debug_srcinfo
 *(.debug_srcinfo)

.debug_sfnames
 *(.debug_sfnames)

.debug_aranges  0x0000000000000000      0x1f0
 *(.debug_aranges)
 .debug_aranges
                0x0000000000000000       0x20 usb/usb_xmega.o
 .debug_aranges
                0x0000000000000020       0x20 usb/usb_requests.o
 .debug_aranges
                0x0000000000000040       0x28 main.o
 .debug_aranges
                0x0000000000000068       0x20 Descriptors.o
 .debug_aranges
                0x0000000000000088       0x20 /usr/lib/gcc/avr/4.6.2/../../../avr/lib/avrxmega2/libprintf_flt.a(vfprintf_flt.o)
 .debug_aranges
                0x00000000000000a8       0x20 /usr/lib/gcc/avr/4.6.2/avrxmega2/libgcc.a(_prologue.o)
 .debug_aranges
                0x00000000000000c8       0x20 /usr/lib/gcc/avr/4.6.2/avrxmega2/libgcc.a(_epilogue.o)
 .debug_aranges
                0x00000000000000e8       0x20 /usr/lib/gcc/avr/4.6.2/avrxmega2/libgcc.a(_exit.o)
 .debug_aranges
                0x0000000000000108       0x20 /usr/lib/gcc/avr/4.6.2/avrxmega2/libgcc.a(_copy_data.o)
 .debug_aranges
                0x0000000000000128       0x20 /usr/lib/gcc/avr/4.6.2/avrxmega2/libgcc.a(_clear_bss.o)
 .debug_aranges
                0x0000000000000148       0x28 /usr/lib/gcc/avr/4.6.2/../../../avr/lib/avrxmega2/libc.a(malloc.o)
 .debug_aranges
                0x0000000000000170       0x20 /usr/lib/gcc/avr/4.6.2/../../../avr/lib/avrxmega2/libc.a(strtok.o)
 .debug_aranges
                0x0000000000000190       0x20 /usr/lib/gcc/avr/4.6.2/../../../avr/lib/avrxmega2/libc.a(fputc.o)
 .debug_aranges
                0x00000000000001b0       0x20 /usr/lib/gcc/avr/4.6.2/../../../avr/lib/avrxmega2/libc.a(sprintf.o)
 .debug_aranges
                0x00000000000001d0       0x20 /usr/lib/gcc/avr/4.6.2/../../../avr/lib/avrxmega2/libc.a(strtod.o)

.debug_pubnames
 *(.debug_pubnames)

.debug_info     0x0000000000000000     0x9a3c
 *(.debug_info)
 .debug_info    0x0000000000000000      0xde8 usb/usb_xmega.o
 .debug_info    0x0000000000000de8     0x1228 usb/usb_requests.o
 .debug_info    0x0000000000002010     0x6200 main.o
 .debug_info    0x0000000000008210      0x7e1 Descriptors.o
 .debug_info    0x00000000000089f1      0x3df /usr/lib/gcc/avr/4.6.2/../../../avr/lib/avrxmega2/libprintf_flt.a(vfprintf_flt.o)
 .debug_info    0x0000000000008dd0       0x9b /usr/lib/gcc/avr/4.6.2/avrxmega2/libgcc.a(_prologue.o)
 .debug_info    0x0000000000008e6b       0x9b /usr/lib/gcc/avr/4.6.2/avrxmega2/libgcc.a(_epilogue.o)
 .debug_info    0x0000000000008f06       0x9b /usr/lib/gcc/avr/4.6.2/avrxmega2/libgcc.a(_exit.o)
 .debug_info    0x0000000000008fa1       0x9b /usr/lib/gcc/avr/4.6.2/avrxmega2/libgcc.a(_copy_data.o)
 .debug_info    0x000000000000903c       0x9b /usr/lib/gcc/avr/4.6.2/avrxmega2/libgcc.a(_clear_bss.o)
 .debug_info    0x00000000000090d7      0x29a /usr/lib/gcc/avr/4.6.2/../../../avr/lib/avrxmega2/libc.a(malloc.o)
 .debug_info    0x0000000000009371       0x92 /usr/lib/gcc/avr/4.6.2/../../../avr/lib/avrxmega2/libc.a(strtok.o)
 .debug_info    0x0000000000009403      0x16b /usr/lib/gcc/avr/4.6.2/../../../avr/lib/avrxmega2/libc.a(fputc.o)
 .debug_info    0x000000000000956e      0x1bb /usr/lib/gcc/avr/4.6.2/../../../avr/lib/avrxmega2/libc.a(sprintf.o)
 .debug_info    0x0000000000009729      0x2d4 /usr/lib/gcc/avr/4.6.2/../../../avr/lib/avrxmega2/libc.a(strtod.o)
 .debug_info    0x00000000000099fd       0x3f /usr/lib/gcc/avr/4.6.2/../../../avr/lib/avrxmega2/libc.a(errno.o)
 *(.gnu.linkonce.wi.*)

.debug_abbrev   0x0000000000000000     0x12f1
 *(.debug_abbrev)
 .debug_abbrev  0x0000000000000000      0x2ee usb/usb_xmega.o
 .debug_abbrev  0x00000000000002ee      0x293 usb/usb_requests.o
 .debug_abbrev  0x0000000000000581      0x4fd main.o
 .debug_abbrev  0x0000000000000a7e      0x1df Descriptors.o
 .debug_abbrev  0x0000000000000c5d      0x161 /usr/lib/gcc/avr/4.6.2/../../../avr/lib/avrxmega2/libprintf_flt.a(vfprintf_flt.o)
 .debug_abbrev  0x0000000000000dbe       0x14 /usr/lib/gcc/avr/4.6.2/avrxmega2/libgcc.a(_prologue.o)
 .debug_abbrev  0x0000000000000dd2       0x14 /usr/lib/gcc/avr/4.6.2/avrxmega2/libgcc.a(_epilogue.o)
 .debug_abbrev  0x0000000000000de6       0x14 /usr/lib/gcc/avr/4.6.2/avrxmega2/libgcc.a(_exit.o)
 .debug_abbrev  0x0000000000000dfa       0x14 /usr/lib/gcc/avr/4.6.2/avrxmega2/libgcc.a(_copy_data.o)
 .debug_abbrev  0x0000000000000e0e       0x14 /usr/lib/gcc/avr/4.6.2/avrxmega2/libgcc.a(_clear_bss.o)
 .debug_abbrev  0x0000000000000e22       0xf7 /usr/lib/gcc/avr/4.6.2/../../../avr/lib/avrxmega2/libc.a(malloc.o)
 .debug_abbrev  0x0000000000000f19       0x77 /usr/lib/gcc/avr/4.6.2/../../../avr/lib/avrxmega2/libc.a(strtok.o)
 .debug_abbrev  0x0000000000000f90       0xdb /usr/lib/gcc/avr/4.6.2/../../../avr/lib/avrxmega2/libc.a(fputc.o)
 .debug_abbrev  0x000000000000106b       0xff /usr/lib/gcc/avr/4.6.2/../../../avr/lib/avrxmega2/libc.a(sprintf.o)
 .debug_abbrev  0x000000000000116a      0x157 /usr/lib/gcc/avr/4.6.2/../../../avr/lib/avrxmega2/libc.a(strtod.o)
 .debug_abbrev  0x00000000000012c1       0x30 /usr/lib/gcc/avr/4.6.2/../../../avr/lib/avrxmega2/libc.a(errno.o)

.debug_line     0x0000000000000000     0x20d9
 *(.debug_line)
 .debug_line    0x0000000000000000      0x135 usb/usb_xmega.o
 .debug_line    0x0000000000000135      0x19d usb/usb_requests.o
 .debug_line    0x00000000000002d2     0x1391 main.o
 .debug_line    0x0000000000001663      0x135 Descriptors.o
 .debug_line    0x0000000000001798      0x31b /usr/lib/gcc/avr/4.6.2/../../../avr/lib/avrxmega2/libprintf_flt.a(vfprintf_flt.o)
 .debug_line    0x0000000000001ab3       0x75 /usr/lib/gcc/avr/4.6.2/avrxmega2/libgcc.a(_prologue.o)
 .debug_line    0x0000000000001b28       0x72 /usr/lib/gcc/avr/4.6.2/avrxmega2/libgcc.a(_epilogue.o)
 .debug_line    0x0000000000001b9a       0x5c /usr/lib/gcc/avr/4.6.2/avrxmega2/libgcc.a(_exit.o)
 .debug_line    0x0000000000001bf6       0x65 /usr/lib/gcc/avr/4.6.2/avrxmega2/libgcc.a(_copy_data.o)
 .debug_line    0x0000000000001c5b       0x62 /usr/lib/gcc/avr/4.6.2/avrxmega2/libgcc.a(_clear_bss.o)
 .debug_line    0x0000000000001cbd      0x126 /usr/lib/gcc/avr/4.6.2/../../../avr/lib/avrxmega2/libc.a(malloc.o)
 .debug_line    0x0000000000001de3       0x4f /usr/lib/gcc/avr/4.6.2/../../../avr/lib/avrxmega2/libc.a(strtok.o)
 .debug_line    0x0000000000001e32       0x7f /usr/lib/gcc/avr/4.6.2/../../../avr/lib/avrxmega2/libc.a(fputc.o)
 .debug_line    0x0000000000001eb1       0xaa /usr/lib/gcc/avr/4.6.2/../../../avr/lib/avrxmega2/libc.a(sprintf.o)
 .debug_line    0x0000000000001f5b      0x141 /usr/lib/gcc/avr/4.6.2/../../../avr/lib/avrxmega2/libc.a(strtod.o)
 .debug_line    0x000000000000209c       0x3d /usr/lib/gcc/avr/4.6.2/../../../avr/lib/avrxmega2/libc.a(errno.o)

.debug_frame    0x0000000000000000      0x81c
 *(.debug_frame)
 .debug_frame   0x0000000000000000       0x88 usb/usb_xmega.o
 .debug_frame   0x0000000000000088       0x3c usb/usb_requests.o
 .debug_frame   0x00000000000000c4      0x5c4 main.o
 .debug_frame   0x0000000000000688       0x24 Descriptors.o
 .debug_frame   0x00000000000006ac       0x4c /usr/lib/gcc/avr/4.6.2/../../../avr/lib/avrxmega2/libprintf_flt.a(vfprintf_flt.o)
 .debug_frame   0x00000000000006f8       0x54 /usr/lib/gcc/avr/4.6.2/../../../avr/lib/avrxmega2/libc.a(malloc.o)
 .debug_frame   0x000000000000074c       0x24 /usr/lib/gcc/avr/4.6.2/../../../avr/lib/avrxmega2/libc.a(strtok.o)
 .debug_frame   0x0000000000000770       0x38 /usr/lib/gcc/avr/4.6.2/../../../avr/lib/avrxmega2/libc.a(fputc.o)
 .debug_frame   0x00000000000007a8       0x30 /usr/lib/gcc/avr/4.6.2/../../../avr/lib/avrxmega2/libc.a(sprintf.o)
 .debug_frame   0x00000000000007d8       0x44 /usr/lib/gcc/avr/4.6.2/../../../avr/lib/avrxmega2/libc.a(strtod.o)

.debug_str      0x0000000000000000     0x1eac
 *(.debug_str)
 .debug_str     0x0000000000000000      0xc72 usb/usb_xmega.o
                                        0xccc (size before relaxing)
 .debug_str     0x0000000000000c72      0x4cf usb/usb_requests.o
                                        0xde8 (size before relaxing)
 .debug_str     0x0000000000001141      0x6db main.o
                                        0xd73 (size before relaxing)
 .debug_str     0x000000000000181c      0x3c5 Descriptors.o
                                        0x73a (size before relaxing)
 .debug_str     0x0000000000001be1       0xfd /usr/lib/gcc/avr/4.6.2/../../../avr/lib/avrxmega2/libprintf_flt.a(vfprintf_flt.o)
                                        0x1a5 (size before relaxing)
 .debug_str     0x0000000000001cde       0xb1 /usr/lib/gcc/avr/4.6.2/../../../avr/lib/avrxmega2/libc.a(malloc.o)
                                        0x17e (size before relaxing)
 .debug_str     0x0000000000001d8f       0x2e /usr/lib/gcc/avr/4.6.2/../../../avr/lib/avrxmega2/libc.a(strtok.o)
                                         0x91 (size before relaxing)
 .debug_str     0x0000000000001dbd       0x25 /usr/lib/gcc/avr/4.6.2/../../../avr/lib/avrxmega2/libc.a(fputc.o)
                                        0x10f (size before relaxing)
 .debug_str     0x0000000000001de2       0x29 /usr/lib/gcc/avr/4.6.2/../../../avr/lib/avrxmega2/libc.a(sprintf.o)
                                        0x135 (size before relaxing)
 .debug_str     0x0000000000001e0b       0x81 /usr/lib/gcc/avr/4.6.2/../../../avr/lib/avrxmega2/libc.a(strtod.o)
                                        0x169 (size before relaxing)
 .debug_str     0x0000000000001e8c       0x20 /usr/lib/gcc/avr/4.6.2/../../../avr/lib/avrxmega2/libc.a(errno.o)
                                         0x77 (size before relaxing)

.debug_loc      0x0000000000000000     0x65e9
 *(.debug_loc)
 .debug_loc     0x0000000000000000      0x1bc usb/usb_xmega.o
 .debug_loc     0x00000000000001bc      0x3db usb/usb_requests.o
 .debug_loc     0x0000000000000597     0x4d0c main.o
 .debug_loc     0x00000000000052a3      0x225 Descriptors.o
 .debug_loc     0x00000000000054c8      0x863 /usr/lib/gcc/avr/4.6.2/../../../avr/lib/avrxmega2/libprintf_flt.a(vfprintf_flt.o)
 .debug_loc     0x0000000000005d2b      0x421 /usr/lib/gcc/avr/4.6.2/../../../avr/lib/avrxmega2/libc.a(malloc.o)
 .debug_loc     0x000000000000614c       0x30 /usr/lib/gcc/avr/4.6.2/../../../avr/lib/avrxmega2/libc.a(strtok.o)
 .debug_loc     0x000000000000617c       0x99 /usr/lib/gcc/avr/4.6.2/../../../avr/lib/avrxmega2/libc.a(fputc.o)
 .debug_loc     0x0000000000006215       0x21 /usr/lib/gcc/avr/4.6.2/../../../avr/lib/avrxmega2/libc.a(sprintf.o)
 .debug_loc     0x0000000000006236      0x3b3 /usr/lib/gcc/avr/4.6.2/../../../avr/lib/avrxmega2/libc.a(strtod.o)

.debug_macinfo
 *(.debug_macinfo)
OUTPUT(framework.elf elf32-avr)
LOAD linker stubs

.debug_ranges   0x0000000000000000     0x2000
 .debug_ranges  0x0000000000000000      0x170 usb/usb_requests.o
 .debug_ranges  0x0000000000000170     0x1e10 main.o
 .debug_ranges  0x0000000000001f80       0x28 /usr/lib/gcc/avr/4.6.2/../../../avr/lib/avrxmega2/libprintf_flt.a(vfprintf_flt.o)
 .debug_ranges  0x0000000000001fa8       0x18 /usr/lib/gcc/avr/4.6.2/../../../avr/lib/avrxmega2/libc.a(malloc.o)
 .debug_ranges  0x0000000000001fc0       0x10 /usr/lib/gcc/avr/4.6.2/../../../avr/lib/avrxmega2/libc.a(strtok.o)
 .debug_ranges  0x0000000000001fd0       0x10 /usr/lib/gcc/avr/4.6.2/../../../avr/lib/avrxmega2/libc.a(fputc.o)
 .debug_ranges  0x0000000000001fe0       0x10 /usr/lib/gcc/avr/4.6.2/../../../avr/lib/avrxmega2/libc.a(sprintf.o)
 .debug_ranges  0x0000000000001ff0       0x10 /usr/lib/gcc/avr/4.6.2/../../../avr/lib/avrxmega2/libc.a(strtod.o)

Cross Reference Table

Symbol                                            File
CALLBACK_USB_GetDescriptor                        Descriptors.o
                                                  usb/usb_requests.o
ClearGprsMsg                                      main.o
EVENT_USB_Device_ConfigurationChanged             main.o
                                                  usb/usb_xmega.o
                                                  usb/usb_requests.o
EVENT_USB_Device_ControlOUT                       main.o
                                                  usb/usb_xmega.o
EVENT_USB_Device_ControlRequest                   main.o
                                                  usb/usb_xmega.o
                                                  usb/usb_requests.o
EVENT_USB_Device_Reset                            usb/usb_xmega.o
EVENT_USB_Device_SetInterface                     usb/usb_xmega.o
                                                  usb/usb_requests.o
EVENT_USB_Device_StartOfFrame                     usb/usb_xmega.o
EVENT_USB_Device_Suspend                          usb/usb_xmega.o
EVENT_USB_Device_WakeUp                           usb/usb_xmega.o
GprsReadSmsStore                                  main.o
GprsTextModeSMS                                   main.o
ProcessGprsMsg                                    main.o
ProcessSms                                        main.o
ReceiveTextMessage                                main.o
SerialInByte                                      main.o
SimpleReceive                                     main.o
SmsContentFlag                                    main.o
USB_ConfigureClock                                usb/usb_xmega.o
                                                  main.o
USB_DeviceState                                   usb/usb_requests.o
                                                  usb/usb_xmega.o
USB_Device_ConfigurationNumber                    usb/usb_requests.o
                                                  usb/usb_xmega.o
USB_Event_Stub                                    usb/usb_xmega.o
USB_Event_Stub_Bool                               usb/usb_xmega.o
USB_HandleSetup                                   usb/usb_requests.o
                                                  main.o
USB_Init                                          usb/usb_xmega.o
                                                  main.o
USB_ResetInterface                                usb/usb_xmega.o
USB_ep0_send_progmem                              usb/usb_xmega.o
                                                  main.o
                                                  usb/usb_requests.o
XmegaExample_ConfigurationDescriptor              Descriptors.o
XmegaExample_DeviceDescriptor                     Descriptors.o
XmegaExample_LanguageString                       Descriptors.o
XmegaExample_ManufacturerString                   Descriptors.o
XmegaExample_ProductString                        Descriptors.o
__addsf3                                          /usr/lib/gcc/avr/4.6.2/../../../avr/lib/avrxmega2/libm.a(addsf3.o)
                                                  /usr/lib/gcc/avr/4.6.2/../../../avr/lib/avrxmega2/libm.a(atan2.o)
                                                  main.o
__addsf3x                                         /usr/lib/gcc/avr/4.6.2/../../../avr/lib/avrxmega2/libm.a(addsf3x.o)
                                                  /usr/lib/gcc/avr/4.6.2/../../../avr/lib/avrxmega2/libm.a(fp_sinus.o)
                                                  /usr/lib/gcc/avr/4.6.2/../../../avr/lib/avrxmega2/libm.a(fp_powser.o)
                                                  /usr/lib/gcc/avr/4.6.2/../../../avr/lib/avrxmega2/libm.a(atan.o)
                                                  /usr/lib/gcc/avr/4.6.2/../../../avr/lib/avrxmega2/libm.a(addsf3.o)
__bad_interrupt                                   /usr/lib/gcc/avr/4.6.2/../../../avr/lib/avrxmega2/crtx32a4u.o
__brkval                                          /usr/lib/gcc/avr/4.6.2/../../../avr/lib/avrxmega2/libc.a(malloc.o)
__bss_end                                         /usr/lib/gcc/avr/4.6.2/avrxmega2/libgcc.a(_clear_bss.o)
__bss_start                                       /usr/lib/gcc/avr/4.6.2/avrxmega2/libgcc.a(_clear_bss.o)
__cmpsf2                                          /usr/lib/gcc/avr/4.6.2/../../../avr/lib/avrxmega2/libc.a(cmpsf2.o)
__ctype_isfalse                                   /usr/lib/gcc/avr/4.6.2/../../../avr/lib/avrxmega2/libc.a(cty_isfalse.o)
                                                  /usr/lib/gcc/avr/4.6.2/../../../avr/lib/avrxmega2/libc.a(isspace.o)
__ctype_istrue                                    /usr/lib/gcc/avr/4.6.2/../../../avr/lib/avrxmega2/libc.a(cty_isfalse.o)
__data_end                                        /usr/lib/gcc/avr/4.6.2/avrxmega2/libgcc.a(_copy_data.o)
__data_load_start                                 /usr/lib/gcc/avr/4.6.2/avrxmega2/libgcc.a(_copy_data.o)
__data_start                                      /usr/lib/gcc/avr/4.6.2/avrxmega2/libgcc.a(_copy_data.o)
__divsf3                                          /usr/lib/gcc/avr/4.6.2/../../../avr/lib/avrxmega2/libm.a(divsf3.o)
                                                  /usr/lib/gcc/avr/4.6.2/../../../avr/lib/avrxmega2/libm.a(inverse.o)
                                                  main.o
__divsf3_pse                                      /usr/lib/gcc/avr/4.6.2/../../../avr/lib/avrxmega2/libm.a(divsf3x.o)
                                                  /usr/lib/gcc/avr/4.6.2/../../../avr/lib/avrxmega2/libm.a(atan2.o)
__divsf3x                                         /usr/lib/gcc/avr/4.6.2/../../../avr/lib/avrxmega2/libm.a(divsf3x.o)
                                                  /usr/lib/gcc/avr/4.6.2/../../../avr/lib/avrxmega2/libm.a(divsf3.o)
__do_clear_bss                                    /usr/lib/gcc/avr/4.6.2/avrxmega2/libgcc.a(_clear_bss.o)
                                                  /usr/lib/gcc/avr/4.6.2/../../../avr/lib/avrxmega2/libc.a(errno.o)
                                                  /usr/lib/gcc/avr/4.6.2/../../../avr/lib/avrxmega2/libc.a(strtod.o)
                                                  /usr/lib/gcc/avr/4.6.2/../../../avr/lib/avrxmega2/libc.a(sprintf.o)
                                                  /usr/lib/gcc/avr/4.6.2/../../../avr/lib/avrxmega2/libc.a(fputc.o)
                                                  /usr/lib/gcc/avr/4.6.2/../../../avr/lib/avrxmega2/libc.a(strtok.o)
                                                  /usr/lib/gcc/avr/4.6.2/../../../avr/lib/avrxmega2/libc.a(malloc.o)
                                                  /usr/lib/gcc/avr/4.6.2/../../../avr/lib/avrxmega2/libprintf_flt.a(vfprintf_flt.o)
                                                  Descriptors.o
                                                  main.o
                                                  usb/usb_requests.o
                                                  usb/usb_xmega.o
__do_copy_data                                    /usr/lib/gcc/avr/4.6.2/avrxmega2/libgcc.a(_copy_data.o)
                                                  /usr/lib/gcc/avr/4.6.2/../../../avr/lib/avrxmega2/libc.a(errno.o)
                                                  /usr/lib/gcc/avr/4.6.2/../../../avr/lib/avrxmega2/libc.a(strtod.o)
                                                  /usr/lib/gcc/avr/4.6.2/../../../avr/lib/avrxmega2/libc.a(sprintf.o)
                                                  /usr/lib/gcc/avr/4.6.2/../../../avr/lib/avrxmega2/libc.a(fputc.o)
                                                  /usr/lib/gcc/avr/4.6.2/../../../avr/lib/avrxmega2/libc.a(strtok.o)
                                                  /usr/lib/gcc/avr/4.6.2/../../../avr/lib/avrxmega2/libc.a(malloc.o)
                                                  /usr/lib/gcc/avr/4.6.2/../../../avr/lib/avrxmega2/libprintf_flt.a(vfprintf_flt.o)
                                                  Descriptors.o
                                                  main.o
                                                  usb/usb_requests.o
                                                  usb/usb_xmega.o
__eerd_block_x32a4u                               /usr/lib/gcc/avr/4.6.2/../../../avr/lib/avrxmega2/libc.a(eerd_block_atxmega32a4u.o)
                                                  main.o
__eerd_byte_x32c4                                 /usr/lib/gcc/avr/4.6.2/../../../avr/lib/avrxmega2/libc.a(eerd_byte_atxmega32c4.o)
__eeupd_block_x32a4u                              /usr/lib/gcc/avr/4.6.2/../../../avr/lib/avrxmega2/libc.a(eeupd_block_atxmega32a4u.o)
                                                  main.o
__eeupd_byte_x32a4u                               /usr/lib/gcc/avr/4.6.2/../../../avr/lib/avrxmega2/libc.a(eeupd_byte_atxmega32a4u.o)
__eeupd_r18_x32a4u                                /usr/lib/gcc/avr/4.6.2/../../../avr/lib/avrxmega2/libc.a(eeupd_byte_atxmega32a4u.o)
                                                  /usr/lib/gcc/avr/4.6.2/../../../avr/lib/avrxmega2/libc.a(eeupd_block_atxmega32a4u.o)
__eewr_byte_x32a4u                                /usr/lib/gcc/avr/4.6.2/../../../avr/lib/avrxmega2/libc.a(eewr_byte_atxmega32a4u.o)
__eewr_r18_x32a4u                                 /usr/lib/gcc/avr/4.6.2/../../../avr/lib/avrxmega2/libc.a(eewr_byte_atxmega32a4u.o)
                                                  /usr/lib/gcc/avr/4.6.2/../../../avr/lib/avrxmega2/libc.a(eeupd_byte_atxmega32a4u.o)
__epilogue_restores__                             /usr/lib/gcc/avr/4.6.2/avrxmega2/libgcc.a(_epilogue.o)
                                                  /usr/lib/gcc/avr/4.6.2/../../../avr/lib/avrxmega2/libc.a(strtod.o)
                                                  /usr/lib/gcc/avr/4.6.2/../../../avr/lib/avrxmega2/libc.a(sprintf.o)
                                                  /usr/lib/gcc/avr/4.6.2/../../../avr/lib/avrxmega2/libprintf_flt.a(vfprintf_flt.o)
__eqsf2                                           /usr/lib/gcc/avr/4.6.2/../../../avr/lib/avrxmega2/libc.a(cmpsf2.o)
                                                  /usr/lib/gcc/avr/4.6.2/../../../avr/lib/avrxmega2/libc.a(strtod.o)
__floatsisf                                       /usr/lib/gcc/avr/4.6.2/../../../avr/lib/avrxmega2/libc.a(floatsisf.o)
__floatunsisf                                     /usr/lib/gcc/avr/4.6.2/../../../avr/lib/avrxmega2/libc.a(floatsisf.o)
                                                  /usr/lib/gcc/avr/4.6.2/../../../avr/lib/avrxmega2/libc.a(strtod.o)
__flp                                             /usr/lib/gcc/avr/4.6.2/../../../avr/lib/avrxmega2/libc.a(malloc.o)
__fp_cmp                                          /usr/lib/gcc/avr/4.6.2/../../../avr/lib/avrxmega2/libm.a(fp_cmp.o)
                                                  /usr/lib/gcc/avr/4.6.2/../../../avr/lib/avrxmega2/libc.a(cmpsf2.o)
                                                  /usr/lib/gcc/avr/4.6.2/../../../avr/lib/avrxmega2/libm.a(gesf2.o)
__fp_inf                                          /usr/lib/gcc/avr/4.6.2/../../../avr/lib/avrxmega2/libm.a(fp_inf.o)
                                                  /usr/lib/gcc/avr/4.6.2/../../../avr/lib/avrxmega2/libm.a(mulsf3x.o)
                                                  /usr/lib/gcc/avr/4.6.2/../../../avr/lib/avrxmega2/libm.a(divsf3x.o)
                                                  /usr/lib/gcc/avr/4.6.2/../../../avr/lib/avrxmega2/libm.a(addsf3x.o)
__fp_mpack                                        /usr/lib/gcc/avr/4.6.2/../../../avr/lib/avrxmega2/libm.a(fp_mpack.o)
                                                  /usr/lib/gcc/avr/4.6.2/../../../avr/lib/avrxmega2/libm.a(sqrt.o)
__fp_mpack_finite                                 /usr/lib/gcc/avr/4.6.2/../../../avr/lib/avrxmega2/libm.a(fp_mpack.o)
                                                  /usr/lib/gcc/avr/4.6.2/../../../avr/lib/avrxmega2/libm.a(fp_rempio2.o)
__fp_nan                                          /usr/lib/gcc/avr/4.6.2/../../../avr/lib/avrxmega2/libm.a(fp_nan.o)
                                                  /usr/lib/gcc/avr/4.6.2/../../../avr/lib/avrxmega2/libm.a(sqrt.o)
                                                  /usr/lib/gcc/avr/4.6.2/../../../avr/lib/avrxmega2/libm.a(mulsf3x.o)
                                                  /usr/lib/gcc/avr/4.6.2/../../../avr/lib/avrxmega2/libm.a(fp_rempio2.o)
                                                  /usr/lib/gcc/avr/4.6.2/../../../avr/lib/avrxmega2/libm.a(divsf3x.o)
                                                  /usr/lib/gcc/avr/4.6.2/../../../avr/lib/avrxmega2/libm.a(atan2.o)
                                                  /usr/lib/gcc/avr/4.6.2/../../../avr/lib/avrxmega2/libm.a(addsf3x.o)
__fp_norm2                                        /usr/lib/gcc/avr/4.6.2/../../../avr/lib/avrxmega2/libm.a(fp_norm2.o)
                                                  /usr/lib/gcc/avr/4.6.2/../../../avr/lib/avrxmega2/libm.a(sqrt.o)
__fp_powser                                       /usr/lib/gcc/avr/4.6.2/../../../avr/lib/avrxmega2/libm.a(fp_powser.o)
                                                  /usr/lib/gcc/avr/4.6.2/../../../avr/lib/avrxmega2/libm.a(fp_powsodd.o)
                                                  /usr/lib/gcc/avr/4.6.2/../../../avr/lib/avrxmega2/libm.a(atan.o)
__fp_powsodd                                      /usr/lib/gcc/avr/4.6.2/../../../avr/lib/avrxmega2/libm.a(fp_powsodd.o)
                                                  /usr/lib/gcc/avr/4.6.2/../../../avr/lib/avrxmega2/libm.a(fp_sinus.o)
__fp_pscA                                         /usr/lib/gcc/avr/4.6.2/../../../avr/lib/avrxmega2/libm.a(fp_pscA.o)
                                                  /usr/lib/gcc/avr/4.6.2/../../../avr/lib/avrxmega2/libm.a(mulsf3x.o)
                                                  /usr/lib/gcc/avr/4.6.2/../../../avr/lib/avrxmega2/libm.a(divsf3x.o)
                                                  /usr/lib/gcc/avr/4.6.2/../../../avr/lib/avrxmega2/libm.a(atan2.o)
                                                  /usr/lib/gcc/avr/4.6.2/../../../avr/lib/avrxmega2/libm.a(addsf3x.o)
__fp_pscB                                         /usr/lib/gcc/avr/4.6.2/../../../avr/lib/avrxmega2/libm.a(fp_pscB.o)
                                                  /usr/lib/gcc/avr/4.6.2/../../../avr/lib/avrxmega2/libm.a(mulsf3x.o)
                                                  /usr/lib/gcc/avr/4.6.2/../../../avr/lib/avrxmega2/libm.a(divsf3x.o)
                                                  /usr/lib/gcc/avr/4.6.2/../../../avr/lib/avrxmega2/libm.a(atan2.o)
                                                  /usr/lib/gcc/avr/4.6.2/../../../avr/lib/avrxmega2/libm.a(addsf3x.o)
__fp_rempio2                                      /usr/lib/gcc/avr/4.6.2/../../../avr/lib/avrxmega2/libm.a(fp_rempio2.o)
                                                  /usr/lib/gcc/avr/4.6.2/../../../avr/lib/avrxmega2/libm.a(sin.o)
                                                  /usr/lib/gcc/avr/4.6.2/../../../avr/lib/avrxmega2/libm.a(cos.o)
__fp_round                                        /usr/lib/gcc/avr/4.6.2/../../../avr/lib/avrxmega2/libm.a(fp_round.o)
                                                  /usr/lib/gcc/avr/4.6.2/../../../avr/lib/avrxmega2/libm.a(mulsf3.o)
                                                  /usr/lib/gcc/avr/4.6.2/../../../avr/lib/avrxmega2/libm.a(fp_sinus.o)
                                                  /usr/lib/gcc/avr/4.6.2/../../../avr/lib/avrxmega2/libm.a(divsf3.o)
                                                  /usr/lib/gcc/avr/4.6.2/../../../avr/lib/avrxmega2/libm.a(atan.o)
                                                  /usr/lib/gcc/avr/4.6.2/../../../avr/lib/avrxmega2/libm.a(atan2.o)
                                                  /usr/lib/gcc/avr/4.6.2/../../../avr/lib/avrxmega2/libm.a(addsf3.o)
__fp_sinus                                        /usr/lib/gcc/avr/4.6.2/../../../avr/lib/avrxmega2/libm.a(fp_sinus.o)
                                                  /usr/lib/gcc/avr/4.6.2/../../../avr/lib/avrxmega2/libm.a(sin.o)
                                                  /usr/lib/gcc/avr/4.6.2/../../../avr/lib/avrxmega2/libm.a(cos.o)
__fp_split3                                       /usr/lib/gcc/avr/4.6.2/../../../avr/lib/avrxmega2/libm.a(fp_split3.o)
                                                  /usr/lib/gcc/avr/4.6.2/../../../avr/lib/avrxmega2/libm.a(mulsf3x.o)
                                                  /usr/lib/gcc/avr/4.6.2/../../../avr/lib/avrxmega2/libm.a(divsf3x.o)
                                                  /usr/lib/gcc/avr/4.6.2/../../../avr/lib/avrxmega2/libm.a(atan2.o)
                                                  /usr/lib/gcc/avr/4.6.2/../../../avr/lib/avrxmega2/libm.a(addsf3x.o)
__fp_splitA                                       /usr/lib/gcc/avr/4.6.2/../../../avr/lib/avrxmega2/libm.a(fp_split3.o)
                                                  /usr/lib/gcc/avr/4.6.2/../../../avr/lib/avrxmega2/libm.a(sqrt.o)
                                                  /usr/lib/gcc/avr/4.6.2/../../../avr/lib/avrxmega2/libm.a(fp_rempio2.o)
__fp_szero                                        /usr/lib/gcc/avr/4.6.2/../../../avr/lib/avrxmega2/libm.a(fp_zero.o)
                                                  /usr/lib/gcc/avr/4.6.2/../../../avr/lib/avrxmega2/libm.a(mulsf3x.o)
                                                  /usr/lib/gcc/avr/4.6.2/../../../avr/lib/avrxmega2/libm.a(divsf3x.o)
__fp_zero                                         /usr/lib/gcc/avr/4.6.2/../../../avr/lib/avrxmega2/libm.a(fp_zero.o)
                                                  /usr/lib/gcc/avr/4.6.2/../../../avr/lib/avrxmega2/libm.a(atan2.o)
                                                  /usr/lib/gcc/avr/4.6.2/../../../avr/lib/avrxmega2/libm.a(addsf3x.o)
__ftoa_engine                                     /usr/lib/gcc/avr/4.6.2/../../../avr/lib/avrxmega2/libc.a(ftoa_engine.o)
                                                  /usr/lib/gcc/avr/4.6.2/../../../avr/lib/avrxmega2/libprintf_flt.a(vfprintf_flt.o)
__gesf2                                           /usr/lib/gcc/avr/4.6.2/../../../avr/lib/avrxmega2/libm.a(gesf2.o)
__gtsf2                                           /usr/lib/gcc/avr/4.6.2/../../../avr/lib/avrxmega2/libm.a(gesf2.o)
                                                  main.o
__heap_end                                        /usr/lib/gcc/avr/4.6.2/../../../avr/lib/avrxmega2/crtx32a4u.o
                                                  /usr/lib/gcc/avr/4.6.2/../../../avr/lib/avrxmega2/libc.a(malloc.o)
__heap_start                                      /usr/lib/gcc/avr/4.6.2/../../../avr/lib/avrxmega2/libc.a(malloc.o)
__init                                            /usr/lib/gcc/avr/4.6.2/../../../avr/lib/avrxmega2/crtx32a4u.o
__lesf2                                           /usr/lib/gcc/avr/4.6.2/../../../avr/lib/avrxmega2/libc.a(cmpsf2.o)
__ltsf2                                           /usr/lib/gcc/avr/4.6.2/../../../avr/lib/avrxmega2/libc.a(cmpsf2.o)
__malloc_heap_end                                 /usr/lib/gcc/avr/4.6.2/../../../avr/lib/avrxmega2/libc.a(malloc.o)
__malloc_heap_start                               /usr/lib/gcc/avr/4.6.2/../../../avr/lib/avrxmega2/libc.a(malloc.o)
__malloc_margin                                   /usr/lib/gcc/avr/4.6.2/../../../avr/lib/avrxmega2/libc.a(malloc.o)
__mulsf3                                          /usr/lib/gcc/avr/4.6.2/../../../avr/lib/avrxmega2/libm.a(mulsf3.o)
                                                  /usr/lib/gcc/avr/4.6.2/../../../avr/lib/avrxmega2/libc.a(strtod.o)
                                                  /usr/lib/gcc/avr/4.6.2/../../../avr/lib/avrxmega2/libm.a(fp_powsodd.o)
                                                  /usr/lib/gcc/avr/4.6.2/../../../avr/lib/avrxmega2/libm.a(square.o)
                                                  main.o
__mulsf3_pse                                      /usr/lib/gcc/avr/4.6.2/../../../avr/lib/avrxmega2/libm.a(mulsf3x.o)
__mulsf3x                                         /usr/lib/gcc/avr/4.6.2/../../../avr/lib/avrxmega2/libm.a(mulsf3x.o)
                                                  /usr/lib/gcc/avr/4.6.2/../../../avr/lib/avrxmega2/libm.a(mulsf3.o)
                                                  /usr/lib/gcc/avr/4.6.2/../../../avr/lib/avrxmega2/libm.a(fp_powser.o)
                                                  /usr/lib/gcc/avr/4.6.2/../../../avr/lib/avrxmega2/libm.a(atan.o)
__nesf2                                           /usr/lib/gcc/avr/4.6.2/../../../avr/lib/avrxmega2/libc.a(cmpsf2.o)
                                                  /usr/lib/gcc/avr/4.6.2/../../../avr/lib/avrxmega2/libc.a(strtod.o)
__prologue_saves__                                /usr/lib/gcc/avr/4.6.2/avrxmega2/libgcc.a(_prologue.o)
                                                  /usr/lib/gcc/avr/4.6.2/../../../avr/lib/avrxmega2/libc.a(strtod.o)
                                                  /usr/lib/gcc/avr/4.6.2/../../../avr/lib/avrxmega2/libc.a(sprintf.o)
                                                  /usr/lib/gcc/avr/4.6.2/../../../avr/lib/avrxmega2/libprintf_flt.a(vfprintf_flt.o)
__stack                                           /usr/lib/gcc/avr/4.6.2/../../../avr/lib/avrxmega2/crtx32a4u.o
__subsf3                                          /usr/lib/gcc/avr/4.6.2/../../../avr/lib/avrxmega2/libm.a(addsf3.o)
                                                  main.o
__ultoa_invert                                    /usr/lib/gcc/avr/4.6.2/../../../avr/lib/avrxmega2/libc.a(ultoa_invert.o)
                                                  /usr/lib/gcc/avr/4.6.2/../../../avr/lib/avrxmega2/libprintf_flt.a(vfprintf_flt.o)
__vector_1                                        /usr/lib/gcc/avr/4.6.2/../../../avr/lib/avrxmega2/crtx32a4u.o
__vector_10                                       /usr/lib/gcc/avr/4.6.2/../../../avr/lib/avrxmega2/crtx32a4u.o
__vector_100                                      /usr/lib/gcc/avr/4.6.2/../../../avr/lib/avrxmega2/crtx32a4u.o
__vector_101                                      /usr/lib/gcc/avr/4.6.2/../../../avr/lib/avrxmega2/crtx32a4u.o
__vector_102                                      /usr/lib/gcc/avr/4.6.2/../../../avr/lib/avrxmega2/crtx32a4u.o
__vector_103                                      /usr/lib/gcc/avr/4.6.2/../../../avr/lib/avrxmega2/crtx32a4u.o
__vector_104                                      /usr/lib/gcc/avr/4.6.2/../../../avr/lib/avrxmega2/crtx32a4u.o
__vector_105                                      /usr/lib/gcc/avr/4.6.2/../../../avr/lib/avrxmega2/crtx32a4u.o
__vector_106                                      /usr/lib/gcc/avr/4.6.2/../../../avr/lib/avrxmega2/crtx32a4u.o
__vector_107                                      /usr/lib/gcc/avr/4.6.2/../../../avr/lib/avrxmega2/crtx32a4u.o
__vector_108                                      /usr/lib/gcc/avr/4.6.2/../../../avr/lib/avrxmega2/crtx32a4u.o
__vector_109                                      /usr/lib/gcc/avr/4.6.2/../../../avr/lib/avrxmega2/crtx32a4u.o
__vector_11                                       /usr/lib/gcc/avr/4.6.2/../../../avr/lib/avrxmega2/crtx32a4u.o
__vector_110                                      /usr/lib/gcc/avr/4.6.2/../../../avr/lib/avrxmega2/crtx32a4u.o
__vector_111                                      /usr/lib/gcc/avr/4.6.2/../../../avr/lib/avrxmega2/crtx32a4u.o
__vector_112                                      /usr/lib/gcc/avr/4.6.2/../../../avr/lib/avrxmega2/crtx32a4u.o
__vector_113                                      /usr/lib/gcc/avr/4.6.2/../../../avr/lib/avrxmega2/crtx32a4u.o
__vector_114                                      /usr/lib/gcc/avr/4.6.2/../../../avr/lib/avrxmega2/crtx32a4u.o
__vector_115                                      /usr/lib/gcc/avr/4.6.2/../../../avr/lib/avrxmega2/crtx32a4u.o
__vector_116                                      /usr/lib/gcc/avr/4.6.2/../../../avr/lib/avrxmega2/crtx32a4u.o
__vector_117                                      /usr/lib/gcc/avr/4.6.2/../../../avr/lib/avrxmega2/crtx32a4u.o
__vector_118                                      /usr/lib/gcc/avr/4.6.2/../../../avr/lib/avrxmega2/crtx32a4u.o
__vector_119                                      /usr/lib/gcc/avr/4.6.2/../../../avr/lib/avrxmega2/crtx32a4u.o
__vector_12                                       /usr/lib/gcc/avr/4.6.2/../../../avr/lib/avrxmega2/crtx32a4u.o
__vector_120                                      /usr/lib/gcc/avr/4.6.2/../../../avr/lib/avrxmega2/crtx32a4u.o
__vector_121                                      /usr/lib/gcc/avr/4.6.2/../../../avr/lib/avrxmega2/crtx32a4u.o
__vector_122                                      /usr/lib/gcc/avr/4.6.2/../../../avr/lib/avrxmega2/crtx32a4u.o
__vector_123                                      /usr/lib/gcc/avr/4.6.2/../../../avr/lib/avrxmega2/crtx32a4u.o
__vector_124                                      /usr/lib/gcc/avr/4.6.2/../../../avr/lib/avrxmega2/crtx32a4u.o
__vector_125                                      main.o
                                                  /usr/lib/gcc/avr/4.6.2/../../../avr/lib/avrxmega2/crtx32a4u.o
__vector_126                                      main.o
                                                  /usr/lib/gcc/avr/4.6.2/../../../avr/lib/avrxmega2/crtx32a4u.o
__vector_13                                       /usr/lib/gcc/avr/4.6.2/../../../avr/lib/avrxmega2/crtx32a4u.o
__vector_14                                       /usr/lib/gcc/avr/4.6.2/../../../avr/lib/avrxmega2/crtx32a4u.o
__vector_15                                       /usr/lib/gcc/avr/4.6.2/../../../avr/lib/avrxmega2/crtx32a4u.o
__vector_16                                       /usr/lib/gcc/avr/4.6.2/../../../avr/lib/avrxmega2/crtx32a4u.o
__vector_17                                       /usr/lib/gcc/avr/4.6.2/../../../avr/lib/avrxmega2/crtx32a4u.o
__vector_18                                       /usr/lib/gcc/avr/4.6.2/../../../avr/lib/avrxmega2/crtx32a4u.o
__vector_19                                       /usr/lib/gcc/avr/4.6.2/../../../avr/lib/avrxmega2/crtx32a4u.o
__vector_2                                        /usr/lib/gcc/avr/4.6.2/../../../avr/lib/avrxmega2/crtx32a4u.o
__vector_20                                       /usr/lib/gcc/avr/4.6.2/../../../avr/lib/avrxmega2/crtx32a4u.o
__vector_21                                       /usr/lib/gcc/avr/4.6.2/../../../avr/lib/avrxmega2/crtx32a4u.o
__vector_22                                       /usr/lib/gcc/avr/4.6.2/../../../avr/lib/avrxmega2/crtx32a4u.o
__vector_23                                       /usr/lib/gcc/avr/4.6.2/../../../avr/lib/avrxmega2/crtx32a4u.o
__vector_24                                       /usr/lib/gcc/avr/4.6.2/../../../avr/lib/avrxmega2/crtx32a4u.o
__vector_25                                       /usr/lib/gcc/avr/4.6.2/../../../avr/lib/avrxmega2/crtx32a4u.o
__vector_26                                       /usr/lib/gcc/avr/4.6.2/../../../avr/lib/avrxmega2/crtx32a4u.o
__vector_27                                       /usr/lib/gcc/avr/4.6.2/../../../avr/lib/avrxmega2/crtx32a4u.o
__vector_28                                       /usr/lib/gcc/avr/4.6.2/../../../avr/lib/avrxmega2/crtx32a4u.o
__vector_29                                       /usr/lib/gcc/avr/4.6.2/../../../avr/lib/avrxmega2/crtx32a4u.o
__vector_3                                        /usr/lib/gcc/avr/4.6.2/../../../avr/lib/avrxmega2/crtx32a4u.o
__vector_30                                       /usr/lib/gcc/avr/4.6.2/../../../avr/lib/avrxmega2/crtx32a4u.o
__vector_31                                       /usr/lib/gcc/avr/4.6.2/../../../avr/lib/avrxmega2/crtx32a4u.o
__vector_32                                       /usr/lib/gcc/avr/4.6.2/../../../avr/lib/avrxmega2/crtx32a4u.o
__vector_33                                       /usr/lib/gcc/avr/4.6.2/../../../avr/lib/avrxmega2/crtx32a4u.o
__vector_34                                       /usr/lib/gcc/avr/4.6.2/../../../avr/lib/avrxmega2/crtx32a4u.o
__vector_35                                       /usr/lib/gcc/avr/4.6.2/../../../avr/lib/avrxmega2/crtx32a4u.o
__vector_36                                       /usr/lib/gcc/avr/4.6.2/../../../avr/lib/avrxmega2/crtx32a4u.o
__vector_37                                       /usr/lib/gcc/avr/4.6.2/../../../avr/lib/avrxmega2/crtx32a4u.o
__vector_38                                       /usr/lib/gcc/avr/4.6.2/../../../avr/lib/avrxmega2/crtx32a4u.o
__vector_39                                       /usr/lib/gcc/avr/4.6.2/../../../avr/lib/avrxmega2/crtx32a4u.o
__vector_4                                        /usr/lib/gcc/avr/4.6.2/../../../avr/lib/avrxmega2/crtx32a4u.o
__vector_40                                       /usr/lib/gcc/avr/4.6.2/../../../avr/lib/avrxmega2/crtx32a4u.o
__vector_41                                       /usr/lib/gcc/avr/4.6.2/../../../avr/lib/avrxmega2/crtx32a4u.o
__vector_42                                       /usr/lib/gcc/avr/4.6.2/../../../avr/lib/avrxmega2/crtx32a4u.o
__vector_43                                       /usr/lib/gcc/avr/4.6.2/../../../avr/lib/avrxmega2/crtx32a4u.o
__vector_44                                       /usr/lib/gcc/avr/4.6.2/../../../avr/lib/avrxmega2/crtx32a4u.o
__vector_45                                       /usr/lib/gcc/avr/4.6.2/../../../avr/lib/avrxmega2/crtx32a4u.o
__vector_46                                       /usr/lib/gcc/avr/4.6.2/../../../avr/lib/avrxmega2/crtx32a4u.o
__vector_47                                       /usr/lib/gcc/avr/4.6.2/../../../avr/lib/avrxmega2/crtx32a4u.o
__vector_48                                       /usr/lib/gcc/avr/4.6.2/../../../avr/lib/avrxmega2/crtx32a4u.o
__vector_49                                       /usr/lib/gcc/avr/4.6.2/../../../avr/lib/avrxmega2/crtx32a4u.o
__vector_5                                        /usr/lib/gcc/avr/4.6.2/../../../avr/lib/avrxmega2/crtx32a4u.o
__vector_50                                       /usr/lib/gcc/avr/4.6.2/../../../avr/lib/avrxmega2/crtx32a4u.o
__vector_51                                       /usr/lib/gcc/avr/4.6.2/../../../avr/lib/avrxmega2/crtx32a4u.o
__vector_52                                       /usr/lib/gcc/avr/4.6.2/../../../avr/lib/avrxmega2/crtx32a4u.o
__vector_53                                       /usr/lib/gcc/avr/4.6.2/../../../avr/lib/avrxmega2/crtx32a4u.o
__vector_54                                       /usr/lib/gcc/avr/4.6.2/../../../avr/lib/avrxmega2/crtx32a4u.o
__vector_55                                       /usr/lib/gcc/avr/4.6.2/../../../avr/lib/avrxmega2/crtx32a4u.o
__vector_56                                       /usr/lib/gcc/avr/4.6.2/../../../avr/lib/avrxmega2/crtx32a4u.o
__vector_57                                       /usr/lib/gcc/avr/4.6.2/../../../avr/lib/avrxmega2/crtx32a4u.o
__vector_58                                       /usr/lib/gcc/avr/4.6.2/../../../avr/lib/avrxmega2/crtx32a4u.o
__vector_59                                       /usr/lib/gcc/avr/4.6.2/../../../avr/lib/avrxmega2/crtx32a4u.o
__vector_6                                        /usr/lib/gcc/avr/4.6.2/../../../avr/lib/avrxmega2/crtx32a4u.o
__vector_60                                       /usr/lib/gcc/avr/4.6.2/../../../avr/lib/avrxmega2/crtx32a4u.o
__vector_61                                       /usr/lib/gcc/avr/4.6.2/../../../avr/lib/avrxmega2/crtx32a4u.o
__vector_62                                       /usr/lib/gcc/avr/4.6.2/../../../avr/lib/avrxmega2/crtx32a4u.o
__vector_63                                       /usr/lib/gcc/avr/4.6.2/../../../avr/lib/avrxmega2/crtx32a4u.o
__vector_64                                       /usr/lib/gcc/avr/4.6.2/../../../avr/lib/avrxmega2/crtx32a4u.o
__vector_65                                       /usr/lib/gcc/avr/4.6.2/../../../avr/lib/avrxmega2/crtx32a4u.o
__vector_66                                       /usr/lib/gcc/avr/4.6.2/../../../avr/lib/avrxmega2/crtx32a4u.o
__vector_67                                       /usr/lib/gcc/avr/4.6.2/../../../avr/lib/avrxmega2/crtx32a4u.o
__vector_68                                       /usr/lib/gcc/avr/4.6.2/../../../avr/lib/avrxmega2/crtx32a4u.o
__vector_69                                       /usr/lib/gcc/avr/4.6.2/../../../avr/lib/avrxmega2/crtx32a4u.o
__vector_7                                        /usr/lib/gcc/avr/4.6.2/../../../avr/lib/avrxmega2/crtx32a4u.o
__vector_70                                       /usr/lib/gcc/avr/4.6.2/../../../avr/lib/avrxmega2/crtx32a4u.o
__vector_71                                       /usr/lib/gcc/avr/4.6.2/../../../avr/lib/avrxmega2/crtx32a4u.o
__vector_72                                       /usr/lib/gcc/avr/4.6.2/../../../avr/lib/avrxmega2/crtx32a4u.o
__vector_73                                       /usr/lib/gcc/avr/4.6.2/../../../avr/lib/avrxmega2/crtx32a4u.o
__vector_74                                       /usr/lib/gcc/avr/4.6.2/../../../avr/lib/avrxmega2/crtx32a4u.o
__vector_75                                       /usr/lib/gcc/avr/4.6.2/../../../avr/lib/avrxmega2/crtx32a4u.o
__vector_76                                       /usr/lib/gcc/avr/4.6.2/../../../avr/lib/avrxmega2/crtx32a4u.o
__vector_77                                       /usr/lib/gcc/avr/4.6.2/../../../avr/lib/avrxmega2/crtx32a4u.o
__vector_78                                       /usr/lib/gcc/avr/4.6.2/../../../avr/lib/avrxmega2/crtx32a4u.o
__vector_79                                       /usr/lib/gcc/avr/4.6.2/../../../avr/lib/avrxmega2/crtx32a4u.o
__vector_8                                        /usr/lib/gcc/avr/4.6.2/../../../avr/lib/avrxmega2/crtx32a4u.o